open /proc/kmsg failed: Permission denied
--------- beginning of system
11-29 13:14:35.673 D/ConnectivityService(30117): notifyType IP_CHANGED for NetworkAgentInfo [VPN () - 400]
11-29 13:14:35.673 D/PowerManagerService(30117): to showLogHandlerThread quit!
11-29 13:14:35.683 D/NetworkManagementService(30117): hardware tether stats:NetworkStats: elapsedRealtime=1039734527
11-29 13:14:35.683 D/NetworkManagementService(30117): getNetworkStatsSummaryXt:NetworkStats: elapsedRealtime=1039734530
11-29 13:14:35.683 D/NetworkManagementService(30117):   [0] iface=tun1 uid=-1 set=ALL tag=0x0 rxBytes=378627 rxPackets=1063 txBytes=180889 txPackets=1893 operations=0
11-29 13:14:35.683 D/NetworkManagementService(30117):   [1] iface=rmnet_data0 uid=-1 set=ALL tag=0x0 rxBytes=57676291 rxPackets=107823 txBytes=20557418 txPackets=125750 operations=0
11-29 13:14:35.683 D/NetworkManagementService(30117):   [2] iface=tun0 uid=-1 set=ALL tag=0x0 rxBytes=49413796 rxPackets=50955 txBytes=4826048 txPackets=53289 operations=0
11-29 13:14:35.683 D/NetworkManagementService(30117):   [3] iface=wlan0 uid=-1 set=ALL tag=0x0 rxBytes=4053027349 rxPackets=3729465 txBytes=498168722 txPackets=2954551 operations=0
11-29 13:14:35.683 D/NetworkManagementService(30117):   [4] iface=lo uid=-1 set=ALL tag=0x0 rxBytes=164772442 rxPackets=554737 txBytes=164772442 txPackets=554737 operations=0
11-29 13:14:35.683 D/NetworkManagementService(30117): hardware tether stats:NetworkStats: elapsedRealtime=1039734531
11-29 13:14:35.683 D/NetworkManagementService(30117): getNetworkStatsSummaryDev:NetworkStats: elapsedRealtime=1039734533
11-29 13:14:35.683 D/NetworkManagementService(30117):   [0] iface=tun1 uid=-1 set=ALL tag=0x0 rxBytes=378627 rxPackets=1063 txBytes=177774 txPackets=1842 operations=0
11-29 13:14:35.683 D/NetworkManagementService(30117):   [1] iface=rmnet_data0 uid=-1 set=ALL tag=0x0 rxBytes=57676291 rxPackets=107823 txBytes=21614808 txPackets=125748 operations=0
11-29 13:14:35.683 D/NetworkManagementService(30117):   [2] iface=tun0 uid=-1 set=ALL tag=0x0 rxBytes=49413796 rxPackets=50955 txBytes=4812171 txPackets=53036 operations=0
11-29 13:14:35.683 D/NetworkManagementService(30117):   [3] iface=wlan0 uid=-1 set=ALL tag=0x0 rxBytes=4064858200 rxPackets=4069217 txBytes=540064516 txPackets=2969179 operations=0
11-29 13:14:35.683 D/NetworkManagementService(30117):   [4] iface=lo uid=-1 set=ALL tag=0x0 rxBytes=164772442 rxPackets=554737 txBytes=164772442 txPackets=554737 operations=0
11-29 13:14:35.693 D/ConnectivityService(30117): notifyType PRECHECK for NetworkAgentInfo [VPN () - 400]
11-29 13:14:35.693 D/ConnectivityService(30117): rematching NetworkAgentInfo [VPN () - 400]
11-29 13:14:35.693 D/ConnectivityService(30117): notifyType AVAILABLE for NetworkAgentInfo [VPN () - 400]
11-29 13:14:35.693 D/CSLegacyTypeTracker(30117): Sending connected broadcast for type 17 NetworkAgentInfo [VPN () - 400] isDefaultNetwork=false
11-29 13:14:35.693 D/ConnectivityService(30117): sendStickyBroadcast: action=android.net.conn.CONNECTIVITY_CHANGE_IMMEDIATE
11-29 13:14:35.693 D/ConnectivityService(30117): sendStickyBroadcast: action=android.net.conn.CONNECTIVITY_CHANGE
11-29 13:14:35.693 D/PowerManagerService(30117): to showLogHandlerThread quit!
11-29 13:14:35.703 D/ConnectivityService(30117): setProvNotificationVisibleIntent: E visible=false networkType=0 extraInfo=null
11-29 13:14:35.703 D/ConnectivityService(30117): Validated NetworkAgentInfo [VPN () - 400]
11-29 13:14:35.703 D/ConnectivityService(30117): rematching NetworkAgentInfo [VPN () - 400]
11-29 13:14:35.703 D/ConnectivityService(30117): notifyType AVAILABLE for NetworkAgentInfo [VPN () - 400]
11-29 13:14:35.703 W/AlarmManager(30117): none no open power log
11-29 13:14:35.703 E/ConnectivityService(30117): Attempting to register duplicate agent for type 17: NetworkAgentInfo{ ni{[type: VPN[], state: CONNECTED/CONNECTED, reason: (unspecified), extra: (none), roaming: false, failover: false, isAvailable: true, isConnectedToProvisioningNetwork: false]}  network{400}  lp{{InterfaceName: tun0 LinkAddresses: [10.12.142.210/32,]  Routes: [0.0.0.0/0 -> 0.0.0.0 tun0,::/0 unreachable,] DnsAddresses: [10.11.0.2,] Domains:  MTU: 0}}  nc{[ Transports: VPN Capabilities: INTERNET&NOT_RESTRICTED&TRUSTED]}  Score{0}  everValidated{true}  lastValidated{true}  created{true}  explicitlySelected{false} }
11-29 13:14:35.703 D/PowerManagerService(30117): to showLogHandlerThread quit!
11-29 13:14:35.713 E/ApplicationNetworkController(30117): get connectivityStateChange
11-29 13:14:35.713 D/StatusBar.MSimNetworkController(32128): updateConnectivity: intent=Intent { act=android.net.conn.CONNECTIVITY_CHANGE flg=0x4000010 (has extras) }
11-29 13:14:35.733 D/PowerManagerService(30117): to showLogHandlerThread quit!
11-29 13:14:35.733 D/StatusBar.MSimNetworkController(32128): updateConnectivity: networkInfo=[type: WIFI[], state: CONNECTED/CONNECTED, reason: (unspecified), extra: "数据部", roaming: false, failover: false, isAvailable: true, isConnectedToProvisioningNetwork: false]
11-29 13:14:35.733 D/StatusBar.MSimNetworkController(32128): updateConnectivity: connectionStatus=100
11-29 13:14:35.733 D/ActivityManager(30117): target_pkg = com.iflytek.inputmethod, target_process = com.iflytek.inputmethod.assist
11-29 13:14:35.733 D/ActivityManager(30117): start service caller PID =699, UID = 10412, callerPkgList = {com.iflytek.inputmethod=com.android.internal.app.ProcessStats$ProcessStateHolder@727acd2}, service_name = ComponentInfo{com.iflytek.inputmethod/com.iflytek.inputmethod.remote.assist.AssistAppService}
11-29 13:14:35.753 W/BroadcastQueue(30117): Unable to launch app com.qidian.QDReader/10437 for broadcast Intent { act=android.net.conn.CONNECTIVITY_CHANGE flg=0x4000010 (has extras) }: process is bad
11-29 13:14:35.753 W/BroadcastQueue(30117): Unable to launch app com.sdu.didi.psnger/10120 for broadcast Intent { act=android.net.conn.CONNECTIVITY_CHANGE flg=0x4000010 (has extras) }: process is bad
11-29 13:14:35.753 W/BroadcastQueue(30117): Unable to launch app com.sdu.didi.psnger/10120 for broadcast Intent { act=android.net.conn.CONNECTIVITY_CHANGE flg=0x4000010 (has extras) }: process is bad
11-29 13:14:35.763 D/PowerManagerService(30117): to showLogHandlerThread quit!
11-29 13:14:35.763 D/StatusBar.MSimNetworkController(32128): isCdma isSimCardActive:true phoneType:1mMSimState[0]READYhasService(0)=true
11-29 13:14:35.783 D/StatusBar.MSimNetworkController(32128): updateDataNetType sub = 0 mMSimDataNetType = 13mNetworktypemtklteca = -1
11-29 13:14:35.783 D/StatusBar.MSimNetworkController(32128): updateDataIcon phoneId = 0 dataSub =0
11-29 13:14:35.783 D/StatusBar.MSimNetworkController(32128): updateDataIcon when mMSimDataConnected[0] =false mMSimMobileActivityIconId[0] = 0
11-29 13:14:35.783 D/StatusBar.MSimNetworkController(32128): isCdma = false evdoLevel =0   cdmaLevel = 0  lteLevel = 4 mIsInCdmaCall = false iconLevel = 4
11-29 13:14:35.783 D/StatusBar.MSimNetworkController(32128): smoothOver-phoneId==0, signalLevel==4, lastLevel=4
11-29 13:14:35.793 D/ActivityManager(30117): target_pkg = com.android.providers.downloads, target_process = android.process.media
11-29 13:14:35.793 D/ActivityManager(30117): start service caller PID =1790, UID = 10007, callerPkgList = {com.android.providers.media=com.android.internal.app.ProcessStats$ProcessStateHolder@386feea5, com.android.providers.downloads=com.android.internal.app.ProcessStats$ProcessStateHolder@1afd127a}, service_name = ComponentInfo{com.android.providers.downloads/com.android.providers.downloads.DownloadService}
11-29 13:14:35.813 D/ActivityManager(30117): target_pkg = com.UCMobile, target_process = com.UCMobile:push
11-29 13:14:35.813 D/ActivityManager(30117): start service caller PID =10349, UID = 10096, callerPkgList = {com.UCMobile=com.android.internal.app.ProcessStats$ProcessStateHolder@14b6d43}, service_name = ComponentInfo{com.UCMobile/com.uc.base.push.dispatcher.PushHandlerService}
11-29 13:14:35.813 D/StatusBar.MSimNetworkController(32128): isCdma isSimCardActive:false phoneType:1mMSimState[1]ABSENThasService(1)=false
11-29 13:14:35.823 D/StatusBar.MSimNetworkController(32128): updateDataNetType: SUB1 is not DDS(=SUB0)!
11-29 13:14:35.823 D/StatusBar.MSimNetworkController(32128): updateDataIcon phoneId = 1 dataSub =0
11-29 13:14:35.823 D/StatusBar.MSimNetworkController(32128): updateDataIconi: phoneId1 is not DDS.  Clear the mMSimDataConnected Flag and return
11-29 13:14:35.823 D/StatusBar.MSimNetworkController(32128): smoothOver No service on phoneId==1
11-29 13:14:35.823 D/StatusBar.MSimNetworkController(32128): refreshViews connected={ wifi } level=4 mMSimcombinedSignalIconId=0x7f0201c4/com.android.systemui:drawable/stat_sys_wifi_signal_png_4_fully mMSimcombinedActivityIconId=0x7f0201be mAirplaneMode=false mMSimDataActivity=0 mMSimPhoneSignalIconId=0x7f0201b1/com.android.systemui:drawable/stat_sys_signal_4 mMSimDataDirectionIconId=0x0 mMSimDataSignalIconId=0x7f0201b1 mMSimDataTypeIconId=0x0/(null) mNoMSimIconId=0x0/(null) mMSimMobileActivityIconId=0x0/(null) mWifiIconId=0x7f0201c4 mBluetoothTetherIconId=0x108069f
11-29 13:14:35.873 D/ActivityManager(30117): target_pkg = com.UCMobile, target_process = com.UCMobile:push
11-29 13:14:35.873 D/ActivityManager(30117): start service caller PID =10607, UID = 10096, callerPkgList = {com.UCMobile=com.android.internal.app.ProcessStats$ProcessStateHolder@c40350c}, service_name = ComponentInfo{com.UCMobile/com.uc.base.push.dispatcher.PushHandlerService}
11-29 13:14:35.873 D/ActivityManager(30117): target_pkg = com.UCMobile, target_process = com.UCMobile:push
11-29 13:14:35.873 D/ActivityManager(30117): start service caller PID =10607, UID = 10096, callerPkgList = {com.UCMobile=com.android.internal.app.ProcessStats$ProcessStateHolder@c40350c}, service_name = ComponentInfo{com.UCMobile/com.uc.base.push.dispatcher.PushHandlerService}
11-29 13:14:35.883 D/ActivityManager(30117): target_pkg = com.UCMobile, target_process = com.UCMobile:push
11-29 13:14:35.883 D/ActivityManager(30117): start service caller PID =10607, UID = 10096, callerPkgList = {com.UCMobile=com.android.internal.app.ProcessStats$ProcessStateHolder@c40350c}, service_name = ComponentInfo{com.UCMobile/com.uc.base.push.dispatcher.PushHandlerService}
11-29 13:14:35.893 D/ActivityManager(30117): target_pkg = cn.nubia.woodpecker, target_process = cn.nubia.woodpecker:background
11-29 13:14:35.893 D/ActivityManager(30117): start service caller PID =1854, UID = 10062, callerPkgList = {cn.nubia.woodpecker=com.android.internal.app.ProcessStats$ProcessStateHolder@3120a977}, service_name = ComponentInfo{cn.nubia.woodpecker/cn.nubia.woodpecker.transaction.TransactionService}
11-29 13:14:35.903 E/ActivityThread(11714): Failed to find provider info for com.google.settings
11-29 13:14:35.913 W/ContextImpl(15554): Calling a method in the system process without a qualified user: android.app.ContextImpl.stopService:1768 android.content.ContextWrapper.stopService:521 cn.nubia.security.settings.wifipush.NetworkReceiverObserver.c:92 cn.nubia.security.settings.wifipush.NetworkReceiverObserver.onReceive:60 android.app.LoadedApk$ReceiverDispatcher$Args.run:892 
11-29 13:14:35.933 W/ContextImpl(29796): Calling a method in the system process without a qualified user: android.app.ContextImpl.startService:1762 android.content.ContextWrapper.startService:516 android.content.ContextWrapper.startService:516 cn.nubia.dataregister.app.EventReceiver.startRegisterService:72 cn.nubia.dataregister.app.EventReceiver.onReceive:53 
11-29 13:14:35.943 D/ConnectivityService(30117): listenForNetwork for NetworkRequest [ id=1280, legacyType=-1, [ Capabilities: INTERNET&NOT_RESTRICTED&TRUSTED&NOT_VPN] ]
11-29 13:14:35.943 D/ActivityManager(30117): target_pkg = cn.nubia.dataregister, target_process = cn.nubia.dataregister
11-29 13:14:35.943 D/ConnectivityService(30117): handleRegisterNetworkRequest checking NetworkAgentInfo [WIFI () - 396]
11-29 13:14:35.943 D/ActivityManager(30117): start service caller PID =29796, UID = 1000, callerPkgList = {cn.nubia.dataregister=com.android.internal.app.ProcessStats$ProcessStateHolder@b812e4d}, service_name = ComponentInfo{cn.nubia.dataregister/cn.nubia.dataregister.app.DataRegisterService}
11-29 13:14:35.943 D/ConnectivityService(30117): apparently satisfied.  currentScore=100
11-29 13:14:35.943 D/ConnectivityService(30117): handleRegisterNetworkRequest checking NetworkAgentInfo [VPN () - 400]
11-29 13:14:35.953 D/ActivityManager(30117): target_pkg = cn.nubia.jobdispatcher, target_process = cn.nubia.jobdispatcher
11-29 13:14:35.953 D/ActivityManager(30117): start service caller PID =30807, UID = 10031, callerPkgList = {cn.nubia.jobdispatcher=com.android.internal.app.ProcessStats$ProcessStateHolder@3b8589ba}, service_name = ComponentInfo{cn.nubia.jobdispatcher/cn.nubia.jobdispatcher.service.DispatcherService}
11-29 13:14:35.963 I/ActivityManager(30117): Start proc 11869:com.vlife.nubia.wallpaper:main/u0a115 for broadcast com.vlife.nubia.wallpaper/com.vlife.NReceiver
11-29 13:14:36.013 W/ActivityManager(30117): getRunningAppProcesses: caller 10115 does not hold REAL_GET_TASKS; limiting output
11-29 13:14:36.093 W/ActivityManager(30117): getRunningAppProcesses: caller 10115 does not hold REAL_GET_TASKS; limiting output
11-29 13:14:36.193 D/ConnectivityService(30117): listenForNetwork for NetworkRequest [ id=1281, legacyType=-1, [ Capabilities: INTERNET&NOT_RESTRICTED&TRUSTED&NOT_VPN] ]
11-29 13:14:36.193 D/ConnectivityService(30117): handleRegisterNetworkRequest checking NetworkAgentInfo [WIFI () - 396]
11-29 13:14:36.193 D/ConnectivityService(30117): apparently satisfied.  currentScore=100
11-29 13:14:36.193 D/ConnectivityService(30117): handleRegisterNetworkRequest checking NetworkAgentInfo [VPN () - 400]
11-29 13:14:36.253 D/PowerManagerService(30117): to showLogHandlerThread quit!
11-29 13:14:36.323 D/ActivityManager(30117): target_pkg = com.UCMobile, target_process = com.UCMobile:channel
11-29 13:14:36.323 D/ActivityManager(30117): start service caller PID =10858, UID = 10096, callerPkgList = {com.UCMobile=com.android.internal.app.ProcessStats$ProcessStateHolder@1ef74e92}, service_name = ComponentInfo{com.UCMobile/com.taobao.accs.ChannelService}
11-29 13:14:36.333 D/ActivityManager(30117): target_pkg = com.UCMobile, target_process = com.UCMobile:channel
11-29 13:14:36.333 D/ActivityManager(30117): start service caller PID =10858, UID = 10096, callerPkgList = {com.UCMobile=com.android.internal.app.ProcessStats$ProcessStateHolder@1ef74e92}, service_name = ComponentInfo{com.UCMobile/com.uc.base.push.accs.AccsPushIntentService}
11-29 13:14:36.343 W/BroadcastQueue(30117): Unable to launch app com.gf.client/10118 for broadcast Intent { act=android.net.conn.CONNECTIVITY_CHANGE flg=0x4000010 (has extras) }: process is bad
11-29 13:14:36.343 W/BroadcastQueue(30117): Unable to launch app com.gf.client/10118 for broadcast Intent { act=android.net.conn.CONNECTIVITY_CHANGE flg=0x4000010 (has extras) }: process is bad
11-29 13:14:36.343 W/BroadcastQueue(30117): Unable to launch app com.qihoo.srouter.n300/10129 for broadcast Intent { act=android.net.conn.CONNECTIVITY_CHANGE flg=0x4000010 (has extras) }: process is bad
11-29 13:14:36.343 W/BroadcastQueue(30117): Unable to launch app com.qihoo.srouter.n300/10129 for broadcast Intent { act=android.net.conn.CONNECTIVITY_CHANGE flg=0x4000010 (has extras) }: process is bad
11-29 13:14:36.343 W/BroadcastQueue(30117): Unable to launch app com.qihoo.srouter.n300/10129 for broadcast Intent { act=android.net.conn.CONNECTIVITY_CHANGE flg=0x4000010 (has extras) }: process is bad
11-29 13:14:36.343 D/ActivityManager(30117): target_pkg = com.iflytek.inputmethod, target_process = com.iflytek.inputmethod.assist
11-29 13:14:36.343 D/ActivityManager(30117): start service caller PID =699, UID = 10412, callerPkgList = {com.iflytek.inputmethod=com.android.internal.app.ProcessStats$ProcessStateHolder@727acd2}, service_name = ComponentInfo{com.iflytek.inputmethod/com.iflytek.inputmethod.remote.assist.AssistAppService}
11-29 13:14:36.343 W/AlarmManager(30117): none no open power log
11-29 13:14:36.353 D/ActivityManager(30117): target_pkg = cn.etouch.ecalendar, target_process = cn.etouch.ecalendar:remote
11-29 13:14:36.353 D/ActivityManager(30117): start service caller PID =5973, UID = 10101, callerPkgList = {cn.etouch.ecalendar=com.android.internal.app.ProcessStats$ProcessStateHolder@2c4d48c}, service_name = ComponentInfo{cn.etouch.ecalendar/cn.etouch.ecalendar.service.MyService}
11-29 13:14:36.353 W/BroadcastQueue(30117): Unable to launch app com.dianping.v1/10188 for broadcast Intent { act=android.net.conn.CONNECTIVITY_CHANGE flg=0x4000010 (has extras) }: process is bad
11-29 13:14:36.363 D/ActivityManager(30117): target_pkg = com.tencent.mm, target_process = com.tencent.mm:push
11-29 13:14:36.363 D/ActivityManager(30117): start service caller PID =13483, UID = 10098, callerPkgList = {com.tencent.mm=com.android.internal.app.ProcessStats$ProcessStateHolder@1645f857}, service_name = ComponentInfo{com.tencent.mm/com.tencent.mm.booter.CoreService}
11-29 13:14:36.403 W/BroadcastQueue(30117): Unable to launch app com.baidu.searchbox/10179 for broadcast Intent { act=android.net.conn.CONNECTIVITY_CHANGE flg=0x4000010 (has extras) }: process is bad
11-29 13:14:36.403 W/BroadcastQueue(30117): Unable to launch app com.baidu.searchbox/10179 for broadcast Intent { act=android.net.conn.CONNECTIVITY_CHANGE flg=0x4000010 (has extras) }: process is bad
11-29 13:14:36.403 W/BroadcastQueue(30117): Unable to launch app cmb.pb/10095 for broadcast Intent { act=android.net.conn.CONNECTIVITY_CHANGE flg=0x4000010 (has extras) }: process is bad
11-29 13:14:36.403 W/BroadcastQueue(30117): Unable to launch app cmb.pb/10095 for broadcast Intent { act=android.net.conn.CONNECTIVITY_CHANGE flg=0x4000010 (has extras) }: process is bad
11-29 13:14:36.413 W/AlarmManager(30117): none no open power log
11-29 13:14:36.553 W/AlarmManager(30117): none no open power log
11-29 13:14:36.723 D/StatusBar.MSimNetworkController(32128): onSignalStrengthsChanged received on phoneId :0 subid: 2signalStrength=SignalStrength: 99 0 -120 -160 -120 -1 -1 29 -85 -7 -184 2147483647 2147483647 gsm|lte level=4
11-29 13:14:36.983 W/ContextImpl( 3887): Calling a method in the system process without a qualified user: android.app.ContextImpl.startService:1762 android.content.ContextWrapper.startService:516 cn.nubia.neopush.service.NeoPushService.c:2639 cn.nubia.neopush.service.NeoPushService.a:2390 cn.nubia.neopush.service.NeoPushService.b:84 
11-29 13:14:36.983 D/ActivityManager(30117): target_pkg = cn.nubia.neopush, target_process = cn.nubia.neopush
11-29 13:14:36.983 D/ActivityManager(30117): start service caller PID =3887, UID = 1000, callerPkgList = {cn.nubia.neopush=com.android.internal.app.ProcessStats$ProcessStateHolder@396364cf}, service_name = ComponentInfo{cn.nubia.neopush/cn.nubia.neopush.service.NeoPushService}
11-29 13:14:36.993 W/ContextImpl( 3887): Calling a method in the system process without a qualified user: android.app.ContextImpl.startService:1762 android.content.ContextWrapper.startService:516 cn.nubia.neopush.service.NeoPushService.e:2661 cn.nubia.neopush.service.NeoPushService.a:2404 cn.nubia.neopush.service.NeoPushService.b:84 
11-29 13:14:36.993 D/ActivityManager(30117): target_pkg = cn.nubia.neopush, target_process = cn.nubia.neopush
11-29 13:14:36.993 D/ActivityManager(30117): start service caller PID =3887, UID = 1000, callerPkgList = {cn.nubia.neopush=com.android.internal.app.ProcessStats$ProcessStateHolder@396364cf}, service_name = ComponentInfo{cn.nubia.neopush/cn.nubia.neopush.service.NeoPushService}
11-29 13:14:37.993 D/StatusBar.MSimNetworkController(32128): onSignalStrengthsChanged received on phoneId :0 subid: 2signalStrength=SignalStrength: 99 0 -120 -160 -120 -1 -1 29 -85 -7 -184 2147483647 2147483647 gsm|lte level=4
11-29 13:14:38.533 D/StatusBar.MSimNetworkController(32128): refreshViews connected={ wifi } level=4 mMSimcombinedSignalIconId=0x7f0201c4/com.android.systemui:drawable/stat_sys_wifi_signal_png_4_fully mMSimcombinedActivityIconId=0x0 mAirplaneMode=false mMSimDataActivity=0 mMSimPhoneSignalIconId=0x7f0201b1/com.android.systemui:drawable/stat_sys_signal_4 mMSimDataDirectionIconId=0x0 mMSimDataSignalIconId=0x7f0201b1 mMSimDataTypeIconId=0x0/(null) mNoMSimIconId=0x0/(null) mMSimMobileActivityIconId=0x0/(null) mWifiIconId=0x7f0201c4 mBluetoothTetherIconId=0x108069f
11-29 13:14:38.733 W/ActivityManager(30117): getRunningAppProcesses: caller 10115 does not hold REAL_GET_TASKS; limiting output
11-29 13:14:38.853 D/ActivityManager(30117): target_pkg = com.vlife.nubia.wallpaper, target_process = com.vlife.nubia.wallpaper:main
11-29 13:14:38.853 D/ActivityManager(30117): start service caller PID =11869, UID = 10115, callerPkgList = {com.vlife.nubia.wallpaper=com.android.internal.app.ProcessStats$ProcessStateHolder@17f16ee4}, service_name = ComponentInfo{com.vlife.nubia.wallpaper/com.vlife.TService}
11-29 13:14:38.933 W/AlarmManager(30117): none no open power log
11-29 13:14:39.043 W/ActivityManager(30117): getRunningAppProcesses: caller 10115 does not hold REAL_GET_TASKS; limiting output
11-29 13:14:39.263 D/StatusBar.MSimNetworkController(32128): onSignalStrengthsChanged received on phoneId :0 subid: 2signalStrength=SignalStrength: 99 0 -120 -160 -120 -1 -1 29 -85 -7 -184 2147483647 2147483647 gsm|lte level=4
11-29 13:14:39.533 D/StatusBar.MSimNetworkController(32128): refreshViews connected={ wifi } level=4 mMSimcombinedSignalIconId=0x7f0201c4/com.android.systemui:drawable/stat_sys_wifi_signal_png_4_fully mMSimcombinedActivityIconId=0x7f0201be mAirplaneMode=false mMSimDataActivity=0 mMSimPhoneSignalIconId=0x7f0201b1/com.android.systemui:drawable/stat_sys_signal_4 mMSimDataDirectionIconId=0x0 mMSimDataSignalIconId=0x7f0201b1 mMSimDataTypeIconId=0x0/(null) mNoMSimIconId=0x0/(null) mMSimMobileActivityIconId=0x0/(null) mWifiIconId=0x7f0201c4 mBluetoothTetherIconId=0x108069f
11-29 13:14:41.193 D/StatusBar.MSimNetworkController(32128): onSignalStrengthsChanged received on phoneId :0 subid: 2signalStrength=SignalStrength: 99 0 -120 -160 -120 -1 -1 29 -85 -7 -184 2147483647 2147483647 gsm|lte level=4
11-29 13:14:41.823 D/StatusBar.MSimNetworkController(32128): onSignalStrengthsChanged received on phoneId :0 subid: 2signalStrength=SignalStrength: 99 0 -120 -160 -120 -1 -1 29 -85 -7 -184 2147483647 2147483647 gsm|lte level=4
11-29 13:14:42.713 W/ActivityManager(30117): getRunningAppProcesses: caller 10114 does not hold REAL_GET_TASKS; limiting output
11-29 13:14:44.393 D/StatusBar.MSimNetworkController(32128): onSignalStrengthsChanged received on phoneId :0 subid: 2signalStrength=SignalStrength: 99 0 -120 -160 -120 -1 -1 29 -85 -7 -184 2147483647 2147483647 gsm|lte level=4
11-29 13:14:44.393 D/StatusBar.MSimNetworkController(32128): onSignalStrengthsChanged received on phoneId :0 subid: 2signalStrength=SignalStrength: 99 0 -120 -160 -120 -1 -1 29 -85 -7 -184 2147483647 2147483647 gsm|lte level=4
11-29 13:14:45.493 W/ActivityManager(30117): getRunningAppProcesses: caller 10098 does not hold REAL_GET_TASKS; limiting output
11-29 13:14:45.543 D/StatusBar.MSimNetworkController(32128): refreshViews connected={ wifi } level=4 mMSimcombinedSignalIconId=0x7f0201c4/com.android.systemui:drawable/stat_sys_wifi_signal_png_4_fully mMSimcombinedActivityIconId=0x0 mAirplaneMode=false mMSimDataActivity=0 mMSimPhoneSignalIconId=0x7f0201b1/com.android.systemui:drawable/stat_sys_signal_4 mMSimDataDirectionIconId=0x0 mMSimDataSignalIconId=0x7f0201b1 mMSimDataTypeIconId=0x0/(null) mNoMSimIconId=0x0/(null) mMSimMobileActivityIconId=0x0/(null) mWifiIconId=0x7f0201c4 mBluetoothTetherIconId=0x108069f
11-29 13:14:45.903 D/ActivityManager(30117): target_pkg = com.UCMobile, target_process = com.UCMobile:channel
11-29 13:14:45.903 D/ActivityManager(30117): start service caller PID =10607, UID = 10096, callerPkgList = {com.UCMobile=com.android.internal.app.ProcessStats$ProcessStateHolder@c40350c}, service_name = ComponentInfo{com.UCMobile/com.taobao.accs.ChannelService}
11-29 13:14:45.913 D/ActivityManager(30117): target_pkg = com.UCMobile, target_process = com.UCMobile:channel
11-29 13:14:45.913 D/ActivityManager(30117): start service caller PID =10607, UID = 10096, callerPkgList = {com.UCMobile=com.android.internal.app.ProcessStats$ProcessStateHolder@c40350c}, service_name = ComponentInfo{com.UCMobile/com.uc.base.push.accs.AccsPushIntentService}
11-29 13:14:46.543 D/StatusBar.MSimNetworkController(32128): refreshViews connected={ wifi } level=4 mMSimcombinedSignalIconId=0x7f0201c4/com.android.systemui:drawable/stat_sys_wifi_signal_png_4_fully mMSimcombinedActivityIconId=0x7f0201be mAirplaneMode=false mMSimDataActivity=0 mMSimPhoneSignalIconId=0x7f0201b1/com.android.systemui:drawable/stat_sys_signal_4 mMSimDataDirectionIconId=0x0 mMSimDataSignalIconId=0x7f0201b1 mMSimDataTypeIconId=0x0/(null) mNoMSimIconId=0x0/(null) mMSimMobileActivityIconId=0x0/(null) mWifiIconId=0x7f0201c4 mBluetoothTetherIconId=0x108069f
11-29 13:14:46.943 D/StatusBar.MSimNetworkController(32128): onSignalStrengthsChanged received on phoneId :0 subid: 2signalStrength=SignalStrength: 99 0 -120 -160 -120 -1 -1 29 -85 -7 -184 2147483647 2147483647 gsm|lte level=4
11-29 13:14:48.553 D/StatusBar.MSimNetworkController(32128): refreshViews connected={ wifi } level=4 mMSimcombinedSignalIconId=0x7f0201c4/com.android.systemui:drawable/stat_sys_wifi_signal_png_4_fully mMSimcombinedActivityIconId=0x0 mAirplaneMode=false mMSimDataActivity=0 mMSimPhoneSignalIconId=0x7f0201b1/com.android.systemui:drawable/stat_sys_signal_4 mMSimDataDirectionIconId=0x0 mMSimDataSignalIconId=0x7f0201b1 mMSimDataTypeIconId=0x0/(null) mNoMSimIconId=0x0/(null) mMSimMobileActivityIconId=0x0/(null) mWifiIconId=0x7f0201c4 mBluetoothTetherIconId=0x108069f
11-29 13:14:48.873 D/StatusBar.MSimNetworkController(32128): onSignalStrengthsChanged received on phoneId :0 subid: 2signalStrength=SignalStrength: 99 0 -120 -160 -120 -1 -1 29 -85 -8 -184 2147483647 2147483647 gsm|lte level=4
11-29 13:14:49.523 D/StatusBar.MSimNetworkController(32128): onSignalStrengthsChanged received on phoneId :0 subid: 2signalStrength=SignalStrength: 99 0 -120 -160 -120 -1 -1 29 -85 -8 -184 2147483647 2147483647 gsm|lte level=4
11-29 13:14:49.553 D/StatusBar.MSimNetworkController(32128): refreshViews connected={ wifi } level=4 mMSimcombinedSignalIconId=0x7f0201c4/com.android.systemui:drawable/stat_sys_wifi_signal_png_4_fully mMSimcombinedActivityIconId=0x7f0201bf mAirplaneMode=false mMSimDataActivity=0 mMSimPhoneSignalIconId=0x7f0201b1/com.android.systemui:drawable/stat_sys_signal_4 mMSimDataDirectionIconId=0x0 mMSimDataSignalIconId=0x7f0201b1 mMSimDataTypeIconId=0x0/(null) mNoMSimIconId=0x0/(null) mMSimMobileActivityIconId=0x0/(null) mWifiIconId=0x7f0201c4 mBluetoothTetherIconId=0x108069f
11-29 13:14:50.563 D/StatusBar.MSimNetworkController(32128): refreshViews connected={ wifi } level=4 mMSimcombinedSignalIconId=0x7f0201c4/com.android.systemui:drawable/stat_sys_wifi_signal_png_4_fully mMSimcombinedActivityIconId=0x7f0201bd mAirplaneMode=false mMSimDataActivity=0 mMSimPhoneSignalIconId=0x7f0201b1/com.android.systemui:drawable/stat_sys_signal_4 mMSimDataDirectionIconId=0x0 mMSimDataSignalIconId=0x7f0201b1 mMSimDataTypeIconId=0x0/(null) mNoMSimIconId=0x0/(null) mMSimMobileActivityIconId=0x0/(null) mWifiIconId=0x7f0201c4 mBluetoothTetherIconId=0x108069f
11-29 13:14:50.943 I/ActivityManager(30117): Waited long enough for: ServiceRecord{15d8a66d u0 cn.nubia.dataregister/.app.DataRegisterService}
11-29 13:14:51.563 D/StatusBar.MSimNetworkController(32128): refreshViews connected={ wifi } level=4 mMSimcombinedSignalIconId=0x7f0201c4/com.android.systemui:drawable/stat_sys_wifi_signal_png_4_fully mMSimcombinedActivityIconId=0x7f0201be mAirplaneMode=false mMSimDataActivity=0 mMSimPhoneSignalIconId=0x7f0201b1/com.android.systemui:drawable/stat_sys_signal_4 mMSimDataDirectionIconId=0x0 mMSimDataSignalIconId=0x7f0201b1 mMSimDataTypeIconId=0x0/(null) mNoMSimIconId=0x0/(null) mMSimMobileActivityIconId=0x0/(null) mWifiIconId=0x7f0201c4 mBluetoothTetherIconId=0x108069f
11-29 13:14:52.063 D/StatusBar.MSimNetworkController(32128): onSignalStrengthsChanged received on phoneId :0 subid: 2signalStrength=SignalStrength: 99 0 -120 -160 -120 -1 -1 29 -85 -7 -184 2147483647 2147483647 gsm|lte level=4
11-29 13:14:52.703 D/StatusBar.MSimNetworkController(32128): onSignalStrengthsChanged received on phoneId :0 subid: 2signalStrength=SignalStrength: 99 0 -120 -160 -120 -1 -1 29 -85 -7 -184 2147483647 2147483647 gsm|lte level=4
11-29 13:14:53.563 D/StatusBar.MSimNetworkController(32128): refreshViews connected={ wifi } level=4 mMSimcombinedSignalIconId=0x7f0201c4/com.android.systemui:drawable/stat_sys_wifi_signal_png_4_fully mMSimcombinedActivityIconId=0x7f0201bf mAirplaneMode=false mMSimDataActivity=0 mMSimPhoneSignalIconId=0x7f0201b1/com.android.systemui:drawable/stat_sys_signal_4 mMSimDataDirectionIconId=0x0 mMSimDataSignalIconId=0x7f0201b1 mMSimDataTypeIconId=0x0/(null) mNoMSimIconId=0x0/(null) mMSimMobileActivityIconId=0x0/(null) mWifiIconId=0x7f0201c4 mBluetoothTetherIconId=0x108069f
11-29 13:14:53.853 I/ActivityManager(30117): Waited long enough for: ServiceRecord{29eddf4d u0 com.vlife.nubia.wallpaper/com.vlife.TService}
11-29 13:14:54.573 D/StatusBar.MSimNetworkController(32128): refreshViews connected={ wifi } level=4 mMSimcombinedSignalIconId=0x7f0201c4/com.android.systemui:drawable/stat_sys_wifi_signal_png_4_fully mMSimcombinedActivityIconId=0x7f0201be mAirplaneMode=false mMSimDataActivity=0 mMSimPhoneSignalIconId=0x7f0201b1/com.android.systemui:drawable/stat_sys_signal_4 mMSimDataDirectionIconId=0x0 mMSimDataSignalIconId=0x7f0201b1 mMSimDataTypeIconId=0x0/(null) mNoMSimIconId=0x0/(null) mMSimMobileActivityIconId=0x0/(null) mWifiIconId=0x7f0201c4 mBluetoothTetherIconId=0x108069f
11-29 13:14:54.633 D/StatusBar.MSimNetworkController(32128): onSignalStrengthsChanged received on phoneId :0 subid: 2signalStrength=SignalStrength: 99 0 -120 -160 -120 -1 -1 29 -85 -8 -184 2147483647 2147483647 gsm|lte level=4
11-29 13:14:55.573 D/StatusBar.MSimNetworkController(32128): refreshViews connected={ wifi } level=4 mMSimcombinedSignalIconId=0x7f0201c4/com.android.systemui:drawable/stat_sys_wifi_signal_png_4_fully mMSimcombinedActivityIconId=0x7f0201bf mAirplaneMode=false mMSimDataActivity=0 mMSimPhoneSignalIconId=0x7f0201b1/com.android.systemui:drawable/stat_sys_signal_4 mMSimDataDirectionIconId=0x0 mMSimDataSignalIconId=0x7f0201b1 mMSimDataTypeIconId=0x0/(null) mNoMSimIconId=0x0/(null) mMSimMobileActivityIconId=0x0/(null) mWifiIconId=0x7f0201c4 mBluetoothTetherIconId=0x108069f
11-29 13:14:55.923 D/StatusBar.MSimNetworkController(32128): onSignalStrengthsChanged received on phoneId :0 subid: 2signalStrength=SignalStrength: 99 0 -120 -160 -120 -1 -1 29 -85 -8 -184 2147483647 2147483647 gsm|lte level=4
11-29 13:14:56.573 D/StatusBar.MSimNetworkController(32128): refreshViews connected={ wifi } level=4 mMSimcombinedSignalIconId=0x7f0201c4/com.android.systemui:drawable/stat_sys_wifi_signal_png_4_fully mMSimcombinedActivityIconId=0x7f0201be mAirplaneMode=false mMSimDataActivity=0 mMSimPhoneSignalIconId=0x7f0201b1/com.android.systemui:drawable/stat_sys_signal_4 mMSimDataDirectionIconId=0x0 mMSimDataSignalIconId=0x7f0201b1 mMSimDataTypeIconId=0x0/(null) mNoMSimIconId=0x0/(null) mMSimMobileActivityIconId=0x0/(null) mWifiIconId=0x7f0201c4 mBluetoothTetherIconId=0x108069f
11-29 13:14:56.773 D/PowerManagerService(30117): to showLogHandlerThread quit!
11-29 13:14:56.773 D/PowerManagerService(30117): to showLogHandlerThread quit!
11-29 13:14:56.773 D/PowerManagerService(30117): to showLogHandlerThread quit!
11-29 13:14:56.773 D/PowerManagerService(30117): to showLogHandlerThread quit!
11-29 13:14:56.773 D/PowerManagerService(30117): to showLogHandlerThread quit!
11-29 13:14:56.783 D/PowerManagerService(30117): to showLogHandlerThread quit!
11-29 13:14:57.183 D/StatusBar.MSimNetworkController(32128): onSignalStrengthsChanged received on phoneId :0 subid: 2signalStrength=SignalStrength: 99 0 -120 -160 -120 -1 -1 29 -85 -6 -184 2147483647 2147483647 gsm|lte level=4
11-29 13:14:57.583 D/StatusBar.MSimNetworkController(32128): refreshViews connected={ wifi } level=4 mMSimcombinedSignalIconId=0x7f0201c4/com.android.systemui:drawable/stat_sys_wifi_signal_png_4_fully mMSimcombinedActivityIconId=0x7f0201bf mAirplaneMode=false mMSimDataActivity=0 mMSimPhoneSignalIconId=0x7f0201b1/com.android.systemui:drawable/stat_sys_signal_4 mMSimDataDirectionIconId=0x0 mMSimDataSignalIconId=0x7f0201b1 mMSimDataTypeIconId=0x0/(null) mNoMSimIconId=0x0/(null) mMSimMobileActivityIconId=0x0/(null) mWifiIconId=0x7f0201c4 mBluetoothTetherIconId=0x108069f
11-29 13:14:58.583 D/StatusBar.MSimNetworkController(32128): refreshViews connected={ wifi } level=4 mMSimcombinedSignalIconId=0x7f0201c4/com.android.systemui:drawable/stat_sys_wifi_signal_png_4_fully mMSimcombinedActivityIconId=0x7f0201be mAirplaneMode=false mMSimDataActivity=0 mMSimPhoneSignalIconId=0x7f0201b1/com.android.systemui:drawable/stat_sys_signal_4 mMSimDataDirectionIconId=0x0 mMSimDataSignalIconId=0x7f0201b1 mMSimDataTypeIconId=0x0/(null) mNoMSimIconId=0x0/(null) mMSimMobileActivityIconId=0x0/(null) mWifiIconId=0x7f0201c4 mBluetoothTetherIconId=0x108069f
11-29 13:14:59.103 D/StatusBar.MSimNetworkController(32128): onSignalStrengthsChanged received on phoneId :0 subid: 2signalStrength=SignalStrength: 99 0 -120 -160 -120 -1 -1 29 -85 -6 -184 2147483647 2147483647 gsm|lte level=4
11-29 13:14:59.583 D/StatusBar.MSimNetworkController(32128): refreshViews connected={ wifi } level=4 mMSimcombinedSignalIconId=0x7f0201c4/com.android.systemui:drawable/stat_sys_wifi_signal_png_4_fully mMSimcombinedActivityIconId=0x0 mAirplaneMode=false mMSimDataActivity=0 mMSimPhoneSignalIconId=0x7f0201b1/com.android.systemui:drawable/stat_sys_signal_4 mMSimDataDirectionIconId=0x0 mMSimDataSignalIconId=0x7f0201b1 mMSimDataTypeIconId=0x0/(null) mNoMSimIconId=0x0/(null) mMSimMobileActivityIconId=0x0/(null) mWifiIconId=0x7f0201c4 mBluetoothTetherIconId=0x108069f
11-29 13:14:59.743 D/StatusBar.MSimNetworkController(32128): onSignalStrengthsChanged received on phoneId :0 subid: 2signalStrength=SignalStrength: 99 0 -120 -160 -120 -1 -1 31 -85 -9 -184 2147483647 2147483647 gsm|lte level=4
11-29 13:14:59.993 D/PowerManagerService(30117): to showLogHandlerThread quit!
11-29 13:14:59.993 W/AlarmManager(30117): none no open power log
11-29 13:15:00.083 D/ActivityManager(30117): target_pkg = cn.etouch.ecalendar, target_process = cn.etouch.ecalendar
11-29 13:15:00.083 D/ActivityManager(30117): start service caller PID =5973, UID = 10101, callerPkgList = {cn.etouch.ecalendar=com.android.internal.app.ProcessStats$ProcessStateHolder@2c4d48c}, service_name = ComponentInfo{cn.etouch.ecalendar/cn.etouch.ecalendar.service.NotificationService}
11-29 13:15:00.593 D/StatusBar.MSimNetworkController(32128): refreshViews connected={ wifi } level=4 mMSimcombinedSignalIconId=0x7f0201c4/com.android.systemui:drawable/stat_sys_wifi_signal_png_4_fully mMSimcombinedActivityIconId=0x7f0201be mAirplaneMode=false mMSimDataActivity=0 mMSimPhoneSignalIconId=0x7f0201b1/com.android.systemui:drawable/stat_sys_signal_4 mMSimDataDirectionIconId=0x0 mMSimDataSignalIconId=0x7f0201b1 mMSimDataTypeIconId=0x0/(null) mNoMSimIconId=0x0/(null) mMSimMobileActivityIconId=0x0/(null) mWifiIconId=0x7f0201c4 mBluetoothTetherIconId=0x108069f
11-29 13:15:02.313 D/StatusBar.MSimNetworkController(32128): onSignalStrengthsChanged received on phoneId :0 subid: 2signalStrength=SignalStrength: 99 0 -120 -160 -120 -1 -1 31 -85 -9 -184 2147483647 2147483647 gsm|lte level=4
11-29 13:15:02.313 D/StatusBar.MSimNetworkController(32128): onSignalStrengthsChanged received on phoneId :0 subid: 2signalStrength=SignalStrength: 99 0 -120 -160 -120 -1 -1 31 -85 -9 -184 2147483647 2147483647 gsm|lte level=4
11-29 13:15:02.593 D/StatusBar.MSimNetworkController(32128): refreshViews connected={ wifi } level=4 mMSimcombinedSignalIconId=0x7f0201c4/com.android.systemui:drawable/stat_sys_wifi_signal_png_4_fully mMSimcombinedActivityIconId=0x7f0201bf mAirplaneMode=false mMSimDataActivity=0 mMSimPhoneSignalIconId=0x7f0201b1/com.android.systemui:drawable/stat_sys_signal_4 mMSimDataDirectionIconId=0x0 mMSimDataSignalIconId=0x7f0201b1 mMSimDataTypeIconId=0x0/(null) mNoMSimIconId=0x0/(null) mMSimMobileActivityIconId=0x0/(null) mWifiIconId=0x7f0201c4 mBluetoothTetherIconId=0x108069f
11-29 13:15:03.363 W/ActivityManager(30117): getRunningAppProcesses: caller 10115 does not hold REAL_GET_TASKS; limiting output
11-29 13:15:03.603 D/StatusBar.MSimNetworkController(32128): refreshViews connected={ wifi } level=4 mMSimcombinedSignalIconId=0x7f0201c4/com.android.systemui:drawable/stat_sys_wifi_signal_png_4_fully mMSimcombinedActivityIconId=0x0 mAirplaneMode=false mMSimDataActivity=0 mMSimPhoneSignalIconId=0x7f0201b1/com.android.systemui:drawable/stat_sys_signal_4 mMSimDataDirectionIconId=0x0 mMSimDataSignalIconId=0x7f0201b1 mMSimDataTypeIconId=0x0/(null) mNoMSimIconId=0x0/(null) mMSimMobileActivityIconId=0x0/(null) mWifiIconId=0x7f0201c4 mBluetoothTetherIconId=0x108069f
11-29 13:15:04.603 D/StatusBar.MSimNetworkController(32128): refreshViews connected={ wifi } level=4 mMSimcombinedSignalIconId=0x7f0201c4/com.android.systemui:drawable/stat_sys_wifi_signal_png_4_fully mMSimcombinedActivityIconId=0x7f0201be mAirplaneMode=false mMSimDataActivity=0 mMSimPhoneSignalIconId=0x7f0201b1/com.android.systemui:drawable/stat_sys_signal_4 mMSimDataDirectionIconId=0x0 mMSimDataSignalIconId=0x7f0201b1 mMSimDataTypeIconId=0x0/(null) mNoMSimIconId=0x0/(null) mMSimMobileActivityIconId=0x0/(null) mWifiIconId=0x7f0201c4 mBluetoothTetherIconId=0x108069f
11-29 13:15:04.863 D/StatusBar.MSimNetworkController(32128): onSignalStrengthsChanged received on phoneId :0 subid: 2signalStrength=SignalStrength: 99 0 -120 -160 -120 -1 -1 30 -85 -7 -184 2147483647 2147483647 gsm|lte level=4
11-29 13:15:05.613 D/StatusBar.MSimNetworkController(32128): refreshViews connected={ wifi } level=4 mMSimcombinedSignalIconId=0x7f0201c4/com.android.systemui:drawable/stat_sys_wifi_signal_png_4_fully mMSimcombinedActivityIconId=0x7f0201bf mAirplaneMode=false mMSimDataActivity=0 mMSimPhoneSignalIconId=0x7f0201b1/com.android.systemui:drawable/stat_sys_signal_4 mMSimDataDirectionIconId=0x0 mMSimDataSignalIconId=0x7f0201b1 mMSimDataTypeIconId=0x0/(null) mNoMSimIconId=0x0/(null) mMSimMobileActivityIconId=0x0/(null) mWifiIconId=0x7f0201c4 mBluetoothTetherIconId=0x108069f
11-29 13:15:06.623 D/StatusBar.MSimNetworkController(32128): refreshViews connected={ wifi } level=4 mMSimcombinedSignalIconId=0x7f0201c4/com.android.systemui:drawable/stat_sys_wifi_signal_png_4_fully mMSimcombinedActivityIconId=0x0 mAirplaneMode=false mMSimDataActivity=0 mMSimPhoneSignalIconId=0x7f0201b1/com.android.systemui:drawable/stat_sys_signal_4 mMSimDataDirectionIconId=0x0 mMSimDataSignalIconId=0x7f0201b1 mMSimDataTypeIconId=0x0/(null) mNoMSimIconId=0x0/(null) mMSimMobileActivityIconId=0x0/(null) mWifiIconId=0x7f0201c4 mBluetoothTetherIconId=0x108069f
11-29 13:15:06.793 D/StatusBar.MSimNetworkController(32128): onSignalStrengthsChanged received on phoneId :0 subid: 2signalStrength=SignalStrength: 99 0 -120 -160 -120 -1 -1 30 -85 -7 -184 2147483647 2147483647 gsm|lte level=4
11-29 13:15:07.433 D/StatusBar.MSimNetworkController(32128): onSignalStrengthsChanged received on phoneId :0 subid: 2signalStrength=SignalStrength: 99 0 -120 -160 -120 -1 -1 30 -85 -7 -184 2147483647 2147483647 gsm|lte level=4
11-29 13:15:07.613 D/StatusBar.MSimNetworkController(32128): refreshViews connected={ wifi } level=4 mMSimcombinedSignalIconId=0x7f0201c4/com.android.systemui:drawable/stat_sys_wifi_signal_png_4_fully mMSimcombinedActivityIconId=0x7f0201bf mAirplaneMode=false mMSimDataActivity=0 mMSimPhoneSignalIconId=0x7f0201b1/com.android.systemui:drawable/stat_sys_signal_4 mMSimDataDirectionIconId=0x0 mMSimDataSignalIconId=0x7f0201b1 mMSimDataTypeIconId=0x0/(null) mNoMSimIconId=0x0/(null) mMSimMobileActivityIconId=0x0/(null) mWifiIconId=0x7f0201c4 mBluetoothTetherIconId=0x108069f
11-29 13:15:08.623 D/StatusBar.MSimNetworkController(32128): refreshViews connected={ wifi } level=4 mMSimcombinedSignalIconId=0x7f0201c4/com.android.systemui:drawable/stat_sys_wifi_signal_png_4_fully mMSimcombinedActivityIconId=0x0 mAirplaneMode=false mMSimDataActivity=0 mMSimPhoneSignalIconId=0x7f0201b1/com.android.systemui:drawable/stat_sys_signal_4 mMSimDataDirectionIconId=0x0 mMSimDataSignalIconId=0x7f0201b1 mMSimDataTypeIconId=0x0/(null) mNoMSimIconId=0x0/(null) mMSimMobileActivityIconId=0x0/(null) mWifiIconId=0x7f0201c4 mBluetoothTetherIconId=0x108069f
11-29 13:15:09.613 D/StatusBar.MSimNetworkController(32128): refreshViews connected={ wifi } level=4 mMSimcombinedSignalIconId=0x7f0201c4/com.android.systemui:drawable/stat_sys_wifi_signal_png_4_fully mMSimcombinedActivityIconId=0x7f0201bf mAirplaneMode=false mMSimDataActivity=0 mMSimPhoneSignalIconId=0x7f0201b1/com.android.systemui:drawable/stat_sys_signal_4 mMSimDataDirectionIconId=0x0 mMSimDataSignalIconId=0x7f0201b1 mMSimDataTypeIconId=0x0/(null) mNoMSimIconId=0x0/(null) mMSimMobileActivityIconId=0x0/(null) mWifiIconId=0x7f0201c4 mBluetoothTetherIconId=0x108069f
11-29 13:15:09.983 D/StatusBar.MSimNetworkController(32128): onSignalStrengthsChanged received on phoneId :0 subid: 2signalStrength=SignalStrength: 99 0 -120 -160 -120 -1 -1 30 -85 -9 -184 2147483647 2147483647 gsm|lte level=4
11-29 13:15:10.623 D/StatusBar.MSimNetworkController(32128): refreshViews connected={ wifi } level=4 mMSimcombinedSignalIconId=0x7f0201c4/com.android.systemui:drawable/stat_sys_wifi_signal_png_4_fully mMSimcombinedActivityIconId=0x0 mAirplaneMode=false mMSimDataActivity=0 mMSimPhoneSignalIconId=0x7f0201b1/com.android.systemui:drawable/stat_sys_signal_4 mMSimDataDirectionIconId=0x0 mMSimDataSignalIconId=0x7f0201b1 mMSimDataTypeIconId=0x0/(null) mNoMSimIconId=0x0/(null) mMSimMobileActivityIconId=0x0/(null) mWifiIconId=0x7f0201c4 mBluetoothTetherIconId=0x108069f
11-29 13:15:10.643 D/StatusBar.MSimNetworkController(32128): onSignalStrengthsChanged received on phoneId :0 subid: 2signalStrength=SignalStrength: 99 0 -120 -160 -120 -1 -1 30 -85 -9 -184 2147483647 2147483647 gsm|lte level=4
11-29 13:15:12.553 D/StatusBar.MSimNetworkController(32128): onSignalStrengthsChanged received on phoneId :0 subid: 2signalStrength=SignalStrength: 99 0 -120 -160 -120 -1 -1 30 -85 -8 -184 2147483647 2147483647 gsm|lte level=4
11-29 13:15:12.623 D/StatusBar.MSimNetworkController(32128): refreshViews connected={ wifi } level=4 mMSimcombinedSignalIconId=0x7f0201c4/com.android.systemui:drawable/stat_sys_wifi_signal_png_4_fully mMSimcombinedActivityIconId=0x7f0201be mAirplaneMode=false mMSimDataActivity=0 mMSimPhoneSignalIconId=0x7f0201b1/com.android.systemui:drawable/stat_sys_signal_4 mMSimDataDirectionIconId=0x0 mMSimDataSignalIconId=0x7f0201b1 mMSimDataTypeIconId=0x0/(null) mNoMSimIconId=0x0/(null) mMSimMobileActivityIconId=0x0/(null) mWifiIconId=0x7f0201c4 mBluetoothTetherIconId=0x108069f
11-29 13:15:12.703 W/ActivityManager(30117): getRunningAppProcesses: caller 10114 does not hold REAL_GET_TASKS; limiting output
11-29 13:15:13.623 D/StatusBar.MSimNetworkController(32128): refreshViews connected={ wifi } level=4 mMSimcombinedSignalIconId=0x7f0201c4/com.android.systemui:drawable/stat_sys_wifi_signal_png_4_fully mMSimcombinedActivityIconId=0x0 mAirplaneMode=false mMSimDataActivity=0 mMSimPhoneSignalIconId=0x7f0201b1/com.android.systemui:drawable/stat_sys_signal_4 mMSimDataDirectionIconId=0x0 mMSimDataSignalIconId=0x7f0201b1 mMSimDataTypeIconId=0x0/(null) mNoMSimIconId=0x0/(null) mMSimMobileActivityIconId=0x0/(null) mWifiIconId=0x7f0201c4 mBluetoothTetherIconId=0x108069f
11-29 13:15:13.843 D/StatusBar.MSimNetworkController(32128): onSignalStrengthsChanged received on phoneId :0 subid: 2signalStrength=SignalStrength: 99 0 -120 -160 -120 -1 -1 30 -85 -8 -184 2147483647 2147483647 gsm|lte level=4
11-29 13:15:15.103 D/StatusBar.MSimNetworkController(32128): onSignalStrengthsChanged received on phoneId :0 subid: 2signalStrength=SignalStrength: 99 0 -120 -160 -120 -1 -1 30 -85 -9 -184 2147483647 2147483647 gsm|lte level=4
11-29 13:15:17.033 D/StatusBar.MSimNetworkController(32128): onSignalStrengthsChanged received on phoneId :0 subid: 2signalStrength=SignalStrength: 99 0 -120 -160 -120 -1 -1 30 -85 -9 -184 2147483647 2147483647 gsm|lte level=4
11-29 13:15:17.643 D/StatusBar.MSimNetworkController(32128): refreshViews connected={ wifi } level=4 mMSimcombinedSignalIconId=0x7f0201c4/com.android.systemui:drawable/stat_sys_wifi_signal_png_4_fully mMSimcombinedActivityIconId=0x7f0201be mAirplaneMode=false mMSimDataActivity=0 mMSimPhoneSignalIconId=0x7f0201b1/com.android.systemui:drawable/stat_sys_signal_4 mMSimDataDirectionIconId=0x0 mMSimDataSignalIconId=0x7f0201b1 mMSimDataTypeIconId=0x0/(null) mNoMSimIconId=0x0/(null) mMSimMobileActivityIconId=0x0/(null) mWifiIconId=0x7f0201c4 mBluetoothTetherIconId=0x108069f
11-29 13:15:17.663 D/StatusBar.MSimNetworkController(32128): onSignalStrengthsChanged received on phoneId :0 subid: 2signalStrength=SignalStrength: 99 0 -120 -160 -120 -1 -1 30 -85 -9 -184 2147483647 2147483647 gsm|lte level=4
11-29 13:15:18.643 D/StatusBar.MSimNetworkController(32128): refreshViews connected={ wifi } level=4 mMSimcombinedSignalIconId=0x7f0201c4/com.android.systemui:drawable/stat_sys_wifi_signal_png_4_fully mMSimcombinedActivityIconId=0x7f0201bf mAirplaneMode=false mMSimDataActivity=0 mMSimPhoneSignalIconId=0x7f0201b1/com.android.systemui:drawable/stat_sys_signal_4 mMSimDataDirectionIconId=0x0 mMSimDataSignalIconId=0x7f0201b1 mMSimDataTypeIconId=0x0/(null) mNoMSimIconId=0x0/(null) mMSimMobileActivityIconId=0x0/(null) mWifiIconId=0x7f0201c4 mBluetoothTetherIconId=0x108069f
11-29 13:15:19.643 D/StatusBar.MSimNetworkController(32128): refreshViews connected={ wifi } level=4 mMSimcombinedSignalIconId=0x7f0201c4/com.android.systemui:drawable/stat_sys_wifi_signal_png_4_fully mMSimcombinedActivityIconId=0x0 mAirplaneMode=false mMSimDataActivity=0 mMSimPhoneSignalIconId=0x7f0201b1/com.android.systemui:drawable/stat_sys_signal_4 mMSimDataDirectionIconId=0x0 mMSimDataSignalIconId=0x7f0201b1 mMSimDataTypeIconId=0x0/(null) mNoMSimIconId=0x0/(null) mMSimMobileActivityIconId=0x0/(null) mWifiIconId=0x7f0201c4 mBluetoothTetherIconId=0x108069f
11-29 13:15:20.033 D/StatusBar.MSimNetworkController(32128): onSignalStrengthsChanged received on phoneId :0 subid: 2signalStrength=SignalStrength: 99 0 -120 -160 -120 -1 -1 30 -85 -9 -184 2147483647 2147483647 gsm|lte level=4
11-29 13:15:20.043 D/StatusBar.MSimNetworkController(32128): onSignalStrengthsChanged received on phoneId :0 subid: 2signalStrength=SignalStrength: 99 0 -120 -160 -120 -1 -1 30 -85 -9 -184 2147483647 2147483647 gsm|lte level=4
11-29 13:15:20.653 D/StatusBar.MSimNetworkController(32128): refreshViews connected={ wifi } level=4 mMSimcombinedSignalIconId=0x7f0201c4/com.android.systemui:drawable/stat_sys_wifi_signal_png_4_fully mMSimcombinedActivityIconId=0x7f0201bf mAirplaneMode=false mMSimDataActivity=0 mMSimPhoneSignalIconId=0x7f0201b1/com.android.systemui:drawable/stat_sys_signal_4 mMSimDataDirectionIconId=0x0 mMSimDataSignalIconId=0x7f0201b1 mMSimDataTypeIconId=0x0/(null) mNoMSimIconId=0x0/(null) mMSimMobileActivityIconId=0x0/(null) mWifiIconId=0x7f0201c4 mBluetoothTetherIconId=0x108069f
11-29 13:15:21.653 D/StatusBar.MSimNetworkController(32128): refreshViews connected={ wifi } level=4 mMSimcombinedSignalIconId=0x7f0201c4/com.android.systemui:drawable/stat_sys_wifi_signal_png_4_fully mMSimcombinedActivityIconId=0x0 mAirplaneMode=false mMSimDataActivity=0 mMSimPhoneSignalIconId=0x7f0201b1/com.android.systemui:drawable/stat_sys_signal_4 mMSimDataDirectionIconId=0x0 mMSimDataSignalIconId=0x7f0201b1 mMSimDataTypeIconId=0x0/(null) mNoMSimIconId=0x0/(null) mMSimMobileActivityIconId=0x0/(null) mWifiIconId=0x7f0201c4 mBluetoothTetherIconId=0x108069f
11-29 13:15:22.793 D/StatusBar.MSimNetworkController(32128): onSignalStrengthsChanged received on phoneId :0 subid: 2signalStrength=SignalStrength: 99 0 -120 -160 -120 -1 -1 30 -85 -6 -184 2147483647 2147483647 gsm|lte level=4
11-29 13:15:23.443 D/StatusBar.MSimNetworkController(32128): onSignalStrengthsChanged received on phoneId :0 subid: 2signalStrength=SignalStrength: 99 0 -120 -160 -120 -1 -1 30 -85 -6 -184 2147483647 2147483647 gsm|lte level=4
11-29 13:15:24.653 D/StatusBar.MSimNetworkController(32128): refreshViews connected={ wifi } level=4 mMSimcombinedSignalIconId=0x7f0201c4/com.android.systemui:drawable/stat_sys_wifi_signal_png_4_fully mMSimcombinedActivityIconId=0x7f0201bf mAirplaneMode=false mMSimDataActivity=0 mMSimPhoneSignalIconId=0x7f0201b1/com.android.systemui:drawable/stat_sys_signal_4 mMSimDataDirectionIconId=0x0 mMSimDataSignalIconId=0x7f0201b1 mMSimDataTypeIconId=0x0/(null) mNoMSimIconId=0x0/(null) mMSimMobileActivityIconId=0x0/(null) mWifiIconId=0x7f0201c4 mBluetoothTetherIconId=0x108069f
11-29 13:15:25.353 D/StatusBar.MSimNetworkController(32128): onSignalStrengthsChanged received on phoneId :0 subid: 2signalStrength=SignalStrength: 99 0 -120 -160 -120 -1 -1 30 -85 -6 -184 2147483647 2147483647 gsm|lte level=4
11-29 13:15:25.663 D/StatusBar.MSimNetworkController(32128): refreshViews connected={ wifi } level=4 mMSimcombinedSignalIconId=0x7f0201c4/com.android.systemui:drawable/stat_sys_wifi_signal_png_4_fully mMSimcombinedActivityIconId=0x0 mAirplaneMode=false mMSimDataActivity=0 mMSimPhoneSignalIconId=0x7f0201b1/com.android.systemui:drawable/stat_sys_signal_4 mMSimDataDirectionIconId=0x0 mMSimDataSignalIconId=0x7f0201b1 mMSimDataTypeIconId=0x0/(null) mNoMSimIconId=0x0/(null) mMSimMobileActivityIconId=0x0/(null) mWifiIconId=0x7f0201c4 mBluetoothTetherIconId=0x108069f
