11-29 13:18:01.223 I/art     (10607): Rejecting re-init on previously-failed class java.lang.Class<com.taobao.accs.utl.OrangeAdapter$OrangeListener>
11-29 13:18:01.223 D/ActivityManager(30117): target_pkg = com.UCMobile, target_process = com.UCMobile:push
11-29 13:18:01.223 D/ActivityManager(30117): start service caller PID =10607, UID = 10096, callerPkgList = {com.UCMobile=com.android.internal.app.ProcessStats$ProcessStateHolder@c40350c}, service_name = ComponentInfo{com.UCMobile/com.uc.base.push.dispatcher.PushHandlerService}
11-29 13:18:01.233 D/ActivityManager(30117): target_pkg = com.UCMobile, target_process = com.UCMobile:push
11-29 13:18:01.233 D/ActivityManager(30117): start service caller PID =10607, UID = 10096, callerPkgList = {com.UCMobile=com.android.internal.app.ProcessStats$ProcessStateHolder@c40350c}, service_name = ComponentInfo{com.UCMobile/com.uc.base.push.dispatcher.PushHandlerService}
11-29 13:18:01.243 D/ActivityManager(30117): target_pkg = cn.nubia.woodpecker, target_process = cn.nubia.woodpecker:background
11-29 13:18:01.243 D/ActivityManager(30117): start service caller PID =1854, UID = 10062, callerPkgList = {cn.nubia.woodpecker=com.android.internal.app.ProcessStats$ProcessStateHolder@3120a977}, service_name = ComponentInfo{cn.nubia.woodpecker/cn.nubia.woodpecker.transaction.TransactionService}
11-29 13:18:01.253 D/NetworkReceiver(15554): android.net.conn.CONNECTIVITY_CHANGE
11-29 13:18:01.253 D/ActivityManager(30117): target_pkg = com.UCMobile, target_process = com.UCMobile:push
11-29 13:18:01.253 D/ActivityManager(30117): start service caller PID =10607, UID = 10096, callerPkgList = {com.UCMobile=com.android.internal.app.ProcessStats$ProcessStateHolder@c40350c}, service_name = ComponentInfo{com.UCMobile/com.uc.base.push.dispatcher.PushHandlerService}
11-29 13:18:01.263 D/DataRegister(29796): [DataRegister] [1] [onReceive] action = android.net.conn.CONNECTIVITY_CHANGE
11-29 13:18:01.263 D/DataRegister(29796): [DataRegister] [1] [getTrafficAvailableType] == WIFI ==
11-29 13:18:01.283 D/NetworkReceiver(15554): WifiConnected:true
11-29 13:18:01.293 I/DataRegister(29796): [DataRegister] [1] [getSubIdToRegistedInWifi] getSubIdToRegistedInWifi subIDToRegisted = 2
11-29 13:18:01.293 D/DataRegister(29796): [DataRegister] [1] [isInProcess] isInProcess: inProcessSubId  = -1, targetSubId = 2
11-29 13:18:01.293 I/DataRegister(29796): [DataRegister] [1] [onReceive] new card should be register,start service!
11-29 13:18:01.293 D/DataRegister(29796): [DataRegister] [1] [setRetryTime] setRetryTime: count = 0
11-29 13:18:01.303 D/DataRegister(29796): [DataRegister] [1] [setInProcess] setInProcess: subId = 2
11-29 13:18:01.303 I/DataRegister(29796): [DataRegister] [1] [onReceive] send ACTION_SIM_LOADED !
11-29 13:18:01.303 W/ContextImpl(29796): Calling a method in the system process without a qualified user: android.app.ContextImpl.startService:1762 android.content.ContextWrapper.startService:516 android.content.ContextWrapper.startService:516 cn.nubia.dataregister.app.EventReceiver.startRegisterService:72 cn.nubia.dataregister.app.EventReceiver.onReceive:53 
11-29 13:18:01.303 D/ActivityManager(30117): target_pkg = cn.nubia.dataregister, target_process = cn.nubia.dataregister
11-29 13:18:01.303 D/ActivityManager(30117): start service caller PID =29796, UID = 1000, callerPkgList = {cn.nubia.dataregister=com.android.internal.app.ProcessStats$ProcessStateHolder@b812e4d}, service_name = ComponentInfo{cn.nubia.dataregister/cn.nubia.dataregister.app.DataRegisterService}
11-29 13:18:01.303 W/ContextImpl(15554): Calling a method in the system process without a qualified user: android.app.ContextImpl.stopService:1768 android.content.ContextWrapper.stopService:521 cn.nubia.security.settings.wifipush.NetworkReceiverObserver.c:92 cn.nubia.security.settings.wifipush.NetworkReceiverObserver.onReceive:60 android.app.LoadedApk$ReceiverDispatcher$Args.run:892 
11-29 13:18:01.313 D/DataRegister(29796): [DataRegister] [1] [onStartCommand] == onStartCommand startId == 1
11-29 13:18:01.313 D/DataRegister(29796): [DataRegister] [11944] [dispatchEvent] event:ztemt.action.sim.loaded,subId = 2
11-29 13:18:01.323 I/PushLog (30807): NetworkChangedReceiver
11-29 13:18:01.323 I/PushLog (30807): onStartCommand
11-29 13:18:01.323 I/PushLog (30807): not a day, stop 5 mins later
11-29 13:18:01.323 D/NubiaSelfStartUtil(30117): Allow to launch app com.vlife.nubia.wallpaper/for broadcast Intent{act=BroadcastRecord{1f6038c2 u-1 android.net.conn.CONNECTIVITY_CHANGE}}:process is permitted to autostart
11-29 13:18:01.323 D/ActivityManager(30117): target_pkg = cn.nubia.jobdispatcher, target_process = cn.nubia.jobdispatcher
11-29 13:18:01.323 D/ActivityManager(30117): start service caller PID =30807, UID = 10031, callerPkgList = {cn.nubia.jobdispatcher=com.android.internal.app.ProcessStats$ProcessStateHolder@3b8589ba}, service_name = ComponentInfo{cn.nubia.jobdispatcher/cn.nubia.jobdispatcher.service.DispatcherService}
11-29 13:18:01.343 I/PMFunc  (12170): prepare 0 com.vlife.nubia.wallpaper
11-29 13:18:01.343 I/ActivityManager(30117): Start proc 12170:com.vlife.nubia.wallpaper:main/u0a115 for broadcast com.vlife.nubia.wallpaper/com.vlife.NReceiver
11-29 13:18:01.403 D/FitAnimSurface(30117): nubia_finish_app_transition  AppWindowToken{293a99a0 token=Token{103c22a3 ActivityRecord{29c7f1d2 u0 cn.nubia.launcher/com.android.launcher3.Launcher t27605}}}
11-29 13:18:01.403 I/ModuleCreateFactory(12170): curProcessName=com.vlife.nubia.wallpaper:main
11-29 13:18:01.403 I/Timeline(30117): Timeline: Activity_windows_visible id: ActivityRecord{29c7f1d2 u0 cn.nubia.launcher/com.android.launcher3.Launcher t27605} time:427948546
11-29 13:18:01.403 D/ModuleCreateFactory(12170): initModule invoke metaData:Bundle[mParcelledData.dataSize=472]
11-29 13:18:01.403 D/ModuleCreateFactory(12170): initModule invoke product_type:null
11-29 13:18:01.403 W/ActivityManager(30117): getRunningAppProcesses: caller 10115 does not hold REAL_GET_TASKS; limiting output
11-29 13:18:01.413 D/PluginLoader(12170): [loadAsset][asset=android.content.res.AssetManager@2e764d10][res=android.content.res.Resources@3e39e009][as=android.content.res.AssetManager@2e764d10][rt=3]
11-29 13:18:01.413 I/ModulePlugin(12170): apkPath:/data/data/com.vlife.nubia.wallpaper/files/ua/ua_10a9d72f65p176p1e10006.dat className:com.vlife.ModuleApplication
11-29 13:18:01.423 I/ModuleActivity(12170): parentDir:/data/data/com.vlife.nubia.wallpaper/files exists:true canWrite:true
11-29 13:18:01.423 I/VlifeClassLoader(12170): name:android.app.Application loader:class java.lang.BootClassLoader
11-29 13:18:01.423 I/VlifeClassLoader(12170): name:com.vlife.plugin.module.IApplication loader:class dalvik.system.PathClassLoader
11-29 13:18:01.423 I/VlifeClassLoader(12170): name:com.vlife.common.lib.abs.AbstractApplication loader:class com.vlife.plugin.module.core.VlifeClassLoader
11-29 13:18:01.423 I/VlifeClassLoader(12170): name:com.vlife.ModuleApplication loader:class com.vlife.plugin.module.core.VlifeClassLoader
11-29 13:18:01.433 I/VlifeClassLoader(12170): name:java.lang.Object loader:class java.lang.BootClassLoader
11-29 13:18:01.433 I/VlifeClassLoader(12170): name:n.et loader:class com.vlife.plugin.module.core.VlifeClassLoader
11-29 13:18:01.433 I/VlifeClassLoader(12170): name:n.es loader:class com.vlife.plugin.module.core.VlifeClassLoader
11-29 13:18:01.433 I/VlifeClassLoader(12170): name:java.lang.Enum loader:class java.lang.BootClassLoader
11-29 13:18:01.433 I/VlifeClassLoader(12170): name:n.wt loader:class com.vlife.plugin.module.core.VlifeClassLoader
11-29 13:18:01.433 I/VlifeClassLoader(12170): name:android.content.Context loader:class java.lang.BootClassLoader
11-29 13:18:01.433 I/VlifeClassLoader(12170): name:java.lang.Object loader:class java.lang.BootClassLoader
11-29 13:18:01.433 I/VlifeClassLoader(12170): name:n.wd loader:class com.vlife.plugin.module.core.VlifeClassLoader
11-29 13:18:01.433 I/VlifeClassLoader(12170): name:n.kd loader:class com.vlife.plugin.module.core.VlifeClassLoader
11-29 13:18:01.433 I/VlifeClassLoader(12170): name:com.vlife.framework.provider.intf.IProguardInitMethod loader:class com.vlife.plugin.module.core.VlifeClassLoader
11-29 13:18:01.433 I/VlifeClassLoader(12170): name:java.lang.reflect.InvocationHandler loader:class java.lang.BootClassLoader
11-29 13:18:01.433 I/VlifeClassLoader(12170): name:com.vlife.framework.provider.intf.IModuleProvider loader:class com.vlife.plugin.module.core.VlifeClassLoader
11-29 13:18:01.433 I/VlifeClassLoader(12170): name:com.vlife.common.lib.intf.provider.IPanelProvider loader:class com.vlife.plugin.module.core.VlifeClassLoader
11-29 13:18:01.443 I/VlifeClassLoader(12170): name:java.util.ArrayList loader:class java.lang.BootClassLoader
11-29 13:18:01.443 I/VlifeClassLoader(12170): name:java.util.List loader:class java.lang.BootClassLoader
11-29 13:18:01.443 I/VlifeClassLoader(12170): name:java.lang.String loader:class java.lang.BootClassLoader
11-29 13:18:01.443 I/VlifeClassLoader(12170): name:java.util.Collections loader:class java.lang.BootClassLoader
11-29 13:18:01.443 I/VlifeClassLoader(12170): name:java.util.Collection loader:class java.lang.BootClassLoader
11-29 13:18:01.443 I/VlifeClassLoader(12170): name:java.lang.Object loader:class java.lang.BootClassLoader
11-29 13:18:01.443 I/VlifeClassLoader(12170): name:java.lang.String loader:class java.lang.BootClassLoader
11-29 13:18:01.443 I/VlifeClassLoader(12170): name:java.util.Collection loader:class java.lang.BootClassLoader
11-29 13:18:01.443 I/VlifeClassLoader(12170): name:java.lang.Object loader:class java.lang.BootClassLoader
11-29 13:18:01.443 I/VlifeClassLoader(12170): name:android.content.pm.PackageManager loader:class java.lang.BootClassLoader
11-29 13:18:01.443 I/VlifeClassLoader(12170): name:java.lang.String loader:class java.lang.BootClassLoader
11-29 13:18:01.443 I/VlifeClassLoader(12170): name:n.wj loader:class com.vlife.plugin.module.core.VlifeClassLoader
11-29 13:18:01.443 I/VlifeClassLoader(12170): name:android.content.Context loader:class java.lang.BootClassLoader
11-29 13:18:01.443 I/VlifeClassLoader(12170): name:com.vlife.framework.provider.intf.IStatusProvider loader:class com.vlife.plugin.module.core.VlifeClassLoader
11-29 13:18:01.443 I/VlifeClassLoader(12170): name:n.wk loader:class com.vlife.plugin.module.core.VlifeClassLoader
11-29 13:18:01.443 I/VlifeClassLoader(12170): name:com.vlife.plugin.module.IApplication loader:class dalvik.system.PathClassLoader
11-29 13:18:01.443 I/VlifeClassLoader(12170): name:n.qe loader:class com.vlife.plugin.module.core.VlifeClassLoader
11-29 13:18:01.443 I/VlifeClassLoader(12170): name:n.mk loader:class com.vlife.plugin.module.core.VlifeClassLoader
11-29 13:18:01.443 I/VlifeClassLoader(12170): name:n.me loader:class com.vlife.plugin.module.core.VlifeClassLoader
11-29 13:18:01.453 I/VlifeClassLoader(12170): name:java.lang.Integer loader:class java.lang.BootClassLoader
11-29 13:18:01.453 I/VlifeClassLoader(12170): name:java.lang.StringBuilder loader:class java.lang.BootClassLoader
11-29 13:18:01.453 I/VlifeClassLoader(12170): name:java.lang.Exception loader:class java.lang.BootClassLoader
11-29 13:18:01.453 I/VlifeClassLoader(12170): name:java.util.concurrent.ConcurrentHashMap loader:class java.lang.BootClassLoader
11-29 13:18:01.453 I/VlifeClassLoader(12170): name:n.er loader:class com.vlife.plugin.module.core.VlifeClassLoader
11-29 13:18:01.453 I/VlifeClassLoader(12170): name:n.ep loader:class com.vlife.plugin.module.core.VlifeClassLoader
11-29 13:18:01.453 I/VlifeClassLoader(12170): name:n.eq loader:class com.vlife.plugin.module.core.VlifeClassLoader
11-29 13:18:01.453 I/VlifeClassLoader(12170): name:java.lang.System loader:class java.lang.BootClassLoader
11-29 13:18:01.453 I/ModulePlugin(12170): build Application
11-29 13:18:01.453 I/VlifeClassLoader(12170): name:n.wf loader:class com.vlife.plugin.module.core.VlifeClassLoader
11-29 13:18:01.453 I/VlifeClassLoader(12170): name:com.vlife.plugin.module.ModuleFactory loader:class dalvik.system.PathClassLoader
11-29 13:18:01.463 I/VlifeClassLoader(12170): name:java.lang.ref.WeakReference loader:class java.lang.BootClassLoader
11-29 13:18:01.463 I/VlifeClassLoader(12170): name:n.we loader:class com.vlife.plugin.module.core.VlifeClassLoader
11-29 13:18:01.463 I/VlifeClassLoader(12170): name:com.vlife.plugin.module.IModule loader:class dalvik.system.PathClassLoader
11-29 13:18:01.463 I/VlifeClassLoader(12170): name:n.wm loader:class com.vlife.plugin.module.core.VlifeClassLoader
11-29 13:18:01.463 I/VlifeClassLoader(12170): name:n.hm loader:class com.vlife.plugin.module.core.VlifeClassLoader
11-29 13:18:01.473 I/VlifeClassLoader(12170): name:com.vlife.common.lib.abs.AbstractModuleProvider loader:class com.vlife.plugin.module.core.VlifeClassLoader
11-29 13:18:01.473 I/VlifeClassLoader(12170): name:com.vlife.common.lib.core.status.AbstractApplicationStatus loader:class com.vlife.plugin.module.core.VlifeClassLoader
11-29 13:18:01.473 I/VlifeClassLoader(12170): name:com.vlife.common.lib.core.status.ApplicationStatus loader:class com.vlife.plugin.module.core.VlifeClassLoader
11-29 13:18:01.473 I/VlifeClassLoader(12170): name:java.io.IOException loader:class java.lang.BootClassLoader
11-29 13:18:01.473 I/VlifeClassLoader(12170): name:java.lang.reflect.Method loader:class java.lang.BootClassLoader
11-29 13:18:01.473 I/VlifeClassLoader(12170): name:n.g loader:class com.vlife.plugin.module.core.VlifeClassLoader
11-29 13:18:01.473 I/VlifeClassLoader(12170): name:n.ei loader:class com.vlife.plugin.module.core.VlifeClassLoader
11-29 13:18:01.473 I/VlifeClassLoader(12170): name:n.d loader:class com.vlife.plugin.module.core.VlifeClassLoader
11-29 13:18:01.473 I/VlifeClassLoader(12170): name:n.bo loader:class com.vlife.plugin.module.core.VlifeClassLoader
11-29 13:18:01.473 I/VlifeClassLoader(12170): name:n.bl loader:class com.vlife.plugin.module.core.VlifeClassLoader
11-29 13:18:01.473 I/VlifeClassLoader(12170): name:n.ac loader:class com.vlife.plugin.module.core.VlifeClassLoader
11-29 13:18:01.473 I/VlifeClassLoader(12170): name:n.af loader:class com.vlife.plugin.module.core.VlifeClassLoader
11-29 13:18:01.473 I/VlifeClassLoader(12170): name:n.e loader:class com.vlife.plugin.module.core.VlifeClassLoader
11-29 13:18:01.473 I/VlifeClassLoader(12170): name:n.av loader:class com.vlife.plugin.module.core.VlifeClassLoader
11-29 13:18:01.473 I/VlifeClassLoader(12170): name:n.k loader:class com.vlife.plugin.module.core.VlifeClassLoader
11-29 13:18:01.473 I/VlifeClassLoader(12170): name:n.aw loader:class com.vlife.plugin.module.core.VlifeClassLoader
11-29 13:18:01.473 I/VlifeClassLoader(12170): name:n.ay loader:class com.vlife.plugin.module.core.VlifeClassLoader
11-29 13:18:01.483 I/VlifeClassLoader(12170): name:n.ba loader:class com.vlife.plugin.module.core.VlifeClassLoader
11-29 13:18:01.483 I/VlifeClassLoader(12170): name:n.p loader:class com.vlife.plugin.module.core.VlifeClassLoader
11-29 13:18:01.483 I/VlifeClassLoader(12170): name:n.bm loader:class com.vlife.plugin.module.core.VlifeClassLoader
11-29 13:18:01.483 I/VlifeClassLoader(12170): name:n.ed loader:class com.vlife.plugin.module.core.VlifeClassLoader
11-29 13:18:01.483 I/VlifeClassLoader(12170): name:n.ec loader:class com.vlife.plugin.module.core.VlifeClassLoader
11-29 13:18:01.483 I/VlifeClassLoader(12170): name:n.cn loader:class com.vlife.plugin.module.core.VlifeClassLoader
11-29 13:18:01.483 I/VlifeClassLoader(12170): name:n.co loader:class com.vlife.plugin.module.core.VlifeClassLoader
11-29 13:18:01.483 I/VlifeClassLoader(12170): name:n.eb loader:class com.vlife.plugin.module.core.VlifeClassLoader
11-29 13:18:01.483 I/VlifeClassLoader(12170): name:n.bi loader:class com.vlife.plugin.module.core.VlifeClassLoader
11-29 13:18:01.483 I/VlifeClassLoader(12170): name:n.t loader:class com.vlife.plugin.module.core.VlifeClassLoader
11-29 13:18:01.483 I/VlifeClassLoader(12170): name:n.i loader:class com.vlife.plugin.module.core.VlifeClassLoader
11-29 13:18:01.483 I/VlifeClassLoader(12170): name:n.bh loader:class com.vlife.plugin.module.core.VlifeClassLoader
11-29 13:18:01.483 I/VlifeClassLoader(12170): name:n.bj loader:class com.vlife.plugin.module.core.VlifeClassLoader
11-29 13:18:01.483 I/VlifeClassLoader(12170): name:n.bk loader:class com.vlife.plugin.module.core.VlifeClassLoader
11-29 13:18:01.483 I/VlifeClassLoader(12170): name:n.dw loader:class com.vlife.plugin.module.core.VlifeClassLoader
11-29 13:18:01.483 I/VlifeClassLoader(12170): name:n.dv loader:class com.vlife.plugin.module.core.VlifeClassLoader
11-29 13:18:01.483 I/VlifeClassLoader(12170): name:n.dy loader:class com.vlife.plugin.module.core.VlifeClassLoader
11-29 13:18:01.483 I/VlifeClassLoader(12170): name:n.dx loader:class com.vlife.plugin.module.core.VlifeClassLoader
11-29 13:18:01.483 I/VlifeClassLoader(12170): name:n.du loader:class com.vlife.plugin.module.core.VlifeClassLoader
11-29 13:18:01.483 I/VlifeClassLoader(12170): name:n.ky loader:class com.vlife.plugin.module.core.VlifeClassLoader
11-29 13:18:01.483 I/VlifeClassLoader(12170): name:android.app.ActivityManager loader:class java.lang.BootClassLoader
11-29 13:18:01.483 I/VlifeClassLoader(12170): name:android.app.ActivityManager$RunningAppProcessInfo loader:class java.lang.BootClassLoader
11-29 13:18:01.483 W/ActivityManager(30117): getRunningAppProcesses: caller 10115 does not hold REAL_GET_TASKS; limiting output
11-29 13:18:01.493 I/VlifeClassLoader(12170): name:com.vlife.plugin.module.impl.IModulePlugin loader:class dalvik.system.PathClassLoader
11-29 13:18:01.493 I/VlifeClassLoader(12170): name:n.wq loader:class com.vlife.plugin.module.core.VlifeClassLoader
11-29 13:18:01.493 I/VlifeClassLoader(12170): name:n.wr loader:class com.vlife.plugin.module.core.VlifeClassLoader
11-29 13:18:01.493 I/VlifeClassLoader(12170): name:android.os.Build$VERSION loader:class java.lang.BootClassLoader
11-29 13:18:01.513 I/VlifeClassLoader(12170): name:java.util.Set loader:class java.lang.BootClassLoader
11-29 13:18:01.513 I/VlifeClassLoader(12170): name:n.eu loader:class com.vlife.plugin.module.core.VlifeClassLoader
11-29 13:18:01.513 I/VlifeClassLoader(12170): name:com.vlife.common.lib.core.status.AbstractApplicationStatus$1 loader:class com.vlife.plugin.module.core.VlifeClassLoader
11-29 13:18:01.513 I/VlifeClassLoader(12170): name:n.wu loader:class com.vlife.plugin.module.core.VlifeClassLoader
11-29 13:18:01.513 I/VlifeClassLoader(12170): name:n.rc loader:class com.vlife.plugin.module.core.VlifeClassLoader
11-29 13:18:01.513 I/VlifeClassLoader(12170): name:n.rd loader:class com.vlife.plugin.module.core.VlifeClassLoader
11-29 13:18:01.523 I/VlifeClassLoader(12170): name:java.util.concurrent.ThreadFactory loader:class java.lang.BootClassLoader
11-29 13:18:01.523 I/VlifeClassLoader(12170): name:n.rd$1 loader:class com.vlife.plugin.module.core.VlifeClassLoader
11-29 13:18:01.523 I/VlifeClassLoader(12170): name:java.lang.Thread loader:class java.lang.BootClassLoader
11-29 13:18:01.523 I/VlifeClassLoader(12170): name:java.lang.Runnable loader:class java.lang.BootClassLoader
11-29 13:18:01.523 I/VlifeClassLoader(12170): name:java.util.concurrent.ArrayBlockingQueue loader:class java.lang.BootClassLoader
11-29 13:18:01.523 I/VlifeClassLoader(12170): name:java.util.concurrent.ThreadPoolExecutor loader:class java.lang.BootClassLoader
11-29 13:18:01.523 I/VlifeClassLoader(12170): name:java.util.concurrent.TimeUnit loader:class java.lang.BootClassLoader
11-29 13:18:01.523 I/VlifeClassLoader(12170): name:com.vlife.common.lib.core.status.AbstractApplicationStatus$2 loader:class com.vlife.plugin.module.core.VlifeClassLoader
11-29 13:18:01.523 I/VlifeClassLoader(12170): name:n.pe loader:class com.vlife.plugin.module.core.VlifeClassLoader
11-29 13:18:01.523 I/VlifeClassLoader(12170): name:com.vlife.common.lib.intf.provider.ILockScreenProvider loader:class com.vlife.plugin.module.core.VlifeClassLoader
11-29 13:18:01.523 I/VlifeClassLoader(12170): name:com.vlife.framework.provider.intf.IModuleProvider$MODULE_NAME$1 loader:class com.vlife.plugin.module.core.VlifeClassLoader
11-29 13:18:01.523 I/VlifeClassLoader(12170): name:java.nio.channels.FileLock loader:class java.lang.BootClassLoader
11-29 13:18:01.523 I/VlifeClassLoader(12170): name:android.content.Intent loader:class java.lang.BootClassLoader
11-29 13:18:01.523 I/VlifeClassLoader(12170): name:n.wi loader:class com.vlife.plugin.module.core.VlifeClassLoader
11-29 13:18:01.523 I/VlifeClassLoader(12170): name:n.na loader:class com.vlife.plugin.module.core.VlifeClassLoader
11-29 13:18:01.523 I/VlifeClassLoader(12170): name:com.vlife.common.lib.intf.handler.IActivityHandler loader:class com.vlife.plugin.module.core.VlifeClassLoader
11-29 13:18:01.523 D/StatusBar.MSimNetworkController(32128): onSignalStrengthsChanged received on phoneId :0 subid: 2signalStrength=SignalStrength: 99 0 -120 -160 -120 -1 -1 26 -89 -6 -184 2147483647 2147483647 gsm|lte level=4
11-29 13:18:01.533 I/VlifeClassLoader(12170): name:n.ou loader:class com.vlife.plugin.module.core.VlifeClassLoader
11-29 13:18:01.533 I/VlifeClassLoader(12170): name:n.wv loader:class com.vlife.plugin.module.core.VlifeClassLoader
11-29 13:18:01.533 I/VlifeClassLoader(12170): name:java.lang.Long loader:class java.lang.BootClassLoader
11-29 13:18:01.533 I/VlifeClassLoader(12170): name:java.lang.Double loader:class java.lang.BootClassLoader
11-29 13:18:01.533 I/VlifeClassLoader(12170): name:java.lang.Float loader:class java.lang.BootClassLoader
11-29 13:18:01.533 I/VlifeClassLoader(12170): name:java.lang.Boolean loader:class java.lang.BootClassLoader
11-29 13:18:01.533 I/VlifeClassLoader(12170): name:n.qs loader:class com.vlife.plugin.module.core.VlifeClassLoader
11-29 13:18:01.533 I/VlifeClassLoader(12170): name:java.io.FileNotFoundException loader:class java.lang.BootClassLoader
11-29 13:18:01.533 I/VlifeClassLoader(12170): name:java.lang.Throwable loader:class java.lang.BootClassLoader
11-29 13:18:01.533 I/VlifeClassLoader(12170): name:java.lang.NullPointerException loader:class java.lang.BootClassLoader
11-29 13:18:01.533 I/VlifeClassLoader(12170): name:java.util.HashSet loader:class java.lang.BootClassLoader
11-29 13:18:01.533 I/VlifeClassLoader(12170): name:android.net.ConnectivityManager loader:class java.lang.BootClassLoader
11-29 13:18:01.533 I/VlifeClassLoader(12170): name:n.wx loader:class com.vlife.plugin.module.core.VlifeClassLoader
11-29 13:18:01.533 I/VlifeClassLoader(12170): name:n.pv loader:class com.vlife.plugin.module.core.VlifeClassLoader
11-29 13:18:01.533 I/VlifeClassLoader(12170): name:android.content.pm.PackageManager$NameNotFoundException loader:class java.lang.BootClassLoader
11-29 13:18:01.533 I/VlifeClassLoader(12170): name:android.os.PowerManager loader:class java.lang.BootClassLoader
11-29 13:18:01.533 I/VlifeClassLoader(12170): name:com.vlife.common.lib.core.status.AbstractApplicationStatus$3 loader:class com.vlife.plugin.module.core.VlifeClassLoader
11-29 13:18:01.533 I/VlifeClassLoader(12170): name:android.view.WindowManager loader:class java.lang.BootClassLoader
11-29 13:18:01.533 I/VlifeClassLoader(12170): name:n.ws loader:class com.vlife.plugin.module.core.VlifeClassLoader
11-29 13:18:01.543 I/VlifeClassLoader(12170): name:org.apache.http.entity.sdk.ILoadPyramidney loader:class com.vlife.plugin.module.core.VlifeClassLoader
11-29 13:18:01.543 I/VlifeClassLoader(12170): name:org.apache.http.entity.sdk.LoadPyramidney loader:class com.vlife.plugin.module.core.VlifeClassLoader
11-29 13:18:01.543 I/VlifeClassLoader(12170): name:com.vlife.common.lib.intf.provider.ITaskServiceProvider loader:class com.vlife.plugin.module.core.VlifeClassLoader
11-29 13:18:01.543 I/VlifeClassLoader(12170): name:com.vlife.framework.provider.intf.IProguard loader:class com.vlife.plugin.module.core.VlifeClassLoader
11-29 13:18:01.543 I/VlifeClassLoader(12170): name:com.handpet.component.service.TaskServiceProvider loader:class com.vlife.plugin.module.core.VlifeClassLoader
11-29 13:18:01.543 I/VlifeClassLoader(12170): name:com.handpet.component.service.TaskServiceProvider$1 loader:class com.vlife.plugin.module.core.VlifeClassLoader
11-29 13:18:01.543 I/VlifeClassLoader(12170): name:org.apache.http.entity.sdk.IOperationCallback loader:class com.vlife.plugin.module.core.VlifeClassLoader
11-29 13:18:01.543 I/VlifeClassLoader(12170): name:com.vlife.common.lib.OperationCommon loader:class com.vlife.plugin.module.core.VlifeClassLoader
11-29 13:18:01.543 I/VlifeClassLoader(12170): name:com.handpet.component.service.TaskServiceProvider$2 loader:class com.vlife.plugin.module.core.VlifeClassLoader
11-29 13:18:01.543 I/VlifeClassLoader(12170): name:org.apache.http.entity.sdk.Logger loader:class com.vlife.plugin.module.core.VlifeClassLoader
11-29 13:18:01.543 I/VlifeClassLoader(12170): name:n.gn loader:class com.vlife.plugin.module.core.VlifeClassLoader
11-29 13:18:01.543 I/VlifeClassLoader(12170): name:com.handpet.component.service.TaskServiceProvider$3 loader:class com.vlife.plugin.module.core.VlifeClassLoader
11-29 13:18:01.543 I/VlifeClassLoader(12170): name:n.gm loader:class com.vlife.plugin.module.core.VlifeClassLoader
11-29 13:18:01.543 I/VlifeClassLoader(12170): name:n.gt loader:class com.vlife.plugin.module.core.VlifeClassLoader
11-29 13:18:01.543 I/VlifeClassLoader(12170): name:android.content.BroadcastReceiver loader:class java.lang.BootClassLoader
11-29 13:18:01.543 I/VlifeClassLoader(12170): name:com.handpet.component.service.TaskServiceProvider$7 loader:class com.vlife.plugin.module.core.VlifeClassLoader
11-29 13:18:01.543 I/VlifeClassLoader(12170): name:com.vlife.common.lib.intf.provider.IKeyguardProvider loader:class com.vlife.plugin.module.core.VlifeClassLoader
11-29 13:18:01.543 I/VlifeClassLoader(12170): name:com.vlife.common.lib.intf.provider.ISuicideManagerProvider loader:class com.vlife.plugin.module.core.VlifeClassLoader
11-29 13:18:01.553 I/VlifeClassLoader(12170): name:com.handpet.component.suicide.SuicideManagerProvider loader:class com.vlife.plugin.module.core.VlifeClassLoader
11-29 13:18:01.553 I/VlifeClassLoader(12170): name:com.handpet.component.suicide.SuicideManagerProvider$1 loader:class com.vlife.plugin.module.core.VlifeClassLoader
11-29 13:18:01.553 I/VlifeClassLoader(12170): name:com.handpet.component.suicide.SuicideManagerProvider$2 loader:class com.vlife.plugin.module.core.VlifeClassLoader
11-29 13:18:01.553 I/VlifeClassLoader(12170): name:com.vlife.common.lib.intf.provider.IDocumentProvider loader:class com.vlife.plugin.module.core.VlifeClassLoader
11-29 13:18:01.553 I/VlifeClassLoader(12170): name:com.handpet.component.document.DocumentProvider loader:class com.vlife.plugin.module.core.VlifeClassLoader
11-29 13:18:01.553 I/VlifeClassLoader(12170): name:n.c loader:class com.vlife.plugin.module.core.VlifeClassLoader
11-29 13:18:01.553 I/VlifeClassLoader(12170): name:n.ex loader:class com.vlife.plugin.module.core.VlifeClassLoader
11-29 13:18:01.553 I/VlifeClassLoader(12170): name:n.f loader:class com.vlife.plugin.module.core.VlifeClassLoader
11-29 13:18:01.553 I/VlifeClassLoader(12170): name:n.fb loader:class com.vlife.plugin.module.core.VlifeClassLoader
11-29 13:18:01.553 I/VlifeClassLoader(12170): name:n.b loader:class com.vlife.plugin.module.core.VlifeClassLoader
11-29 13:18:01.553 I/VlifeClassLoader(12170): name:n.ey loader:class com.vlife.plugin.module.core.VlifeClassLoader
11-29 13:18:01.553 I/VlifeClassLoader(12170): name:com.vlife.common.lib.intf.provider.IDBProvider loader:class com.vlife.plugin.module.core.VlifeClassLoader
11-29 13:18:01.553 I/VlifeClassLoader(12170): name:com.handpet.component.database.DatabaseProvider loader:class com.vlife.plugin.module.core.VlifeClassLoader
11-29 13:18:01.553 I/VlifeClassLoader(12170): name:n.ev loader:class com.vlife.plugin.module.core.VlifeClassLoader
11-29 13:18:01.553 I/VlifeClassLoader(12170): name:com.vlife.common.lib.intf.provider.IServerProvider loader:class com.vlife.plugin.module.core.VlifeClassLoader
11-29 13:18:01.553 I/VlifeClassLoader(12170): name:com.vlife.framework.connection.ServerProvider loader:class com.vlife.plugin.module.core.VlifeClassLoader
11-29 13:18:01.563 I/VlifeClassLoader(12170): name:com.vlife.common.lib.intf.provider.IMainLibProvider loader:class com.vlife.plugin.module.core.VlifeClassLoader
11-29 13:18:01.563 I/VlifeClassLoader(12170): name:com.vlife.main.lib.MainLibProvider loader:class com.vlife.plugin.module.core.VlifeClassLoader
11-29 13:18:01.563 I/VlifeClassLoader(12170): name:n.ns loader:class com.vlife.plugin.module.core.VlifeClassLoader
11-29 13:18:01.563 I/VlifeClassLoader(12170): name:n.jz loader:class com.vlife.plugin.module.core.VlifeClassLoader
11-29 13:18:01.563 I/VlifeClassLoader(12170): name:n.qt loader:class com.vlife.plugin.module.core.VlifeClassLoader
11-29 13:18:01.563 I/VlifeClassLoader(12170): name:com.vlife.common.lib.intf.provider.IWallpaperProvider loader:class com.vlife.plugin.module.core.VlifeClassLoader
11-29 13:18:01.563 I/VlifeClassLoader(12170): name:com.handpet.livewallpaper.WallpaperProvider loader:class com.vlife.plugin.module.core.VlifeClassLoader
11-29 13:18:01.563 I/VlifeClassLoader(12170): name:android.os.RemoteException loader:class java.lang.BootClassLoader
11-29 13:18:01.563 I/VlifeClassLoader(12170): name:java.lang.ClassLoader loader:class java.lang.BootClassLoader
11-29 13:18:01.573 I/VlifeClassLoader(12170): name:org.apache.http.entity.sdk.PyramidneyClassLoader loader:class com.vlife.plugin.module.core.VlifeClassLoader
11-29 13:18:01.573 I/VlifeClassLoader(12170): name:java.net.MalformedURLException loader:class java.lang.BootClassLoader
11-29 13:18:01.573 I/VlifeClassLoader(12170): name:java.security.NoSuchAlgorithmException loader:class java.lang.BootClassLoader
11-29 13:18:01.573 I/VlifeClassLoader(12170): name:java.net.URL loader:class java.lang.BootClassLoader
11-29 13:18:01.573 I/VlifeClassLoader(12170): name:java.lang.Class loader:class java.lang.BootClassLoader
11-29 13:18:01.573 I/VlifeClassLoader(12170): name:java.util.zip.ZipFile loader:class java.lang.BootClassLoader
11-29 13:18:01.573 I/VlifeClassLoader(12170): name:com.vlife.main.lockscreen.vendor.AbstractKeyguardProvider loader:class com.vlife.plugin.module.core.VlifeClassLoader
11-29 13:18:01.573 I/VlifeClassLoader(12170): name:com.vlife.main.lockscreen.vendor.LockScreenProviderFor3Part loader:class com.vlife.plugin.module.core.VlifeClassLoader
11-29 13:18:01.573 I/VlifeClassLoader(12170): name:org.apache.http.entity.sdk.FileUtil loader:class com.vlife.plugin.module.core.VlifeClassLoader
11-29 13:18:01.573 I/VlifeClassLoader(12170): name:java.util.concurrent.CopyOnWriteArraySet loader:class java.lang.BootClassLoader
11-29 13:18:01.573 I/VlifeClassLoader(12170): name:n.ml loader:class com.vlife.plugin.module.core.VlifeClassLoader
11-29 13:18:01.573 I/VlifeClassLoader(12170): name:com.vlife.common.lib.intf.provider.IStatisticsProvider loader:class com.vlife.plugin.module.core.VlifeClassLoader
11-29 13:18:01.573 I/art     (12170): Adjust thread count for runtime dex2oat
11-29 13:18:01.583 I/VlifeClassLoader(12170): name:n.em loader:class com.vlife.plugin.module.core.VlifeClassLoader
11-29 13:18:01.583 I/VlifeClassLoader(12170): name:java.lang.Byte loader:class java.lang.BootClassLoader
11-29 13:18:01.583 I/VlifeClassLoader(12170): name:java.lang.Character loader:class java.lang.BootClassLoader
11-29 13:18:01.583 I/VlifeClassLoader(12170): name:com.vlife.common.lib.intf.provider.INewDownloadProvider loader:class com.vlife.plugin.module.core.VlifeClassLoader
11-29 13:18:01.583 I/VlifeClassLoader(12170): name:n.fr loader:class com.vlife.plugin.module.core.VlifeClassLoader
11-29 13:18:01.583 I/VlifeClassLoader(12170): name:n.nf loader:class com.vlife.plugin.module.core.VlifeClassLoader
11-29 13:18:01.583 I/VlifeClassLoader(12170): name:com.handpet.component.download.NewDownloadProvider loader:class com.vlife.plugin.module.core.VlifeClassLoader
11-29 13:18:01.583 I/VlifeClassLoader(12170): name:android.os.Handler loader:class java.lang.BootClassLoader
11-29 13:18:01.583 I/VlifeClassLoader(12170): name:n.fs loader:class com.vlife.plugin.module.core.VlifeClassLoader
11-29 13:18:01.583 I/VlifeClassLoader(12170): name:android.os.Message loader:class java.lang.BootClassLoader
11-29 13:18:01.593 I/VlifeClassLoader(12170): name:com.vlife.common.lib.intf.module.IPushModule loader:class com.vlife.plugin.module.core.VlifeClassLoader
11-29 13:18:01.593 I/VlifeClassLoader(12170): name:com.handpet.component.provider.IPushProvider loader:class com.vlife.plugin.module.core.VlifeClassLoader
11-29 13:18:01.593 I/VlifeClassLoader(12170): name:com.vlife.component.push.PushProvider loader:class com.vlife.plugin.module.core.VlifeClassLoader
11-29 13:18:01.593 I/VlifeClassLoader(12170): name:android.util.Log loader:class java.lang.BootClassLoader
11-29 13:18:01.593 W/PAUL    (12170): CommonLibActivityFactory WallpaperSimpleInit init
11-29 13:18:01.593 I/VlifeClassLoader(12170): name:n.h loader:class com.vlife.plugin.module.core.VlifeClassLoader
11-29 13:18:01.593 I/VlifeClassLoader(12170): name:n.l loader:class com.vlife.plugin.module.core.VlifeClassLoader
11-29 13:18:01.593 I/VlifeClassLoader(12170): name:n.m loader:class com.vlife.plugin.module.core.VlifeClassLoader
11-29 13:18:01.593 I/VlifeClassLoader(12170): name:n.n loader:class com.vlife.plugin.module.core.VlifeClassLoader
11-29 13:18:01.593 I/VlifeClassLoader(12170): name:n.o loader:class com.vlife.plugin.module.core.VlifeClassLoader
11-29 13:18:01.593 I/VlifeClassLoader(12170): name:n.q loader:class com.vlife.plugin.module.core.VlifeClassLoader
11-29 13:18:01.593 I/VlifeClassLoader(12170): name:n.r loader:class com.vlife.plugin.module.core.VlifeClassLoader
11-29 13:18:01.593 I/VlifeClassLoader(12170): name:n.s loader:class com.vlife.plugin.module.core.VlifeClassLoader
11-29 13:18:01.593 I/VlifeClassLoader(12170): name:n.u loader:class com.vlife.plugin.module.core.VlifeClassLoader
11-29 13:18:01.593 I/VlifeClassLoader(12170): name:n.v loader:class com.vlife.plugin.module.core.VlifeClassLoader
11-29 13:18:01.603 I/VlifeClassLoader(12170): name:n.w loader:class com.vlife.plugin.module.core.VlifeClassLoader
11-29 13:18:01.603 I/VlifeClassLoader(12170): name:n.x loader:class com.vlife.plugin.module.core.VlifeClassLoader
11-29 13:18:01.603 I/VlifeClassLoader(12170): name:n.y loader:class com.vlife.plugin.module.core.VlifeClassLoader
11-29 13:18:01.603 I/VlifeClassLoader(12170): name:n.z loader:class com.vlife.plugin.module.core.VlifeClassLoader
11-29 13:18:01.603 I/VlifeClassLoader(12170): name:n.aa loader:class com.vlife.plugin.module.core.VlifeClassLoader
11-29 13:18:01.613 I/VlifeClassLoader(12170): name:n.ab loader:class com.vlife.plugin.module.core.VlifeClassLoader
11-29 13:18:01.613 I/VlifeClassLoader(12170): name:n.ad loader:class com.vlife.plugin.module.core.VlifeClassLoader
11-29 13:18:01.613 I/VlifeClassLoader(12170): name:n.ae loader:class com.vlife.plugin.module.core.VlifeClassLoader
11-29 13:18:01.613 I/VlifeClassLoader(12170): name:n.ag loader:class com.vlife.plugin.module.core.VlifeClassLoader
11-29 13:18:01.613 I/VlifeClassLoader(12170): name:n.ai loader:class com.vlife.plugin.module.core.VlifeClassLoader
11-29 13:18:01.623 I/VlifeClassLoader(12170): name:n.aj loader:class com.vlife.plugin.module.core.VlifeClassLoader
11-29 13:18:01.623 I/VlifeClassLoader(12170): name:n.al loader:class com.vlife.plugin.module.core.VlifeClassLoader
11-29 13:18:01.623 I/dex2oat (12199): /system/bin/dex2oat --runtime-arg -classpath --runtime-arg  --instruction-set=arm64 --instruction-set-features=div,needfix_835769 --runtime-arg -Xrelocate --boot-image=/system/framework/boot.art --dex-file=/data/data/com.vlife.nubia.wallpaper/files/ua/ua_56av5asd.dat --oat-fd=28 --oat-location=/data/data/com.vlife.nubia.wallpaper/files/ua/ua_54asdd3.dat --runtime-arg -Xms64m --runtime-arg -Xmx512m -j4
11-29 13:18:01.623 I/VlifeClassLoader(12170): name:n.am loader:class com.vlife.plugin.module.core.VlifeClassLoader
11-29 13:18:01.623 I/VlifeClassLoader(12170): name:n.an loader:class com.vlife.plugin.module.core.VlifeClassLoader
11-29 13:18:01.623 I/VlifeClassLoader(12170): name:n.ap loader:class com.vlife.plugin.module.core.VlifeClassLoader
11-29 13:18:01.623 I/VlifeClassLoader(12170): name:n.ar loader:class com.vlife.plugin.module.core.VlifeClassLoader
11-29 13:18:01.623 I/VlifeClassLoader(12170): name:n.as loader:class com.vlife.plugin.module.core.VlifeClassLoader
11-29 13:18:01.623 I/VlifeClassLoader(12170): name:n.at loader:class com.vlife.plugin.module.core.VlifeClassLoader
11-29 13:18:01.623 I/VlifeClassLoader(12170): name:n.au loader:class com.vlife.plugin.module.core.VlifeClassLoader
11-29 13:18:01.623 I/VlifeClassLoader(12170): name:n.ax loader:class com.vlife.plugin.module.core.VlifeClassLoader
11-29 13:18:01.623 I/VlifeClassLoader(12170): name:java.lang.Comparable loader:class java.lang.BootClassLoader
11-29 13:18:01.623 I/VlifeClassLoader(12170): name:n.az loader:class com.vlife.plugin.module.core.VlifeClassLoader
11-29 13:18:01.623 I/VlifeClassLoader(12170): name:n.bb loader:class com.vlife.plugin.module.core.VlifeClassLoader
11-29 13:18:01.623 I/VlifeClassLoader(12170): name:n.bc loader:class com.vlife.plugin.module.core.VlifeClassLoader
11-29 13:18:01.623 I/VlifeClassLoader(12170): name:n.bd loader:class com.vlife.plugin.module.core.VlifeClassLoader
11-29 13:18:01.623 I/VlifeClassLoader(12170): name:n.bf loader:class com.vlife.plugin.module.core.VlifeClassLoader
11-29 13:18:01.633 I/VlifeClassLoader(12170): name:n.bg loader:class com.vlife.plugin.module.core.VlifeClassLoader
11-29 13:18:01.633 I/VlifeClassLoader(12170): name:n.ak loader:class com.vlife.plugin.module.core.VlifeClassLoader
11-29 13:18:01.633 I/VlifeClassLoader(12170): name:n.bp loader:class com.vlife.plugin.module.core.VlifeClassLoader
11-29 13:18:01.633 I/VlifeClassLoader(12170): name:n.bq loader:class com.vlife.plugin.module.core.VlifeClassLoader
11-29 13:18:01.633 I/VlifeClassLoader(12170): name:n.bu loader:class com.vlife.plugin.module.core.VlifeClassLoader
11-29 13:18:01.633 I/VlifeClassLoader(12170): name:n.bt loader:class com.vlife.plugin.module.core.VlifeClassLoader
11-29 13:18:01.633 I/VlifeClassLoader(12170): name:n.bs loader:class com.vlife.plugin.module.core.VlifeClassLoader
11-29 13:18:01.633 I/VlifeClassLoader(12170): name:n.br loader:class com.vlife.plugin.module.core.VlifeClassLoader
11-29 13:18:01.633 I/VlifeClassLoader(12170): name:n.bv loader:class com.vlife.plugin.module.core.VlifeClassLoader
11-29 13:18:01.633 I/VlifeClassLoader(12170): name:n.bw loader:class com.vlife.plugin.module.core.VlifeClassLoader
11-29 13:18:01.633 I/VlifeClassLoader(12170): name:n.bx loader:class com.vlife.plugin.module.core.VlifeClassLoader
11-29 13:18:01.633 I/VlifeClassLoader(12170): name:n.by loader:class com.vlife.plugin.module.core.VlifeClassLoader
11-29 13:18:01.633 I/VlifeClassLoader(12170): name:n.bz loader:class com.vlife.plugin.module.core.VlifeClassLoader
11-29 13:18:01.633 I/VlifeClassLoader(12170): name:n.cb loader:class com.vlife.plugin.module.core.VlifeClassLoader
11-29 13:18:01.643 I/VlifeClassLoader(12170): name:n.ce loader:class com.vlife.plugin.module.core.VlifeClassLoader
11-29 13:18:01.643 I/VlifeClassLoader(12170): name:n.cc loader:class com.vlife.plugin.module.core.VlifeClassLoader
11-29 13:18:01.643 I/VlifeClassLoader(12170): name:n.cd loader:class com.vlife.plugin.module.core.VlifeClassLoader
11-29 13:18:01.643 I/VlifeClassLoader(12170): name:n.cf loader:class com.vlife.plugin.module.core.VlifeClassLoader
11-29 13:18:01.643 I/VlifeClassLoader(12170): name:n.cg loader:class com.vlife.plugin.module.core.VlifeClassLoader
11-29 13:18:01.643 I/VlifeClassLoader(12170): name:n.ch loader:class com.vlife.plugin.module.core.VlifeClassLoader
11-29 13:18:01.643 I/VlifeClassLoader(12170): name:n.ci loader:class com.vlife.plugin.module.core.VlifeClassLoader
11-29 13:18:01.643 I/VlifeClassLoader(12170): name:n.cj loader:class com.vlife.plugin.module.core.VlifeClassLoader
11-29 13:18:01.643 I/VlifeClassLoader(12170): name:n.cm loader:class com.vlife.plugin.module.core.VlifeClassLoader
11-29 13:18:01.653 I/VlifeClassLoader(12170): name:n.cp loader:class com.vlife.plugin.module.core.VlifeClassLoader
11-29 13:18:01.653 I/VlifeClassLoader(12170): name:n.cq loader:class com.vlife.plugin.module.core.VlifeClassLoader
11-29 13:18:01.653 I/VlifeClassLoader(12170): name:n.cu loader:class com.vlife.plugin.module.core.VlifeClassLoader
11-29 13:18:01.653 I/VlifeClassLoader(12170): name:n.cs loader:class com.vlife.plugin.module.core.VlifeClassLoader
11-29 13:18:01.653 I/VlifeClassLoader(12170): name:n.cv loader:class com.vlife.plugin.module.core.VlifeClassLoader
11-29 13:18:01.653 I/VlifeClassLoader(12170): name:n.cw loader:class com.vlife.plugin.module.core.VlifeClassLoader
11-29 13:18:01.653 I/VlifeClassLoader(12170): name:n.ea loader:class com.vlife.plugin.module.core.VlifeClassLoader
11-29 13:18:01.653 I/VlifeClassLoader(12170): name:n.cy loader:class com.vlife.plugin.module.core.VlifeClassLoader
11-29 13:18:01.653 I/VlifeClassLoader(12170): name:n.cz loader:class com.vlife.plugin.module.core.VlifeClassLoader
11-29 13:18:01.653 I/VlifeClassLoader(12170): name:n.da loader:class com.vlife.plugin.module.core.VlifeClassLoader
11-29 13:18:01.653 I/VlifeClassLoader(12170): name:n.db loader:class com.vlife.plugin.module.core.VlifeClassLoader
11-29 13:18:01.653 I/VlifeClassLoader(12170): name:n.dc loader:class com.vlife.plugin.module.core.VlifeClassLoader
11-29 13:18:01.653 I/VlifeClassLoader(12170): name:n.dd loader:class com.vlife.plugin.module.core.VlifeClassLoader
11-29 13:18:01.653 I/VlifeClassLoader(12170): name:n.de loader:class com.vlife.plugin.module.core.VlifeClassLoader
11-29 13:18:01.653 I/VlifeClassLoader(12170): name:n.df loader:class com.vlife.plugin.module.core.VlifeClassLoader
11-29 13:18:01.653 I/VlifeClassLoader(12170): name:n.dg loader:class com.vlife.plugin.module.core.VlifeClassLoader
11-29 13:18:01.653 I/VlifeClassLoader(12170): name:n.dh loader:class com.vlife.plugin.module.core.VlifeClassLoader
11-29 13:18:01.653 I/VlifeClassLoader(12170): name:n.di loader:class com.vlife.plugin.module.core.VlifeClassLoader
11-29 13:18:01.653 I/VlifeClassLoader(12170): name:n.dj loader:class com.vlife.plugin.module.core.VlifeClassLoader
11-29 13:18:01.653 I/VlifeClassLoader(12170): name:n.dk loader:class com.vlife.plugin.module.core.VlifeClassLoader
11-29 13:18:01.663 I/VlifeClassLoader(12170): name:n.dl loader:class com.vlife.plugin.module.core.VlifeClassLoader
11-29 13:18:01.663 I/VlifeClassLoader(12170): name:n.dm loader:class com.vlife.plugin.module.core.VlifeClassLoader
11-29 13:18:01.663 I/VlifeClassLoader(12170): name:n.dn loader:class com.vlife.plugin.module.core.VlifeClassLoader
11-29 13:18:01.663 I/VlifeClassLoader(12170): name:n.dp loader:class com.vlife.plugin.module.core.VlifeClassLoader
11-29 13:18:01.663 I/VlifeClassLoader(12170): name:n.dq loader:class com.vlife.plugin.module.core.VlifeClassLoader
11-29 13:18:01.663 I/VlifeClassLoader(12170): name:n.dr loader:class com.vlife.plugin.module.core.VlifeClassLoader
11-29 13:18:01.663 I/VlifeClassLoader(12170): name:n.ds loader:class com.vlife.plugin.module.core.VlifeClassLoader
11-29 13:18:01.663 I/VlifeClassLoader(12170): name:n.dt loader:class com.vlife.plugin.module.core.VlifeClassLoader
11-29 13:18:01.663 I/VlifeClassLoader(12170): name:n.dz loader:class com.vlife.plugin.module.core.VlifeClassLoader
11-29 13:18:01.663 I/VlifeClassLoader(12170): name:n.cx loader:class com.vlife.plugin.module.core.VlifeClassLoader
11-29 13:18:01.663 I/VlifeClassLoader(12170): name:n.ef loader:class com.vlife.plugin.module.core.VlifeClassLoader
11-29 13:18:01.663 I/VlifeClassLoader(12170): name:n.ee loader:class com.vlife.plugin.module.core.VlifeClassLoader
11-29 13:18:01.663 I/VlifeClassLoader(12170): name:n.ca loader:class com.vlife.plugin.module.core.VlifeClassLoader
11-29 13:18:01.663 I/VlifeClassLoader(12170): name:n.cr loader:class com.vlife.plugin.module.core.VlifeClassLoader
11-29 13:18:01.663 I/VlifeClassLoader(12170): name:n.eg loader:class com.vlife.plugin.module.core.VlifeClassLoader
11-29 13:18:01.663 I/VlifeClassLoader(12170): name:n.ck loader:class com.vlife.plugin.module.core.VlifeClassLoader
11-29 13:18:01.663 I/VlifeClassLoader(12170): name:n.cl loader:class com.vlife.plugin.module.core.VlifeClassLoader
11-29 13:18:01.663 I/VlifeClassLoader(12170): name:n.do loader:class com.vlife.plugin.module.core.VlifeClassLoader
11-29 13:18:01.663 I/VlifeClassLoader(12170): name:n.ct loader:class com.vlife.plugin.module.core.VlifeClassLoader
11-29 13:18:01.663 I/VlifeClassLoader(12170): name:com.vlife.common.lib.data.stat.StatisticsProvider loader:class com.vlife.plugin.module.core.VlifeClassLoader
11-29 13:18:01.663 I/VlifeClassLoader(12170): name:com.vlife.common.lib.intf.module.IOperationModule loader:class com.vlife.plugin.module.core.VlifeClassLoader
11-29 13:18:01.663 I/VlifeClassLoader(12170): name:com.handpet.component.provider.IOperationProvider loader:class com.vlife.plugin.module.core.VlifeClassLoader
11-29 13:18:01.673 I/VlifeClassLoader(12170): name:com.vlife.component.operation.OperationProvider loader:class com.vlife.plugin.module.core.VlifeClassLoader
11-29 13:18:01.673 I/VlifeClassLoader(12170): name:n.ms loader:class com.vlife.plugin.module.core.VlifeClassLoader
11-29 13:18:01.673 I/VlifeClassLoader(12170): name:n.ks loader:class com.vlife.plugin.module.core.VlifeClassLoader
11-29 13:18:01.673 I/VlifeClassLoader(12170): name:n.kx loader:class com.vlife.plugin.module.core.VlifeClassLoader
11-29 13:18:01.673 I/VlifeClassLoader(12170): name:n.qp loader:class com.vlife.plugin.module.core.VlifeClassLoader
11-29 13:18:01.673 I/VlifeClassLoader(12170): name:com.handpet.component.service.TaskServiceProvider$4 loader:class com.vlife.plugin.module.core.VlifeClassLoader
11-29 13:18:01.683 I/VlifeClassLoader(12170): name:n.gr loader:class com.vlife.plugin.module.core.VlifeClassLoader
11-29 13:18:01.683 I/VlifeClassLoader(12170): name:n.ql loader:class com.vlife.plugin.module.core.VlifeClassLoader
11-29 13:18:01.683 I/VlifeClassLoader(12170): name:n.kr loader:class com.vlife.plugin.module.core.VlifeClassLoader
11-29 13:18:01.683 I/VlifeClassLoader(12170): name:n.xo loader:class com.vlife.plugin.module.core.VlifeClassLoader
11-29 13:18:01.683 I/VlifeClassLoader(12170): name:com.handpet.component.service.TaskServiceProvider$6 loader:class com.vlife.plugin.module.core.VlifeClassLoader
11-29 13:18:01.683 I/VlifeClassLoader(12170): name:com.handpet.component.service.TaskServiceProvider$5 loader:class com.vlife.plugin.module.core.VlifeClassLoader
11-29 13:18:01.683 I/VlifeClassLoader(12170): name:n.vt loader:class com.vlife.plugin.module.core.VlifeClassLoader
11-29 13:18:01.683 I/VlifeClassLoader(12170): name:n.vc loader:class com.vlife.plugin.module.core.VlifeClassLoader
11-29 13:18:01.683 I/VlifeClassLoader(12170): name:n.vr loader:class com.vlife.plugin.module.core.VlifeClassLoader
11-29 13:18:01.683 I/VlifeClassLoader(12170): name:n.vc$1 loader:class com.vlife.plugin.module.core.VlifeClassLoader
11-29 13:18:01.683 I/VlifeClassLoader(12170): name:n.vc$1$1 loader:class com.vlife.plugin.module.core.VlifeClassLoader
11-29 13:18:01.683 I/VlifeClassLoader(12170): name:n.ur loader:class com.vlife.plugin.module.core.VlifeClassLoader
11-29 13:18:01.683 I/VlifeClassLoader(12170): name:n.ok loader:class com.vlife.plugin.module.core.VlifeClassLoader
11-29 13:18:01.693 I/VlifeClassLoader(12170): name:com.vlife.framework.connection.ServerProvider$1 loader:class com.vlife.plugin.module.core.VlifeClassLoader
11-29 13:18:01.693 I/VlifeClassLoader(12170): name:n.hs loader:class com.vlife.plugin.module.core.VlifeClassLoader
11-29 13:18:01.693 I/VlifeClassLoader(12170): name:n.ll loader:class com.vlife.plugin.module.core.VlifeClassLoader
11-29 13:18:01.693 I/VlifeClassLoader(12170): name:com.vlife.common.lib.abs.AbstractModuleReceiver loader:class com.vlife.plugin.module.core.VlifeClassLoader
11-29 13:18:01.693 I/VlifeClassLoader(12170): name:com.vlife.NReceiver loader:class com.vlife.plugin.module.core.VlifeClassLoader
11-29 13:18:01.693 I/VlifeClassLoader(12170): name:com.vlife.service.net.NetChangeReceiver loader:class com.vlife.plugin.module.core.VlifeClassLoader
11-29 13:18:01.703 I/VlifeClassLoader(12170): name:n.gi loader:class com.vlife.plugin.module.core.VlifeClassLoader
11-29 13:18:01.703 I/VlifeClassLoader(12170): name:n.fp loader:class com.vlife.plugin.module.core.VlifeClassLoader
11-29 13:18:01.703 I/VlifeClassLoader(12170): name:n.ng loader:class com.vlife.plugin.module.core.VlifeClassLoader
11-29 13:18:01.703 I/VlifeClassLoader(12170): name:n.ni loader:class com.vlife.plugin.module.core.VlifeClassLoader
11-29 13:18:01.703 I/VlifeClassLoader(12170): name:n.fd loader:class com.vlife.plugin.module.core.VlifeClassLoader
11-29 13:18:01.703 I/VlifeClassLoader(12170): name:com.vlife.framework.provider.abs.AbstractBroadcastReceiver loader:class com.vlife.plugin.module.core.VlifeClassLoader
11-29 13:18:01.703 I/VlifeClassLoader(12170): name:com.handpet.component.download.NewDownloadReceiver loader:class com.vlife.plugin.module.core.VlifeClassLoader
11-29 13:18:01.713 I/VlifeClassLoader(12170): name:android.database.sqlite.SQLiteOpenHelper loader:class java.lang.BootClassLoader
11-29 13:18:01.713 I/VlifeClassLoader(12170): name:n.kn loader:class com.vlife.plugin.module.core.VlifeClassLoader
11-29 13:18:01.713 I/VlifeClassLoader(12170): name:n.ff loader:class com.vlife.plugin.module.core.VlifeClassLoader
11-29 13:18:01.713 I/VlifeClassLoader(12170): name:com.vlife.framework.provider.intf.IStatusProvider$1 loader:class com.vlife.plugin.module.core.VlifeClassLoader
11-29 13:18:01.713 I/VlifeClassLoader(12170): name:java.lang.NoSuchFieldError loader:class java.lang.BootClassLoader
11-29 13:18:01.713 I/VlifeClassLoader(12170): name:android.database.sqlite.SQLiteDatabase loader:class java.lang.BootClassLoader
