11-29 13:19:18.893 D/NetworkManagementService(30117):   [3] iface=wlan0 uid=-1 set=ALL tag=0x0 rxBytes=4066786998 rxPackets=4072021 txBytes=542205545 txPackets=2971986 operations=0
11-29 13:19:18.893 D/NetworkManagementService(30117):   [4] iface=lo uid=-1 set=ALL tag=0x0 rxBytes=167123711 rxPackets=557773 txBytes=167123711 txPackets=557773 operations=0
11-29 13:19:18.903 D/PowerManagerService(30117): to showLogHandlerThread quit!
11-29 13:19:18.923 W/AlarmManager(30117): none no open power log
11-29 13:19:19.683 I/ServiceManager(11506): Waiting for service AtCmdFwd...
11-29 13:19:20.033 D/wpa_supplicant(32242): nl80211: Event message available
11-29 13:19:20.033 D/wpa_supplicant(32242): nl80211: Drv Event 34 (NL80211_CMD_NEW_SCAN_RESULTS) received for wlan0
11-29 13:19:20.033 D/wpa_supplicant(32242): wlan0: nl80211: New scan results available
11-29 13:19:20.033 D/wpa_supplicant(32242): nl80211: Scan probed for SSID 'yidianlianjie'
11-29 13:19:20.033 D/wpa_supplicant(32242): nl80211: Scan probed for SSID ''
11-29 13:19:20.033 D/wpa_supplicant(32242): nl80211: Scan included frequencies: 2412 2417 2422 2427 2432 2437 2442 2447 2452 2457 2462 2467 2472 5180 5200 5220 5240 5260 5280 5300 5320 5745 5765 5785 5805 5825
11-29 13:19:20.033 D/wpa_supplicant(32242): wlan0: Event SCAN_RESULTS (3) received
11-29 13:19:20.033 D/wpa_supplicant(32242): wlan0: Scan completed in 1.984722 seconds
11-29 13:19:20.033 D/wpa_supplicant(32242): nl80211: Associated on 2472 MHz
11-29 13:19:20.033 D/wpa_supplicant(32242): nl80211: Associated with 44:97:5a:e0:f6:10
11-29 13:19:20.033 D/wpa_supplicant(32242): nl80211: Received scan results (13 BSSes)
11-29 13:19:20.033 D/wpa_supplicant(32242): nl80211: Scan results indicate BSS status with 44:97:5a:e0:f6:10 as associated
11-29 13:19:20.033 D/wpa_supplicant(32242): wlan0: BSS: Start scan result update 818
11-29 13:19:20.043 D/wpa_supplicant(32242): wlan0: BSS: Add new id 2373 BSSID 64:09:80:65:8d:c9 SSID '\xe5\xa4\xa9\xe7\x8e\x8b\xe7\x9b\x96\xe5\x9c\xb0\xe8\x99\x8e'
11-29 13:19:20.043 D/wpa_supplicant(32242): CTRL_IFACE monitor sent successfully to /data/misc/wifi/sockets/wpa_ctrl_30117-107\x00
11-29 13:19:20.043 D/wpa_supplicant(32242): wlan0: BSS: Add new id 2374 BSSID 8e:21:6a:f4:29:67 SSID 'Guest'
11-29 13:19:20.043 D/wpa_supplicant(32242): CTRL_IFACE monitor sent successfully to /data/misc/wifi/sockets/wpa_ctrl_30117-107\x00
11-29 13:19:20.043 D/wpa_supplicant(32242): BSS: last_scan_res_used=13/128
11-29 13:19:20.043 D/wpa_supplicant(32242): wlan0: Scan-only results received
11-29 13:19:20.043 D/wpa_supplicant(32242): CTRL_IFACE monitor sent successfully to /data/misc/wifi/sockets/wpa_ctrl_30117-107\x00
11-29 13:19:20.043 D/wpa_supplicant(32242): wlan0: Radio work 'scan'@0x55bf8dd850 done in 1.988117 seconds
11-29 13:19:20.043 I/WifiHAL (30117): Poll result = 1
11-29 13:19:20.043 I/WifiHAL (30117): Found some events!!!
11-29 13:19:20.043 D/WifiHAL (30117): no_seq_check received
11-29 13:19:20.043 I/WifiHAL (30117): event received NL80211_CMD_NEW_SCAN_RESULTS
11-29 13:19:20.043 I/WifiHAL (30117): event received NL80211_CMD_NEW_SCAN_RESULTS, vendor_id = 0x0
11-29 13:19:20.043 I/WifiHAL (30117): event ignored!!
11-29 13:19:20.043 D/wpa_supplicant(32242): wlan0: Control interface command 'BSS RANGE=0- MASK=0x21987'
11-29 13:19:20.043 D/wpa_supplicant(32242): WPS: Unknown Vendor Extension (Vendor ID 311)
11-29 13:19:20.043 D/wpa_supplicant(32242): WPS: Unknown Vendor Extension (Vendor ID 311)
11-29 13:19:20.043 D/wpa_supplicant(32242): WPS: Unknown Vendor Extension (Vendor ID 311)
11-29 13:19:20.053 D/LBSSystemMonitorService(30117): handleMessage what - 4
11-29 13:19:20.053 D/Wiper_jni(30117): Send Network Location.
11-29 13:19:20.063 D/StatusBar.MSimNetworkController(32128): onSignalStrengthsChanged received on phoneId :0 subid: 2signalStrength=SignalStrength: 99 0 -120 -160 -120 -1 -1 27 -86 -7 -184 2147483647 2147483647 gsm|lte level=4
11-29 13:19:20.233 D/wpa_supplicant(32242): wlan0: Control interface command 'SIGNAL_POLL'
11-29 13:19:20.683 W/Atfwd_Sendcmd(11506): AtCmdFwd service not published, waiting... retryCnt : 4
11-29 13:19:20.883 D/StatusBar.MSimNetworkController(32128): onSignalStrengthsChanged received on phoneId :0 subid: 2signalStrength=SignalStrength: 99 0 -120 -160 -120 -1 -1 27 -86 -8 -184 2147483647 2147483647 gsm|lte level=4
11-29 13:19:23.243 D/wpa_supplicant(32242): wlan0: Control interface command 'SIGNAL_POLL'
11-29 13:19:23.443 D/StatusBar.MSimNetworkController(32128): onSignalStrengthsChanged received on phoneId :0 subid: 2signalStrength=SignalStrength: 99 0 -120 -160 -120 -1 -1 27 -86 -8 -184 2147483647 2147483647 gsm|lte level=4
11-29 13:19:23.443 D/StatusBar.MSimNetworkController(32128): onSignalStrengthsChanged received on phoneId :0 subid: 2signalStrength=SignalStrength: 99 0 -120 -160 -120 -1 -1 27 -86 -8 -184 2147483647 2147483647 gsm|lte level=4
11-29 13:19:25.993 D/StatusBar.MSimNetworkController(32128): onSignalStrengthsChanged received on phoneId :0 subid: 2signalStrength=SignalStrength: 99 0 -120 -160 -120 -1 -1 27 -86 -8 -184 2147483647 2147483647 gsm|lte level=4
11-29 13:19:26.243 D/wpa_supplicant(32242): wlan0: Control interface command 'SIGNAL_POLL'
11-29 13:19:27.273 D/StatusBar.MSimNetworkController(32128): onSignalStrengthsChanged received on phoneId :0 subid: 2signalStrength=SignalStrength: 99 0 -120 -160 -120 -1 -1 27 -86 -7 -184 2147483647 2147483647 gsm|lte level=4
11-29 13:19:28.553 D/StatusBar.MSimNetworkController(32128): onSignalStrengthsChanged received on phoneId :0 subid: 2signalStrength=SignalStrength: 99 0 -120 -160 -120 -1 -1 27 -86 -7 -184 2147483647 2147483647 gsm|lte level=4
11-29 13:19:28.683 V/ApplicationNetworkController(30117): do not set again, mobile=true, wifi=true for cn.nubia.launcher
11-29 13:19:28.723 I/MSM-irqbalance(  671): Decided to move IRQ166 from CPU7 to CPU4
11-29 13:19:29.253 D/wpa_supplicant(32242): wlan0: Control interface command 'SIGNAL_POLL'
11-29 13:19:29.483 I/ViewRootImpl(12259): CPU Rendering VSync enable = true
11-29 13:19:29.483 V/WindowManager(30117): not Base app: Adding window Window{3ae8b8c0 u0 ydt.wujie/ydt.wujie.LaunchPad} at 9 of 13
11-29 13:19:29.493 I/art     (12259): Background sticky concurrent mark sweep GC freed 10274(1327KB) AllocSpace objects, 0(0B) LOS objects, 20% free, 5MB/6MB, paused 8.797ms total 23.297ms
11-29 13:19:29.543 I/libGameXtend(12259): LUCID_1 (1511932769557) GameXtend is currently running in Automatic mode
11-29 13:19:29.543 I/libGameXtend(12259): LUCID_1 (1511932769557) GameXtend is currently running in no_save Save power state. 
11-29 13:19:29.543 I/libGameXtend(12259): LUCID_1 (1511932769558) ydt.wujie is currently running with GameXtend, with PS parameter = 1. , ICE is not supported. PS parameter source is PowerXtend configuration
11-29 13:19:29.543 I/libGameXtend(12259): LUCID_1 (1511932769558) PowerXtend touch feature is not active
11-29 13:19:29.633 D/Ulp_jni (30117): JNI:In update_settings:currentContextType 0, currentGpsSetting 0, currentAgpsSetting 1,currentNetworkProvSetting 0,currentWifiSetting 1,currentBatteryCharging 0,currentEnhLocationServicesSetting 0 currentPipUserSetting 0 
11-29 13:19:29.633 D/Ulp_jni (30117): JNI:system_update. Event-4
11-29 13:19:29.633 D/FitAnimSurface(30117): nubia_surface_first_show  Window{3ae8b8c0 u0 ydt.wujie/ydt.wujie.LaunchPad}
11-29 13:19:29.823 W/cr_BindingManager(12259): Cannot call determinedVisibility() - never saw a connection for the pid: 12259
11-29 13:19:29.823 D/cr_Ime  (12259): [InputMethodManagerWrapper.java:59] isActive: true
11-29 13:19:29.823 D/cr_Ime  (12259): [InputMethodManagerWrapper.java:68] hideSoftInputFromWindow
11-29 13:19:31.113 D/StatusBar.MSimNetworkController(32128): onSignalStrengthsChanged received on phoneId :0 subid: 2signalStrength=SignalStrength: 99 0 -120 -160 -120 -1 -1 30 -86 -9 -184 2147483647 2147483647 gsm|lte level=4
11-29 13:19:31.113 D/StatusBar.MSimNetworkController(32128): onSignalStrengthsChanged received on phoneId :0 subid: 2signalStrength=SignalStrength: 99 0 -120 -160 -120 -1 -1 30 -86 -9 -184 2147483647 2147483647 gsm|lte level=4
11-29 13:19:31.743 D/PowerManagerService(30117): to showLogHandlerThread quit!
11-29 13:19:31.753 D/NetworkManagementService(30117): hardware tether stats:NetworkStats: elapsedRealtime=1040030607
11-29 13:19:31.763 D/NetworkManagementService(30117): getNetworkStatsSummaryXt:NetworkStats: elapsedRealtime=1040030608
11-29 13:19:31.763 D/NetworkManagementService(30117):   [0] iface=tun1 uid=-1 set=ALL tag=0x0 rxBytes=378627 rxPackets=1063 txBytes=180889 txPackets=1893 operations=0
11-29 13:19:31.763 D/NetworkManagementService(30117):   [1] iface=rmnet_data0 uid=-1 set=ALL tag=0x0 rxBytes=57676291 rxPackets=107823 txBytes=20557418 txPackets=125750 operations=0
11-29 13:19:31.763 D/NetworkManagementService(30117):   [2] iface=tun0 uid=-1 set=ALL tag=0x0 rxBytes=51463731 rxPackets=52521 txBytes=4900675 txPackets=54462 operations=0
11-29 13:19:31.763 D/NetworkManagementService(30117):   [3] iface=wlan0 uid=-1 set=ALL tag=0x0 rxBytes=4055411012 rxPackets=3732405 txBytes=500372657 txPackets=2957682 operations=0
11-29 13:19:31.763 D/NetworkManagementService(30117):   [4] iface=lo uid=-1 set=ALL tag=0x0 rxBytes=167673213 rxPackets=558371 txBytes=167673213 txPackets=558371 operations=0
11-29 13:19:31.763 D/NetworkManagementService(30117): hardware tether stats:NetworkStats: elapsedRealtime=1040030612
11-29 13:19:31.763 D/NetworkManagementService(30117): getNetworkStatsSummaryDev:NetworkStats: elapsedRealtime=1040030614
11-29 13:19:31.763 D/NetworkManagementService(30117):   [0] iface=tun1 uid=-1 set=ALL tag=0x0 rxBytes=378627 rxPackets=1063 txBytes=177774 txPackets=1842 operations=0
11-29 13:19:31.763 D/NetworkManagementService(30117):   [1] iface=rmnet_data0 uid=-1 set=ALL tag=0x0 rxBytes=57676291 rxPackets=107823 txBytes=21614808 txPackets=125748 operations=0
11-29 13:19:31.763 D/NetworkManagementService(30117):   [2] iface=tun0 uid=-1 set=ALL tag=0x0 rxBytes=51463731 rxPackets=52521 txBytes=4883666 txPackets=54167 operations=0
11-29 13:19:31.763 D/NetworkManagementService(30117):   [3] iface=wlan0 uid=-1 set=ALL tag=0x0 rxBytes=4067249815 rxPackets=4072442 txBytes=542312327 txPackets=2972311 operations=0
11-29 13:19:31.763 D/NetworkManagementService(30117):   [4] iface=lo uid=-1 set=ALL tag=0x0 rxBytes=167673213 rxPackets=558371 txBytes=167673213 txPackets=558371 operations=0
11-29 13:19:32.063 D/PowerManagerService(30117): to showLogHandlerThread quit!
11-29 13:19:32.063 D/PowerManagerService(30117): to showLogHandlerThread quit!
11-29 13:19:32.063 D/PowerManagerService(30117): to showLogHandlerThread quit!
11-29 13:19:32.083 D/NubiaSelfStartUtil(30117): not allow packageName==com.tencent.reading from service
11-29 13:19:32.083 E/SyncManager(30117): Bind attempt failed - target: ComponentInfo{com.tencent.reading/com.tencent.reading.account.SyncService}
11-29 13:19:32.083 D/PowerManagerService(30117): to showLogHandlerThread quit!
11-29 13:19:32.083 D/ActivityManager(30117): target_pkg = com.tencent.reading, target_process = com.tencent.reading:PushService
11-29 13:19:32.083 D/ActivityManager(30117): bindService caller Pid = 30117, Uid = 1000 callerApp.pkgList ={android=com.android.internal.app.ProcessStats$ProcessStateHolder@19c489b4, com.android.providers.settings=com.android.internal.app.ProcessStats$ProcessStateHolder@fdba9dd, com.android.server.telecom=com.android.internal.app.ProcessStats$ProcessStateHolder@3bb69904, com.dsi.ant.server=com.android.internal.app.ProcessStats$ProcessStateHolder@2b391fba, cn.nubia.forbid.selfstart.provider=com.android.internal.app.ProcessStats$ProcessStateHolder@2c36d952, com.qualcomm.location=com.android.internal.app.ProcessStats$ProcessStateHolder@5bd0ce0}, service_name = ComponentInfo{com.tencent.reading/com.tencent.reading.account.SyncService}
11-29 13:19:32.083 D/ActivityManager(30117): from sync manager syncReason=-4
11-29 13:19:32.083 D/ActivityManager(30117): fromSyncManager forbid starting ComponentInfo{com.tencent.reading/com.tencent.reading.account.SyncService}
11-29 13:19:32.083 W/AlarmManager(30117): none no open power log
11-29 13:19:32.123 D/PowerManagerService(30117): to showLogHandlerThread quit!
11-29 13:19:32.123 W/AlarmManager(30117): none no open power log
11-29 13:19:32.263 D/wpa_supplicant(32242): wlan0: Control interface command 'SIGNAL_POLL'
11-29 13:19:33.693 D/StatusBar.MSimNetworkController(32128): onSignalStrengthsChanged received on phoneId :0 subid: 2signalStrength=SignalStrength: 99 0 -120 -160 -120 -1 -1 29 -86 -7 -184 2147483647 2147483647 gsm|lte level=4
11-29 13:19:33.723 I/MSM-irqbalance(  671): Decided to move IRQ215 from CPU6 to CPU4
11-29 13:19:34.953 D/StatusBar.MSimNetworkController(32128): onSignalStrengthsChanged received on phoneId :0 subid: 2signalStrength=SignalStrength: 99 0 -120 -160 -120 -1 -1 29 -86 -7 -184 2147483647 2147483647 gsm|lte level=4
11-29 13:19:35.273 D/wpa_supplicant(32242): wlan0: Control interface command 'SIGNAL_POLL'
11-29 13:19:35.803 E/GpsXtraDownloader(30117): No XTRA servers were specified in the GPS configuration
11-29 13:19:35.803 D/PowerManagerService(30117): to showLogHandlerThread quit!
11-29 13:19:36.223 D/StatusBar.MSimNetworkController(32128): onSignalStrengthsChanged received on phoneId :0 subid: 2signalStrength=SignalStrength: 99 0 -120 -160 -120 -1 -1 29 -86 -8 -184 2147483647 2147483647 gsm|lte level=4
11-29 13:19:36.553 D/PowerManagerService(30117): to showLogHandlerThread quit!
11-29 13:19:36.563 W/AlarmManager(30117): none no open power log
11-29 13:19:38.283 D/wpa_supplicant(32242): wlan0: Control interface command 'SIGNAL_POLL'
11-29 13:19:38.723 I/MSM-irqbalance(  671): Decided to move IRQ155 from CPU6 to CPU4
11-29 13:19:38.793 D/StatusBar.MSimNetworkController(32128): onSignalStrengthsChanged received on phoneId :0 subid: 2signalStrength=SignalStrength: 99 0 -120 -160 -120 -1 -1 29 -86 -8 -184 2147483647 2147483647 gsm|lte level=4
11-29 13:19:38.793 D/StatusBar.MSimNetworkController(32128): onSignalStrengthsChanged received on phoneId :0 subid: 2signalStrength=SignalStrength: 99 0 -120 -160 -120 -1 -1 29 -86 -8 -184 2147483647 2147483647 gsm|lte level=4
11-29 13:19:39.163 D/StatusBar.MSimNetworkController(32128): refreshViews connected={ wifi } level=4 mMSimcombinedSignalIconId=0x7f0201c4/com.android.systemui:drawable/stat_sys_wifi_signal_png_4_fully mMSimcombinedActivityIconId=0x0 mAirplaneMode=false mMSimDataActivity=0 mMSimPhoneSignalIconId=0x7f0201b1/com.android.systemui:drawable/stat_sys_signal_4 mMSimDataDirectionIconId=0x0 mMSimDataSignalIconId=0x7f0201b1 mMSimDataTypeIconId=0x0/(null) mNoMSimIconId=0x0/(null) mMSimMobileActivityIconId=0x0/(null) mWifiIconId=0x7f0201c4 mBluetoothTetherIconId=0x108069f
11-29 13:19:40.173 D/StatusBar.MSimNetworkController(32128): refreshViews connected={ wifi } level=4 mMSimcombinedSignalIconId=0x7f0201c4/com.android.systemui:drawable/stat_sys_wifi_signal_png_4_fully mMSimcombinedActivityIconId=0x7f0201be mAirplaneMode=false mMSimDataActivity=0 mMSimPhoneSignalIconId=0x7f0201b1/com.android.systemui:drawable/stat_sys_signal_4 mMSimDataDirectionIconId=0x0 mMSimDataSignalIconId=0x7f0201b1 mMSimDataTypeIconId=0x0/(null) mNoMSimIconId=0x0/(null) mMSimMobileActivityIconId=0x0/(null) mWifiIconId=0x7f0201c4 mBluetoothTetherIconId=0x108069f
11-29 13:19:40.683 I/ServiceManager(11506): Waiting for service AtCmdFwd...
11-29 13:19:41.303 D/wpa_supplicant(32242): wlan0: Control interface command 'SIGNAL_POLL'
11-29 13:19:41.343 D/StatusBar.MSimNetworkController(32128): onSignalStrengthsChanged received on phoneId :0 subid: 2signalStrength=SignalStrength: 99 0 -120 -160 -120 -1 -1 28 -86 -6 -184 2147483647 2147483647 gsm|lte level=4
11-29 13:19:41.683 I/ServiceManager(11506): Waiting for service AtCmdFwd...
11-29 13:19:41.953 W/ActivityManager(30117): getRunningAppProcesses: caller 10115 does not hold REAL_GET_TASKS; limiting output
11-29 13:19:42.453 W/InputMethodManagerService(30117): Window already focused, ignoring focus gain of: com.android.internal.view.IInputMethodClient$Stub$Proxy@3b7f4f31 attribute=null, token = android.os.BinderProxy@1fda4ed0
11-29 13:19:42.633 D/StatusBar.MSimNetworkController(32128): onSignalStrengthsChanged received on phoneId :0 subid: 2signalStrength=SignalStrength: 99 0 -120 -160 -120 -1 -1 28 -86 -6 -184 2147483647 2147483647 gsm|lte level=4
11-29 13:19:42.693 I/ServiceManager(11506): Waiting for service AtCmdFwd...
11-29 13:19:42.713 W/ActivityManager(30117): getRunningAppProcesses: caller 10114 does not hold REAL_GET_TASKS; limiting output
11-29 13:19:42.723 E/AVGFPS  (  403): ydt.wujie/ydt.wujie.LaunchPad b- nAvgNum= 14 avgtime=20299082.00 fps=49.26
11-29 13:19:43.173 D/StatusBar.MSimNetworkController(32128): refreshViews connected={ wifi } level=4 mMSimcombinedSignalIconId=0x7f0201c4/com.android.systemui:drawable/stat_sys_wifi_signal_png_4_fully mMSimcombinedActivityIconId=0x0 mAirplaneMode=false mMSimDataActivity=0 mMSimPhoneSignalIconId=0x7f0201b1/com.android.systemui:drawable/stat_sys_signal_4 mMSimDataDirectionIconId=0x0 mMSimDataSignalIconId=0x7f0201b1 mMSimDataTypeIconId=0x0/(null) mNoMSimIconId=0x0/(null) mMSimMobileActivityIconId=0x0/(null) mWifiIconId=0x7f0201c4 mBluetoothTetherIconId=0x108069f
11-29 13:19:43.683 I/ServiceManager(11506): Waiting for service AtCmdFwd...
11-29 13:19:43.723 I/MSM-irqbalance(  671): Decided to move IRQ129 from CPU6 to CPU4
11-29 13:19:43.923 D/StatusBar.MSimNetworkController(32128): onSignalStrengthsChanged received on phoneId :0 subid: 2signalStrength=SignalStrength: 99 0 -120 -160 -120 -1 -1 28 -86 -6 -184 2147483647 2147483647 gsm|lte level=4
11-29 13:19:44.183 D/StatusBar.MSimNetworkController(32128): refreshViews connected={ wifi } level=4 mMSimcombinedSignalIconId=0x7f0201c4/com.android.systemui:drawable/stat_sys_wifi_signal_png_4_fully mMSimcombinedActivityIconId=0x7f0201be mAirplaneMode=false mMSimDataActivity=0 mMSimPhoneSignalIconId=0x7f0201b1/com.android.systemui:drawable/stat_sys_signal_4 mMSimDataDirectionIconId=0x0 mMSimDataSignalIconId=0x7f0201b1 mMSimDataTypeIconId=0x0/(null) mNoMSimIconId=0x0/(null) mMSimMobileActivityIconId=0x0/(null) mWifiIconId=0x7f0201c4 mBluetoothTetherIconId=0x108069f
11-29 13:19:44.323 D/wpa_supplicant(32242): wlan0: Control interface command 'SIGNAL_POLL'
11-29 13:19:44.683 I/ServiceManager(11506): Waiting for service AtCmdFwd...
11-29 13:19:45.683 W/Atfwd_Sendcmd(11506): AtCmdFwd service not published, waiting... retryCnt : 5
11-29 13:19:46.473 D/StatusBar.MSimNetworkController(32128): onSignalStrengthsChanged received on phoneId :0 subid: 2signalStrength=SignalStrength: 99 0 -120 -160 -120 -1 -1 27 -88 -6 -184 2147483647 2147483647 gsm|lte level=4
11-29 13:19:46.473 D/StatusBar.MSimNetworkController(32128): onSignalStrengthsChanged received on phoneId :0 subid: 2signalStrength=SignalStrength: 99 0 -120 -160 -120 -1 -1 26 -90 -6 -184 2147483647 2147483647 gsm|lte level=4
11-29 13:19:47.193 D/StatusBar.MSimNetworkController(32128): refreshViews connected={ wifi } level=4 mMSimcombinedSignalIconId=0x7f0201c4/com.android.systemui:drawable/stat_sys_wifi_signal_png_4_fully mMSimcombinedActivityIconId=0x7f0201bd mAirplaneMode=false mMSimDataActivity=0 mMSimPhoneSignalIconId=0x7f0201b1/com.android.systemui:drawable/stat_sys_signal_4 mMSimDataDirectionIconId=0x0 mMSimDataSignalIconId=0x7f0201b1 mMSimDataTypeIconId=0x0/(null) mNoMSimIconId=0x0/(null) mMSimMobileActivityIconId=0x0/(null) mWifiIconId=0x7f0201c4 mBluetoothTetherIconId=0x108069f
11-29 13:19:47.333 D/wpa_supplicant(32242): wlan0: Control interface command 'SIGNAL_POLL'
11-29 13:19:48.193 D/StatusBar.MSimNetworkController(32128): refreshViews connected={ wifi } level=4 mMSimcombinedSignalIconId=0x7f0201c4/com.android.systemui:drawable/stat_sys_wifi_signal_png_4_fully mMSimcombinedActivityIconId=0x0 mAirplaneMode=false mMSimDataActivity=0 mMSimPhoneSignalIconId=0x7f0201b1/com.android.systemui:drawable/stat_sys_signal_4 mMSimDataDirectionIconId=0x0 mMSimDataSignalIconId=0x7f0201b1 mMSimDataTypeIconId=0x0/(null) mNoMSimIconId=0x0/(null) mMSimMobileActivityIconId=0x0/(null) mWifiIconId=0x7f0201c4 mBluetoothTetherIconId=0x108069f
11-29 13:19:48.313 W/cr_BindingManager(12259): Cannot call determinedVisibility() - never saw a connection for the pid: 12259
11-29 13:19:48.313 D/cr_Ime  (12259): [InputMethodManagerWrapper.java:59] isActive: true
11-29 13:19:48.313 D/cr_Ime  (12259): [InputMethodManagerWrapper.java:68] hideSoftInputFromWindow
11-29 13:19:48.723 I/MSM-irqbalance(  671): Decided to move IRQ239 from CPU6 to CPU4
11-29 13:19:48.973 D/cr_Ime  (12259): [InputMethodManagerWrapper.java:59] isActive: true
11-29 13:19:48.973 D/cr_Ime  (12259): [InputMethodManagerWrapper.java:68] hideSoftInputFromWindow
11-29 13:19:49.023 D/StatusBar.MSimNetworkController(32128): onSignalStrengthsChanged received on phoneId :0 subid: 2signalStrength=SignalStrength: 99 0 -120 -160 -120 -1 -1 26 -90 -6 -184 2147483647 2147483647 gsm|lte level=4
11-29 13:19:49.033 W/BreathingLightService(30117): setBreathingLightState: repeated process!
11-29 13:19:49.993 I/ViewRootImpl(12259): CPU Rendering VSync enable = true
11-29 13:19:50.003 V/WindowManager(30117): not Base app: Adding window Window{fb90b97 u0 ydt.wujie/ydt.wujie.LaunchPad} at 9 of 13
11-29 13:19:50.053 I/libGameXtend(12259): LUCID_1 (1511932790066) GameXtend is currently running in Automatic mode
11-29 13:19:50.053 I/libGameXtend(12259): LUCID_1 (1511932790066) GameXtend is currently running in no_save Save power state. 
11-29 13:19:50.053 I/libGameXtend(12259): LUCID_1 (1511932790067) ydt.wujie is currently running with GameXtend, with PS parameter = 1. , ICE is not supported. PS parameter source is PowerXtend configuration
11-29 13:19:50.053 I/libGameXtend(12259): LUCID_1 (1511932790067) PowerXtend touch feature is not active
11-29 13:19:50.143 D/FitAnimSurface(30117): nubia_surface_first_show  Window{fb90b97 u0 ydt.wujie/ydt.wujie.LaunchPad}
11-29 13:19:50.143 D/Ulp_jni (30117): JNI:In update_settings:currentContextType 0, currentGpsSetting 0, currentAgpsSetting 1,currentNetworkProvSetting 0,currentWifiSetting 1,currentBatteryCharging 0,currentEnhLocationServicesSetting 0 currentPipUserSetting 0 
11-29 13:19:50.143 D/Ulp_jni (30117): JNI:system_update. Event-4
11-29 13:19:50.313 D/StatusBar.MSimNetworkController(32128): onSignalStrengthsChanged received on phoneId :0 subid: 2signalStrength=SignalStrength: 99 0 -120 -160 -120 -1 -1 26 -90 -6 -184 2147483647 2147483647 gsm|lte level=4
11-29 13:19:50.353 D/wpa_supplicant(32242): wlan0: Control interface command 'SIGNAL_POLL'
11-29 13:19:50.763 W/cr_AwContents(12259): WebView.destroy() called while WebView is still attached to window.
11-29 13:19:50.903 D/StatusBar(32128): shouldShowOnKeyguardByNubia showOnKeyguard = false, showSensitive=true, notificationSwitch =true   packageName = android   num = 0  sensitive =false   showByBlackWhiteFilter = false  isBouncerShowing =false
11-29 13:19:50.903 D/StatusBar(32128): shouldShowOnKeyguardByNubia showOnKeyguard = false, showSensitive=true, notificationSwitch =true   packageName = android   num = 0  sensitive =false   showByBlackWhiteFilter = false  isBouncerShowing =false
11-29 13:19:50.903 D/StatusBar(32128): shouldShowOnKeyguardByNubia showOnKeyguard = true, showSensitive=true, notificationSwitch =true   packageName = cn.nubia.mms   num = 1  sensitive =false   showByBlackWhiteFilter = true  isBouncerShowing =false
11-29 13:19:50.913 D/StatusBar(32128): shouldShowOnKeyguardByNubia showOnKeyguard = true, showSensitive=true, notificationSwitch =true   packageName = cn.etouch.ecalendar   num = 1  sensitive =false   showByBlackWhiteFilter = false  isBouncerShowing =false
11-29 13:19:50.913 D/StatusBar(32128): shouldShowOnKeyguardByNubia showOnKeyguard = true, showSensitive=true, notificationSwitch =true   packageName = com.UCMobile   num = 1  sensitive =false   showByBlackWhiteFilter = false  isBouncerShowing =false
11-29 13:19:50.913 D/StatusBar(32128): shouldShowOnKeyguardByNubia showOnKeyguard = false, showSensitive=true, notificationSwitch =true   packageName = com.tencent.mobileqq   num = 0  sensitive =false   showByBlackWhiteFilter = false  isBouncerShowing =false
11-29 13:19:50.913 E/ImeManager(30117): System would not have a null focused window on display;0
11-29 13:19:50.923 D/StatusBar(32128): shouldShowOnKeyguardByNubia showOnKeyguard = false, showSensitive=true, notificationSwitch =true   packageName = com.sdu.didi.psnger   num = 0  sensitive =false   showByBlackWhiteFilter = false  isBouncerShowing =false
11-29 13:19:50.923 D/PowerManagerService(30117): to showLogHandlerThread quit!
11-29 13:19:50.933 D/cr_Ime  (12259): [InputMethodManagerWrapper.java:59] isActive: true
11-29 13:19:50.933 D/cr_Ime  (12259): [InputMethodManagerWrapper.java:68] hideSoftInputFromWindow
11-29 13:19:50.933 D/StatusBar(32128): shouldShowOnKeyguardByNubia showOnKeyguard = false, showSensitive=true, notificationSwitch =true   packageName = com.sdu.didi.psnger   num = 0  sensitive =false   showByBlackWhiteFilter = false  isBouncerShowing =false
11-29 13:19:50.933 W/InputMethodManagerService(30117): Focus gain on non-focused client com.android.internal.view.IInputMethodClient$Stub$Proxy@211c2184 (uid=10274 pid=12259)
11-29 13:19:50.943 D/StatusBar(32128): shouldShowOnKeyguardByNubia showOnKeyguard = false, showSensitive=true, notificationSwitch =true   packageName = com.sdu.didi.psnger   num = 0  sensitive =false   showByBlackWhiteFilter = false  isBouncerShowing =false
11-29 13:19:50.943 D/StatusBar(32128): shouldShowOnKeyguardByNubia showOnKeyguard = false, showSensitive=true, notificationSwitch =true   packageName = com.sdu.didi.psnger   num = 0  sensitive =false   showByBlackWhiteFilter = false  isBouncerShowing =false
11-29 13:19:50.953 D/ConnectivityManager.CallbackHandler(12259): CM callback handler got msg 524296
11-29 13:19:50.953 D/StatusBar(32128): shouldShowOnKeyguardByNubia showOnKeyguard = false, showSensitive=true, notificationSwitch =true   packageName = com.sdu.didi.psnger   num = 0  sensitive =false   showByBlackWhiteFilter = false  isBouncerShowing =false
11-29 13:19:50.953 D/StatusBar(32128): shouldShowOnKeyguardByNubia showOnKeyguard = false, showSensitive=true, notificationSwitch =true   packageName = com.baidu.BaiduMap   num = 0  sensitive =false   showByBlackWhiteFilter = false  isBouncerShowing =false
11-29 13:19:50.953 D/ConnectivityService(30117): releasing NetworkRequest NetworkRequest [ id=1282, legacyType=-1, [ Capabilities: INTERNET&NOT_RESTRICTED&TRUSTED&NOT_VPN] ]
11-29 13:19:51.063 D/wpa_supplicant(32242): nl80211: Ignore RTM_NEWLINK event for foreign ifindex 93
11-29 13:19:51.063 D/wpa_supplicant(32242): nl80211: Ignore RTM_DELLINK event for foreign ifindex 93
11-29 13:19:51.063 E/NetlinkEvent(29865): Unknown ifindex 93 in RTM_DELADDR
11-29 13:19:51.073 D/VPN     (30117): NetworkAgent: NetworkAgent channel lost
11-29 13:19:51.073 D/ConnectivityService(30117): NetworkAgentInfo [VPN () - 401] EVENT_NETWORK_INFO_CHANGED, going from CONNECTED to DISCONNECTED
11-29 13:19:51.073 D/ConnectivityService(30117): NetworkAgentInfo [VPN () - 401] got DISCONNECTED, was satisfying 5
11-29 13:19:51.113 D/PowerManagerService(30117): to showLogHandlerThread quit!
11-29 13:19:51.123 D/NetworkManagementService(30117): hardware tether stats:NetworkStats: elapsedRealtime=1040049969
11-29 13:19:51.123 D/NetworkManagementService(30117): getNetworkStatsSummaryXt:NetworkStats: elapsedRealtime=1040049971
11-29 13:19:51.123 D/NetworkManagementService(30117):   [0] iface=tun1 uid=-1 set=ALL tag=0x0 rxBytes=378627 rxPackets=1063 txBytes=180889 txPackets=1893 operations=0
11-29 13:19:51.123 D/NetworkManagementService(30117):   [1] iface=rmnet_data0 uid=-1 set=ALL tag=0x0 rxBytes=57676291 rxPackets=107823 txBytes=20557418 txPackets=125750 operations=0
11-29 13:19:51.123 D/NetworkManagementService(30117):   [2] iface=tun0 uid=-1 set=ALL tag=0x0 rxBytes=51551573 rxPackets=52643 txBytes=4913139 txPackets=54602 operations=0
11-29 13:19:51.123 D/NetworkManagementService(30117):   [3] iface=wlan0 uid=-1 set=ALL tag=0x0 rxBytes=4055533376 rxPackets=3732609 txBytes=500447421 txPackets=2957862 operations=0
11-29 13:19:51.123 D/NetworkManagementService(30117):   [4] iface=lo uid=-1 set=ALL tag=0x0 rxBytes=167869892 rxPackets=558756 txBytes=167869892 txPackets=558756 operations=0
11-29 13:19:51.123 D/NetworkManagementService(30117): hardware tether stats:NetworkStats: elapsedRealtime=1040049972
11-29 13:19:51.123 D/NetworkManagementService(30117): getNetworkStatsSummaryDev:NetworkStats: elapsedRealtime=1040049973
11-29 13:19:51.123 D/NetworkManagementService(30117):   [0] iface=tun1 uid=-1 set=ALL tag=0x0 rxBytes=378627 rxPackets=1063 txBytes=177774 txPackets=1842 operations=0
11-29 13:19:51.123 D/NetworkManagementService(30117):   [1] iface=rmnet_data0 uid=-1 set=ALL tag=0x0 rxBytes=57676291 rxPackets=107823 txBytes=21614808 txPackets=125748 operations=0
11-29 13:19:51.123 D/NetworkManagementService(30117):   [2] iface=tun0 uid=-1 set=ALL tag=0x0 rxBytes=51551573 rxPackets=52643 txBytes=4896130 txPackets=54307 operations=0
11-29 13:19:51.123 D/NetworkManagementService(30117):   [3] iface=wlan0 uid=-1 set=ALL tag=0x0 rxBytes=4067372515 rxPackets=4072658 txBytes=542389611 txPackets=2972491 operations=0
11-29 13:19:51.123 D/NetworkManagementService(30117):   [4] iface=lo uid=-1 set=ALL tag=0x0 rxBytes=167869892 rxPackets=558756 txBytes=167869892 txPackets=558756 operations=0
11-29 13:19:51.133 D/ConnectivityManager.CallbackHandler(32128): CM callback handler got msg 524292
11-29 13:19:51.133 D/ConnectivityManager.CallbackHandler(29149): CM callback handler got msg 524292
11-29 13:19:51.133 D/NetworkMonitor/NetworkAgentInfo [VPN () - 401](30117): ValidatedState{ when=-1ms what=532487 target=com.android.internal.util.StateMachine$SmHandler }
11-29 13:19:51.133 D/NetworkMonitor/NetworkAgentInfo [VPN () - 401](30117): DefaultState{ when=-1ms what=532487 target=com.android.internal.util.StateMachine$SmHandler }
11-29 13:19:51.133 D/NetworkMonitor/NetworkAgentInfo [VPN () - 401](30117): Disconnected - quitting
11-29 13:19:51.133 D/ConnectivityManager.CallbackHandler(31509): CM callback handler got msg 524292
11-29 13:19:51.133 D/Tethering(30117): MasterInitialState.processMessage what=3
11-29 13:19:51.133 D/ConnectivityManager.CallbackHandler(29149): CM callback handler got msg 524292
11-29 13:19:51.133 D/ConnectivityService(30117): notifyType LOST for NetworkAgentInfo [VPN () - 401]
11-29 13:19:51.133 D/CSLegacyTypeTracker(30117): Sending disconnected broadcast for type 17 NetworkAgentInfo [VPN () - 401] isDefaultNetwork=false
11-29 13:19:51.133 D/ConnectivityService(30117): sendStickyBroadcast: action=android.net.conn.CONNECTIVITY_CHANGE_IMMEDIATE
11-29 13:19:51.133 D/ConnectivityService(30117): sendStickyBroadcast: action=android.net.conn.CONNECTIVITY_CHANGE
11-29 13:19:51.133 D/PowerManagerService(30117): to showLogHandlerThread quit!
11-29 13:19:51.143 E/ApplicationNetworkController(30117): get connectivityStateChange
11-29 13:19:51.143 D/StatusBar.MSimNetworkController(32128): updateConnectivity: intent=Intent { act=android.net.conn.CONNECTIVITY_CHANGE flg=0x4000010 (has extras) }
11-29 13:19:51.143 D/StatusBar.MSimNetworkController(32128): updateConnectivity: networkInfo=[type: WIFI[], state: CONNECTED/CONNECTED, reason: (unspecified), extra: "数据部", roaming: false, failover: false, isAvailable: true, isConnectedToProvisioningNetwork: false]
11-29 13:19:51.143 D/StatusBar.MSimNetworkController(32128): updateConnectivity: connectionStatus=100
11-29 13:19:51.143 W/AlarmManager(30117): none no open power log
11-29 13:19:51.143 D/PowerManagerService(30117): to showLogHandlerThread quit!
11-29 13:19:51.153 D/ConnectivityManager.CallbackHandler(31509): CM callback handler got msg 524292
11-29 13:19:51.153 D/ActivityManager(30117): target_pkg = com.iflytek.inputmethod, target_process = com.iflytek.inputmethod.assist
11-29 13:19:51.153 D/ActivityManager(30117): start service caller PID =699, UID = 10412, callerPkgList = {com.iflytek.inputmethod=com.android.internal.app.ProcessStats$ProcessStateHolder@727acd2}, service_name = ComponentInfo{com.iflytek.inputmethod/com.iflytek.inputmethod.remote.assist.AssistAppService}
11-29 13:19:51.163 W/MessageQueue(27137): MMInnerHandler{listener = MMHandler(com.tencent.tmassistantsdk.downloadservice.NetworkMonitorReceiver$1)} sending message to a Handler on a dead thread
11-29 13:19:51.163 W/MessageQueue(27137): java.lang.IllegalStateException: MMInnerHandler{listener = MMHandler(com.tencent.tmassistantsdk.downloadservice.NetworkMonitorReceiver$1)} sending message to a Handler on a dead thread
11-29 13:19:51.163 W/MessageQueue(27137): 	at android.os.MessageQueue.enqueueMessage(MessageQueue.java:325)
11-29 13:19:51.163 W/MessageQueue(27137): 	at android.os.Handler.enqueueMessage(Handler.java:631)
11-29 13:19:51.163 W/MessageQueue(27137): 	at android.os.Handler.sendMessageAtTime(Handler.java:600)
11-29 13:19:51.163 W/MessageQueue(27137): 	at com.tencent.mm.sdk.platformtools.ag.sendMessageAtTime(SourceFile:76)
11-29 13:19:51.163 W/MessageQueue(27137): 	at android.os.Handler.sendMessageDelayed(Handler.java:570)
11-29 13:19:51.163 W/MessageQueue(27137): 	at com.tencent.mm.sdk.platformtools.ae.sendMessageDelayed(SourceFile:398)
11-29 13:19:51.163 W/MessageQueue(27137): 	at com.tencent.tmassistantsdk.downloadservice.NetworkMonitorReceiver.onReceive(SourceFile:58)
11-29 13:19:51.163 W/MessageQueue(27137): 	at android.app.LoadedApk$ReceiverDispatcher$Args.run(LoadedApk.java:892)
11-29 13:19:51.163 W/MessageQueue(27137): 	at android.os.Handler.handleCallback(Handler.java:739)
11-29 13:19:51.163 W/MessageQueue(27137): 	at android.os.Handler.dispatchMessage(Handler.java:95)
11-29 13:19:51.163 W/MessageQueue(27137): 	at android.os.Looper.loop(Looper.java:147)
11-29 13:19:51.163 W/MessageQueue(27137): 	at android.app.ActivityThread.main(ActivityThread.java:5513)
11-29 13:19:51.163 W/MessageQueue(27137): 	at java.lang.reflect.Method.invoke(Native Method)
11-29 13:19:51.163 W/MessageQueue(27137): 	at java.lang.reflect.Method.invoke(Method.java:372)
11-29 13:19:51.163 W/MessageQueue(27137): 	at com.android.internal.os.ZygoteInit$MethodAndArgsCaller.run(ZygoteInit.java:969)
11-29 13:19:51.163 W/MessageQueue(27137): 	at com.android.internal.os.ZygoteInit.main(ZygoteInit.java:764)
11-29 13:19:51.163 D/StatusBar.MSimNetworkController(32128): isCdma isSimCardActive:true phoneType:1mMSimState[0]READYhasService(0)=true
11-29 13:19:51.173 D/PhoneInterfaceManager(  330): [PhoneIntfMgr] getDataEnabled: subId=2 phoneId=0
11-29 13:19:51.173 D/NubiaSelfStartUtil(30117): not allow packageName==com.qidian.QDReader R==BroadcastRecord{12173da2 u-1 android.net.conn.CONNECTIVITY_CHANGE}
11-29 13:19:51.173 D/NubiaSelfStartUtil(30117): not allow packageName==com.sdu.didi.psnger R==BroadcastRecord{12173da2 u-1 android.net.conn.CONNECTIVITY_CHANGE}
11-29 13:19:51.173 D/NubiaSelfStartUtil(30117): not allow packageName==com.sdu.didi.psnger R==BroadcastRecord{12173da2 u-1 android.net.conn.CONNECTIVITY_CHANGE}
11-29 13:19:51.173 D/PhoneInterfaceManager(  330): [PhoneIntfMgr] getDataEnabled: subId=2 retVal=false
11-29 13:19:51.173 W/BroadcastQueue(30117): Unable to launch app com.qidian.QDReader/10437 for broadcast Intent { act=android.net.conn.CONNECTIVITY_CHANGE flg=0x4000010 (has extras) }: process is bad
11-29 13:19:51.173 W/BroadcastQueue(30117): Unable to launch app com.sdu.didi.psnger/10120 for broadcast Intent { act=android.net.conn.CONNECTIVITY_CHANGE flg=0x4000010 (has extras) }: process is bad
11-29 13:19:51.173 W/BroadcastQueue(30117): Unable to launch app com.sdu.didi.psnger/10120 for broadcast Intent { act=android.net.conn.CONNECTIVITY_CHANGE flg=0x4000010 (has extras) }: process is bad
11-29 13:19:51.173 D/StatusBar.MSimNetworkController(32128): updateDataNetType sub = 0 mMSimDataNetType = 13mNetworktypemtklteca = -1
11-29 13:19:51.183 D/TelephonyManager(30117): getDataEnabled: retVal=false
11-29 13:19:51.183 D/PowerManagerService(30117): to showLogHandlerThread quit!
11-29 13:19:51.183 D/ActivityManager(30117): target_pkg = com.android.providers.downloads, target_process = android.process.media
11-29 13:19:51.183 D/ActivityManager(30117): start service caller PID =1790, UID = 10007, callerPkgList = {com.android.providers.media=com.android.internal.app.ProcessStats$ProcessStateHolder@386feea5, com.android.providers.downloads=com.android.internal.app.ProcessStats$ProcessStateHolder@1afd127a}, service_name = ComponentInfo{com.android.providers.downloads/com.android.providers.downloads.DownloadService}
11-29 13:19:51.183 D/StatusBar.MSimNetworkController(32128): updateDataIcon phoneId = 0 dataSub =0
11-29 13:19:51.183 D/StatusBar.MSimNetworkController(32128): updateDataIcon when mMSimDataConnected[0] =false mMSimMobileActivityIconId[0] = 0
11-29 13:19:51.183 D/StatusBar.MSimNetworkController(32128): isCdma = false evdoLevel =0   cdmaLevel = 0  lteLevel = 4 mIsInCdmaCall = false iconLevel = 4
11-29 13:19:51.183 D/StatusBar.MSimNetworkController(32128): smoothOver-phoneId==0, signalLevel==4, lastLevel=4
11-29 13:19:51.193 D/ConnectivityManager(29017): getMobileDataEnabled()+ subId=2
11-29 13:19:51.193 D/PhoneInterfaceManager(  330): [PhoneIntfMgr] getDataEnabled: subId=2 phoneId=0
11-29 13:19:51.193 D/PhoneInterfaceManager(  330): [PhoneIntfMgr] getDataEnabled: subId=2 retVal=false
11-29 13:19:51.193 D/ConnectivityManager(29017): getMobileDataEnabled()- subId=2 retVal=false
11-29 13:19:51.193 D/StatusBar.MSimNetworkController(32128): isCdma isSimCardActive:false phoneType:1mMSimState[1]ABSENThasService(1)=false
11-29 13:19:51.193 D/StatusBar.MSimNetworkController(32128): updateDataNetType: SUB1 is not DDS(=SUB0)!
11-29 13:19:51.203 D/prassein_NetBroadcastR(20763): new network state: 10
11-29 13:19:51.203 D/prassein_NetBroadcastR(20763): org network state: 10
11-29 13:19:51.203 D/StatusBar.MSimNetworkController(32128): updateDataIcon phoneId = 1 dataSub =0
11-29 13:19:51.203 D/StatusBar.MSimNetworkController(32128): updateDataIconi: phoneId1 is not DDS.  Clear the mMSimDataConnected Flag and return
11-29 13:19:51.203 D/StatusBar.MSimNetworkController(32128): smoothOver No service on phoneId==1
11-29 13:19:51.203 W/ContextImpl(30117): Calling a method in the system process without a qualified user: android.app.ContextImpl.sendBroadcast:1397 com.android.server.am.ActivityManagerService.sendActivityStackChangedIntent:20665 com.android.server.am.ActivityManagerService.addRecentTaskLocked:4304 com.android.server.am.ActivityStack.resumeTopActivityInnerLocked:2027 com.android.server.am.ActivityStack.resumeTopActivityLocked:1654 
11-29 13:19:51.203 V/ApplicationNetworkController(30117): do not set again, mobile=true, wifi=true for cn.nubia.launcher
11-29 13:19:51.213 D/StatusBar.MSimNetworkController(32128): refreshViews connected={ wifi } level=4 mMSimcombinedSignalIconId=0x7f0201c4/com.android.systemui:drawable/stat_sys_wifi_signal_png_4_fully mMSimcombinedActivityIconId=0x0 mAirplaneMode=false mMSimDataActivity=0 mMSimPhoneSignalIconId=0x7f0201b1/com.android.systemui:drawable/stat_sys_signal_4 mMSimDataDirectionIconId=0x0 mMSimDataSignalIconId=0x7f0201b1 mMSimDataTypeIconId=0x0/(null) mNoMSimIconId=0x0/(null) mMSimMobileActivityIconId=0x0/(null) mWifiIconId=0x7f0201c4 mBluetoothTetherIconId=0x108069f
11-29 13:19:51.213 D/ActivityManager(30117): target_pkg = com.UCMobile, target_process = com.UCMobile:push
11-29 13:19:51.213 D/ActivityManager(30117): start service caller PID =10349, UID = 10096, callerPkgList = {com.UCMobile=com.android.internal.app.ProcessStats$ProcessStateHolder@14b6d43}, service_name = ComponentInfo{com.UCMobile/com.uc.base.push.dispatcher.PushHandlerService}
11-29 13:19:51.223 D/NetworkReceiver(15554): android.net.conn.CONNECTIVITY_CHANGE
11-29 13:19:51.233 D/InstallShortcutReceiver(  478): Getting and clearing APPS_PENDING_INSTALL: []
11-29 13:19:51.233 D/ZLauncher3(  478): InstallShortcutReceiver, flushInstallQueue,installQueue=[]
11-29 13:19:51.233 D/ZLauncher3(  478): PackageInstallerCompatVL, replayUpdates,newInfo=null
11-29 13:19:51.233 D/ZLauncher3(  478): Launcher, onResume()
11-29 13:19:51.233 D/SwipeUpService(32649): setting close
11-29 13:19:51.233 D/SwipeUpService(32649): multi-screen open
11-29 13:19:51.233 D/SwipeUpService(32649): in black list
11-29 13:19:51.233 D/SwipeUpService(32649): in boot tutorial
11-29 13:19:51.233 D/PhoneInterfaceManager(  330): [PhoneIntfMgr] getDataEnabled: subId=2 phoneId=0
11-29 13:19:51.233 D/PhoneInterfaceManager(  330): [PhoneIntfMgr] getDataEnabled: subId=2 retVal=false
11-29 13:19:51.233 D/TelephonyManager(28302): getDataEnabled: retVal=false
11-29 13:19:51.233 I/supersnapshot(30117): current activity: clazzName: com.android.launcher3.Launcher pkgName: cn.nubia.launcher
11-29 13:19:51.233 E/BitmapGrayUtil(  478): BitmapGrayUtil error ((null == bitmap) || (true == bitmap.isRecycled()))
11-29 13:19:51.233 D/StatusBar.MSimNetworkController(32128): refreshViews connected={ wifi } level=4 mMSimcombinedSignalIconId=0x7f0201c4/com.android.systemui:drawable/stat_sys_wifi_signal_png_4_fully mMSimcombinedActivityIconId=0x7f0201bf mAirplaneMode=false mMSimDataActivity=0 mMSimPhoneSignalIconId=0x7f0201b1/com.android.systemui:drawable/stat_sys_signal_4 mMSimDataDirectionIconId=0x0 mMSimDataSignalIconId=0x7f0201b1 mMSimDataTypeIconId=0x0/(null) mNoMSimIconId=0x0/(null) mMSimMobileActivityIconId=0x0/(null) mWifiIconId=0x7f0201c4 mBluetoothTetherIconId=0x108069f
11-29 13:19:51.253 D/NetworkReceiver(15554): WifiConnected:true
11-29 13:19:51.263 I/art     (10607): Rejecting re-init on previously-failed class java.lang.Class<com.taobao.accs.utl.OrangeAdapter$OrangeListener>
11-29 13:19:51.263 D/ActivityManager(30117): target_pkg = com.UCMobile, target_process = com.UCMobile:push
11-29 13:19:51.263 D/ActivityManager(30117): start service caller PID =10607, UID = 10096, callerPkgList = {com.UCMobile=com.android.internal.app.ProcessStats$ProcessStateHolder@c40350c}, service_name = ComponentInfo{com.UCMobile/com.uc.base.push.dispatcher.PushHandlerService}
11-29 13:19:51.263 D/ActivityManager(30117): target_pkg = com.UCMobile, target_process = com.UCMobile:push
11-29 13:19:51.263 D/ActivityManager(30117): start service caller PID =10607, UID = 10096, callerPkgList = {com.UCMobile=com.android.internal.app.ProcessStats$ProcessStateHolder@c40350c}, service_name = ComponentInfo{com.UCMobile/com.uc.base.push.dispatcher.PushHandlerService}
11-29 13:19:51.263 W/ContextImpl(15554): Calling a method in the system process without a qualified user: android.app.ContextImpl.stopService:1768 android.content.ContextWrapper.stopService:521 cn.nubia.security.settings.wifipush.NetworkReceiverObserver.c:92 cn.nubia.security.settings.wifipush.NetworkReceiverObserver.onReceive:60 android.app.LoadedApk$ReceiverDispatcher$Args.run:892 
11-29 13:19:51.273 D/ActivityManager(30117): target_pkg = cn.nubia.woodpecker, target_process = cn.nubia.woodpecker:background
11-29 13:19:51.273 D/ActivityManager(30117): start service caller PID =1854, UID = 10062, callerPkgList = {cn.nubia.woodpecker=com.android.internal.app.ProcessStats$ProcessStateHolder@3120a977}, service_name = ComponentInfo{cn.nubia.woodpecker/cn.nubia.woodpecker.transaction.TransactionService}
11-29 13:19:51.273 D/ActivityManager(30117): target_pkg = com.UCMobile, target_process = com.UCMobile:push
11-29 13:19:51.273 D/ActivityManager(30117): start service caller PID =10607, UID = 10096, callerPkgList = {com.UCMobile=com.android.internal.app.ProcessStats$ProcessStateHolder@c40350c}, service_name = ComponentInfo{com.UCMobile/com.uc.base.push.dispatcher.PushHandlerService}
11-29 13:19:51.283 D/DataRegister(29796): [DataRegister] [1] [onReceive] action = android.net.conn.CONNECTIVITY_CHANGE
11-29 13:19:51.283 D/DataRegister(29796): [DataRegister] [1] [getTrafficAvailableType] == WIFI ==
11-29 13:19:51.303 I/art     (10349): Background sticky concurrent mark sweep GC freed 184009(10MB) AllocSpace objects, 48(2MB) LOS objects, 22% free, 27MB/35MB, paused 8.427ms total 103.677ms
11-29 13:19:51.303 I/DataRegister(29796): [DataRegister] [1] [getSubIdToRegistedInWifi] getSubIdToRegistedInWifi subIDToRegisted = 2
11-29 13:19:51.303 D/DataRegister(29796): [DataRegister] [1] [isInProcess] isInProcess: inProcessSubId  = -1, targetSubId = 2
11-29 13:19:51.313 I/DataRegister(29796): [DataRegister] [1] [onReceive] new card should be register,start service!
11-29 13:19:51.313 D/DataRegister(29796): [DataRegister] [1] [setRetryTime] setRetryTime: count = 0
11-29 13:19:51.313 D/DataRegister(29796): [DataRegister] [1] [setInProcess] setInProcess: subId = 2
11-29 13:19:51.313 I/DataRegister(29796): [DataRegister] [1] [onReceive] send ACTION_SIM_LOADED !
11-29 13:19:51.313 W/ContextImpl(29796): Calling a method in the system process without a qualified user: android.app.ContextImpl.startService:1762 android.content.ContextWrapper.startService:516 android.content.ContextWrapper.startService:516 cn.nubia.dataregister.app.EventReceiver.startRegisterService:72 cn.nubia.dataregister.app.EventReceiver.onReceive:53 
11-29 13:19:51.323 D/DataRegister(29796): [DataRegister] [1] [onStartCommand] == onStartCommand startId == 1
11-29 13:19:51.323 D/DataRegister(29796): [DataRegister] [11946] [dispatchEvent] event:ztemt.action.sim.loaded,subId = 2
11-29 13:19:51.323 D/ActivityManager(30117): target_pkg = cn.nubia.dataregister, target_process = cn.nubia.dataregister
11-29 13:19:51.323 D/ActivityManager(30117): start service caller PID =29796, UID = 1000, callerPkgList = {cn.nubia.dataregister=com.android.internal.app.ProcessStats$ProcessStateHolder@b812e4d}, service_name = ComponentInfo{cn.nubia.dataregister/cn.nubia.dataregister.app.DataRegisterService}
11-29 13:19:51.333 I/PushLog (30807): NetworkChangedReceiver
11-29 13:19:51.333 I/VlifeClassLoader(12170): name:com.vlife.NReceiver loader:class com.vlife.plugin.module.core.VlifeClassLoader
11-29 13:19:51.333 I/PushLog (30807): onStartCommand
11-29 13:19:51.333 I/PushLog (30807): not a day, stop 5 mins later
11-29 13:19:51.333 D/ActivityManager(30117): target_pkg = cn.nubia.jobdispatcher, target_process = cn.nubia.jobdispatcher
11-29 13:19:51.333 D/ActivityManager(30117): start service caller PID =30807, UID = 10031, callerPkgList = {cn.nubia.jobdispatcher=com.android.internal.app.ProcessStats$ProcessStateHolder@3b8589ba}, service_name = ComponentInfo{cn.nubia.jobdispatcher/cn.nubia.jobdispatcher.service.DispatcherService}
11-29 13:19:51.343 D/ActivityManager(30117): target_pkg = com.UCMobile, target_process = com.UCMobile:channel
11-29 13:19:51.343 D/ActivityManager(30117): start service caller PID =10858, UID = 10096, callerPkgList = {com.UCMobile=com.android.internal.app.ProcessStats$ProcessStateHolder@1ef74e92}, service_name = ComponentInfo{com.UCMobile/com.taobao.accs.ChannelService}
11-29 13:19:51.353 D/NubiaSelfStartUtil(30117): not allow packageName==com.gf.client R==BroadcastRecord{12173da2 u-1 android.net.conn.CONNECTIVITY_CHANGE}
11-29 13:19:51.353 D/NubiaSelfStartUtil(30117): not allow packageName==com.gf.client R==BroadcastRecord{12173da2 u-1 android.net.conn.CONNECTIVITY_CHANGE}
11-29 13:19:51.353 D/ActivityManager(30117): target_pkg = com.UCMobile, target_process = com.UCMobile:channel
11-29 13:19:51.353 D/ActivityManager(30117): start service caller PID =10858, UID = 10096, callerPkgList = {com.UCMobile=com.android.internal.app.ProcessStats$ProcessStateHolder@1ef74e92}, service_name = ComponentInfo{com.UCMobile/com.uc.base.push.accs.AccsPushIntentService}
11-29 13:19:51.353 W/BroadcastQueue(30117): Unable to launch app com.gf.client/10118 for broadcast Intent { act=android.net.conn.CONNECTIVITY_CHANGE flg=0x4000010 (has extras) }: process is bad
11-29 13:19:51.363 D/NubiaSelfStartUtil(30117): not allow packageName==com.qihoo.srouter.n300 R==BroadcastRecord{12173da2 u-1 android.net.conn.CONNECTIVITY_CHANGE}
11-29 13:19:51.363 D/NubiaSelfStartUtil(30117): not allow packageName==com.qihoo.srouter.n300 R==BroadcastRecord{12173da2 u-1 android.net.conn.CONNECTIVITY_CHANGE}
11-29 13:19:51.363 D/NubiaSelfStartUtil(30117): not allow packageName==com.qihoo.srouter.n300 R==BroadcastRecord{12173da2 u-1 android.net.conn.CONNECTIVITY_CHANGE}
11-29 13:19:51.363 I/Timeline(  478): Timeline: Activity_idle id: android.os.BinderProxy@22a13949 time:428058508
11-29 13:19:51.363 W/BroadcastQueue(30117): Unable to launch app com.gf.client/10118 for broadcast Intent { act=android.net.conn.CONNECTIVITY_CHANGE flg=0x4000010 (has extras) }: process is bad
11-29 13:19:51.363 W/BroadcastQueue(30117): Unable to launch app com.qihoo.srouter.n300/10129 for broadcast Intent { act=android.net.conn.CONNECTIVITY_CHANGE flg=0x4000010 (has extras) }: process is bad
11-29 13:19:51.363 W/BroadcastQueue(30117): Unable to launch app com.qihoo.srouter.n300/10129 for broadcast Intent { act=android.net.conn.CONNECTIVITY_CHANGE flg=0x4000010 (has extras) }: process is bad
11-29 13:19:51.363 W/BroadcastQueue(30117): Unable to launch app com.qihoo.srouter.n300/10129 for broadcast Intent { act=android.net.conn.CONNECTIVITY_CHANGE flg=0x4000010 (has extras) }: process is bad
11-29 13:19:51.363 D/ActivityManager(30117): target_pkg = com.iflytek.inputmethod, target_process = com.iflytek.inputmethod.assist
11-29 13:19:51.363 D/ActivityManager(30117): start service caller PID =699, UID = 10412, callerPkgList = {com.iflytek.inputmethod=com.android.internal.app.ProcessStats$ProcessStateHolder@727acd2}, service_name = ComponentInfo{com.iflytek.inputmethod/com.iflytek.inputmethod.remote.assist.AssistAppService}
11-29 13:19:51.373 D/ActivityManager(30117): target_pkg = cn.etouch.ecalendar, target_process = cn.etouch.ecalendar:remote
