11-29 13:19:51.373 D/ActivityManager(30117): start service caller PID =5973, UID = 10101, callerPkgList = {cn.etouch.ecalendar=com.android.internal.app.ProcessStats$ProcessStateHolder@2c4d48c}, service_name = ComponentInfo{cn.etouch.ecalendar/cn.etouch.ecalendar.service.MyService}
11-29 13:19:51.383 W/AlarmManager(30117): none no open power log
11-29 13:19:51.393 D/FitAnimSurface(30117): nubia_start_app_transition  AppWindowToken{293a99a0 token=Token{103c22a3 ActivityRecord{29c7f1d2 u0 cn.nubia.launcher/com.android.launcher3.Launcher t27605}}}
11-29 13:19:51.403 D/NubiaSelfStartUtil(30117): not allow packageName==com.dianping.v1 R==BroadcastRecord{12173da2 u-1 android.net.conn.CONNECTIVITY_CHANGE}
11-29 13:19:51.403 I/art     (30117): Background sticky concurrent mark sweep GC freed 84027(6MB) AllocSpace objects, 13(260KB) LOS objects, 13% free, 43MB/50MB, paused 5.554ms total 64.669ms
11-29 13:19:51.403 W/BroadcastQueue(30117): Unable to launch app com.dianping.v1/10188 for broadcast Intent { act=android.net.conn.CONNECTIVITY_CHANGE flg=0x4000010 (has extras) }: process is bad
11-29 13:19:51.403 D/ActivityManager(30117): target_pkg = com.tencent.mm, target_process = com.tencent.mm:push
11-29 13:19:51.403 D/ActivityManager(30117): start service caller PID =13483, UID = 10098, callerPkgList = {com.tencent.mm=com.android.internal.app.ProcessStats$ProcessStateHolder@1645f857}, service_name = ComponentInfo{com.tencent.mm/com.tencent.mm.booter.CoreService}
11-29 13:19:51.413 D/MSF.C.NetConnInfoCenter( 4136): receive broadcast Intent { act=android.net.conn.CONNECTIVITY_CHANGE flg=0x4000010 cmp=com.tencent.mobileqq/.msf.core.NetConnInfoCenter (has extras) }
11-29 13:19:51.423 D/FitAnimSurface(30117): nubia_start_app_transition  AppWindowToken{3bec3da0 token=Token{5ddd6a3 ActivityRecord{16cff5d2 u0 ydt.wujie/.LaunchPad t28727}}}
11-29 13:19:51.423 D/Ulp_jni (30117): JNI:In update_settings:currentContextType 0, currentGpsSetting 0, currentAgpsSetting 1,currentNetworkProvSetting 0,currentWifiSetting 1,currentBatteryCharging 0,currentEnhLocationServicesSetting 0 currentPipUserSetting 0 
11-29 13:19:51.423 D/Ulp_jni (30117): JNI:system_update. Event-4
11-29 13:19:51.423 D/MSF.C.NetConnInfoCenter( 4136): currentAPN:null. received networkInfo: CONNECTED :[type: WIFI[], state: CONNECTED/CONNECTED, reason: (unspecified), extra: "数据部", roaming: false, failover: false, isAvailable: true, isConnectedToProvisioningNetwork: false]. extra NetworkInfo: [type: VPN[], state: DISCONNECTED/DISCONNECTED, reason: (unspecified), extra: (none), roaming: false, failover: false, isAvailable: false, isConnectedToProvisioningNetwork: false]
11-29 13:19:51.433 D/FitAnimSurface(30117): nubia_surface_first_show  Window{20b375f u0 cn.nubia.launcher/com.android.launcher3.Launcher}
11-29 13:19:51.433 D/Ulp_jni (30117): JNI:In update_settings:currentContextType 0, currentGpsSetting 0, currentAgpsSetting 1,currentNetworkProvSetting 0,currentWifiSetting 1,currentBatteryCharging 0,currentEnhLocationServicesSetting 0 currentPipUserSetting 0 
11-29 13:19:51.433 D/Ulp_jni (30117): JNI:system_update. Event-4
11-29 13:19:51.443 D/NubiaSelfStartUtil(30117): not allow packageName==com.baidu.searchbox R==BroadcastRecord{12173da2 u-1 android.net.conn.CONNECTIVITY_CHANGE}
11-29 13:19:51.443 D/NubiaSelfStartUtil(30117): not allow packageName==com.baidu.searchbox R==BroadcastRecord{12173da2 u-1 android.net.conn.CONNECTIVITY_CHANGE}
11-29 13:19:51.443 D/NubiaSelfStartUtil(30117): not allow packageName==cmb.pb R==BroadcastRecord{12173da2 u-1 android.net.conn.CONNECTIVITY_CHANGE}
11-29 13:19:51.443 D/NubiaSelfStartUtil(30117): not allow packageName==cmb.pb R==BroadcastRecord{12173da2 u-1 android.net.conn.CONNECTIVITY_CHANGE}
11-29 13:19:51.443 W/BroadcastQueue(30117): Unable to launch app com.baidu.searchbox/10179 for broadcast Intent { act=android.net.conn.CONNECTIVITY_CHANGE flg=0x4000010 (has extras) }: process is bad
11-29 13:19:51.443 W/BroadcastQueue(30117): Unable to launch app com.baidu.searchbox/10179 for broadcast Intent { act=android.net.conn.CONNECTIVITY_CHANGE flg=0x4000010 (has extras) }: process is bad
11-29 13:19:51.443 W/BroadcastQueue(30117): Unable to launch app cmb.pb/10095 for broadcast Intent { act=android.net.conn.CONNECTIVITY_CHANGE flg=0x4000010 (has extras) }: process is bad
11-29 13:19:51.443 W/BroadcastQueue(30117): Unable to launch app cmb.pb/10095 for broadcast Intent { act=android.net.conn.CONNECTIVITY_CHANGE flg=0x4000010 (has extras) }: process is bad
11-29 13:19:51.523 D/SwipeUpService(32649): setting close
11-29 13:19:51.523 D/SwipeUpService(32649): multi-screen open
11-29 13:19:51.523 D/SwipeUpService(32649): in black list
11-29 13:19:51.523 D/SwipeUpService(32649): in boot tutorial
11-29 13:19:51.593 D/StatusBar.MSimNetworkController(32128): onSignalStrengthsChanged received on phoneId :0 subid: 2signalStrength=SignalStrength: 99 0 -120 -160 -120 -1 -1 26 -90 -5 -184 2147483647 2147483647 gsm|lte level=4
11-29 13:19:51.643 D/FitAnimSurface(30117): nubia_finish_app_transition  AppWindowToken{3bec3da0 token=Token{5ddd6a3 ActivityRecord{16cff5d2 u0 ydt.wujie/.LaunchPad t28727}}}
11-29 13:19:51.643 D/Ulp_jni (30117): JNI:In update_settings:currentContextType 0, currentGpsSetting 0, currentAgpsSetting 1,currentNetworkProvSetting 0,currentWifiSetting 1,currentBatteryCharging 0,currentEnhLocationServicesSetting 0 currentPipUserSetting 0 
11-29 13:19:51.643 D/Ulp_jni (30117): JNI:system_update. Event-4
11-29 13:19:51.653 E/AVGFPS  (  403): ydt.wujie/ydt.wujie.LaunchPad b- nAvgNum= 33 avgtime=16716866.00 fps=59.82
11-29 13:19:51.653 E/AVGFPS  (  403): ydt.wujie/ydt.wujie.LaunchPad b- nAvgNum=  9 avgtime=20447796.00 fps=48.91
11-29 13:19:51.653 E/AVGFPS  (  403): ydt.wujie/ydt.wujie.LaunchPad b- nAvgNum=  9 avgtime=16695255.00 fps=59.90
11-29 13:19:51.713 D/FitAnimSurface(30117): nubia_finish_app_transition  AppWindowToken{293a99a0 token=Token{103c22a3 ActivityRecord{29c7f1d2 u0 cn.nubia.launcher/com.android.launcher3.Launcher t27605}}}
11-29 13:19:51.713 D/Ulp_jni (30117): JNI:In update_settings:currentContextType 0, currentGpsSetting 0, currentAgpsSetting 1,currentNetworkProvSetting 0,currentWifiSetting 1,currentBatteryCharging 0,currentEnhLocationServicesSetting 0 currentPipUserSetting 0 
11-29 13:19:51.713 D/Ulp_jni (30117): JNI:system_update. Event-4
11-29 13:19:51.713 I/Timeline(30117): Timeline: Activity_windows_visible id: ActivityRecord{29c7f1d2 u0 cn.nubia.launcher/com.android.launcher3.Launcher t27605} time:428058859
11-29 13:19:51.753 D/FitAnimSurface(30117): nubia_surface_first_show  Window{20b375f u0 cn.nubia.launcher/com.android.launcher3.Launcher}
11-29 13:19:52.193 D/StatusBar.MSimNetworkController(32128): refreshViews connected={ wifi } level=4 mMSimcombinedSignalIconId=0x7f0201c4/com.android.systemui:drawable/stat_sys_wifi_signal_png_4_fully mMSimcombinedActivityIconId=0x7f0201be mAirplaneMode=false mMSimDataActivity=0 mMSimPhoneSignalIconId=0x7f0201b1/com.android.systemui:drawable/stat_sys_signal_4 mMSimDataDirectionIconId=0x0 mMSimDataSignalIconId=0x7f0201b1 mMSimDataTypeIconId=0x0/(null) mNoMSimIconId=0x0/(null) mMSimMobileActivityIconId=0x0/(null) mWifiIconId=0x7f0201c4 mBluetoothTetherIconId=0x108069f
11-29 13:19:52.383 I/NubiaPush( 3887): net connect
11-29 13:19:52.393 W/ContextImpl( 3887): Calling a method in the system process without a qualified user: android.app.ContextImpl.startService:1762 android.content.ContextWrapper.startService:516 cn.nubia.neopush.service.NeoPushService.c:2639 cn.nubia.neopush.service.NeoPushService.a:2390 cn.nubia.neopush.service.NeoPushService.b:84 
11-29 13:19:52.393 D/ActivityManager(30117): target_pkg = cn.nubia.neopush, target_process = cn.nubia.neopush
11-29 13:19:52.393 D/ActivityManager(30117): start service caller PID =3887, UID = 1000, callerPkgList = {cn.nubia.neopush=com.android.internal.app.ProcessStats$ProcessStateHolder@396364cf}, service_name = ComponentInfo{cn.nubia.neopush/cn.nubia.neopush.service.NeoPushService}
11-29 13:19:52.393 W/ContextImpl( 3887): Calling a method in the system process without a qualified user: android.app.ContextImpl.startService:1762 android.content.ContextWrapper.startService:516 cn.nubia.neopush.service.NeoPushService.e:2661 cn.nubia.neopush.service.NeoPushService.a:2404 cn.nubia.neopush.service.NeoPushService.b:84 
11-29 13:19:52.393 D/ActivityManager(30117): target_pkg = cn.nubia.neopush, target_process = cn.nubia.neopush
11-29 13:19:52.393 D/ActivityManager(30117): start service caller PID =3887, UID = 1000, callerPkgList = {cn.nubia.neopush=com.android.internal.app.ProcessStats$ProcessStateHolder@396364cf}, service_name = ComponentInfo{cn.nubia.neopush/cn.nubia.neopush.service.NeoPushService}
11-29 13:19:52.403 W/System.err( 3887): android.content.pm.PackageManager$NameNotFoundException: cn.nubia.accounts
11-29 13:19:52.403 W/System.err( 3887): 	at android.app.ApplicationPackageManager.getPackageInfo(ApplicationPackageManager.java:121)
11-29 13:19:52.403 W/System.err( 3887): 	at cn.nubia.neopush.a.a.i(SourceFile:588)
11-29 13:19:52.403 W/System.err( 3887): 	at cn.nubia.neopush.a.a.c(SourceFile:580)
11-29 13:19:52.403 W/System.err( 3887): 	at cn.nubia.neopush.a.a.i(SourceFile:554)
11-29 13:19:52.403 W/System.err( 3887): 	at cn.nubia.neopush.a.a.e(SourceFile:518)
11-29 13:19:52.403 W/System.err( 3887): 	at cn.nubia.neopush.a.e.a(SourceFile:184)
11-29 13:19:52.403 W/System.err( 3887): 	at cn.nubia.neopush.service.NeoPushService$17.run(SourceFile:847)
11-29 13:19:52.403 W/System.err( 3887): 	at java.lang.Thread.run(Thread.java:818)
11-29 13:19:52.413 W/System.err( 3887): android.content.pm.PackageManager$NameNotFoundException: cn.nubia.accounts
11-29 13:19:52.413 W/System.err( 3887): 	at android.app.ApplicationPackageManager.getPackageInfo(ApplicationPackageManager.java:121)
11-29 13:19:52.413 W/System.err( 3887): 	at cn.nubia.neopush.a.a.i(SourceFile:588)
11-29 13:19:52.413 W/System.err( 3887): 	at cn.nubia.neopush.a.a.c(SourceFile:580)
11-29 13:19:52.413 W/System.err( 3887): 	at cn.nubia.neopush.a.a.i(SourceFile:554)
11-29 13:19:52.413 W/System.err( 3887): 	at cn.nubia.neopush.a.a.e(SourceFile:518)
11-29 13:19:52.413 W/System.err( 3887): 	at cn.nubia.neopush.a.e.a(SourceFile:44)
11-29 13:19:52.413 W/System.err( 3887): 	at cn.nubia.neopush.a.e$1.run(SourceFile:90)
11-29 13:19:52.413 W/System.err( 3887): 	at java.util.concurrent.ThreadPoolExecutor.runWorker(ThreadPoolExecutor.java:1112)
11-29 13:19:52.413 W/System.err( 3887): 	at java.util.concurrent.ThreadPoolExecutor$Worker.run(ThreadPoolExecutor.java:587)
11-29 13:19:52.413 W/System.err( 3887): 	at java.lang.Thread.run(Thread.java:818)
11-29 13:19:52.413 I/NubiaPush( 3887): NeoPushSocketConnection onClose 1
11-29 13:19:52.413 I/NubiaPush( 3887): SocketManager listenning onClose = 1
11-29 13:19:52.413 I/NubiaPush( 3887): quit------
11-29 13:19:52.423 W/System.err( 3887): android.content.pm.PackageManager$NameNotFoundException: cn.nubia.accounts
11-29 13:19:52.423 W/System.err( 3887): 	at android.app.ApplicationPackageManager.getPackageInfo(ApplicationPackageManager.java:121)
11-29 13:19:52.423 W/System.err( 3887): 	at cn.nubia.neopush.a.a.i(SourceFile:588)
11-29 13:19:52.423 W/System.err( 3887): 	at cn.nubia.neopush.a.a.c(SourceFile:580)
11-29 13:19:52.423 W/System.err( 3887): 	at cn.nubia.neopush.a.a.i(SourceFile:554)
11-29 13:19:52.423 W/System.err( 3887): 	at cn.nubia.neopush.a.a.e(SourceFile:518)
11-29 13:19:52.423 W/System.err( 3887): 	at cn.nubia.neopush.a.e.f(SourceFile:211)
11-29 13:19:52.423 W/System.err( 3887): 	at cn.nubia.neopush.a.e.g(SourceFile:730)
11-29 13:19:52.423 W/System.err( 3887): 	at cn.nubia.neopush.a.e.a(SourceFile:44)
11-29 13:19:52.423 W/System.err( 3887): 	at cn.nubia.neopush.a.e$1.run(SourceFile:90)
11-29 13:19:52.423 W/System.err( 3887): 	at java.util.concurrent.ThreadPoolExecutor.runWorker(ThreadPoolExecutor.java:1112)
11-29 13:19:52.423 W/System.err( 3887): 	at java.util.concurrent.ThreadPoolExecutor$Worker.run(ThreadPoolExecutor.java:587)
11-29 13:19:52.423 W/System.err( 3887): 	at java.lang.Thread.run(Thread.java:818)
11-29 13:19:52.433 I/NubiaPush( 3887): quit------
11-29 13:19:52.433 I/NubiaPush( 3887): begin connect to server
11-29 13:19:52.923 I/Process (12259): Sending signal. PID: 12259 SIG: 9
11-29 13:19:53.043 D/ConnectivityService(30117): ConnectivityService NetworkRequestInfo binderDied(NetworkRequest [ id=1283, legacyType=-1, [ Capabilities: INTERNET&NOT_RESTRICTED&TRUSTED&NOT_VPN] ], android.os.BinderProxy@777054c)
11-29 13:19:53.043 D/ConnectivityService(30117): releasing NetworkRequest NetworkRequest [ id=1283, legacyType=-1, [ Capabilities: INTERNET&NOT_RESTRICTED&TRUSTED&NOT_VPN] ]
11-29 13:19:53.043 E/ConnectivityService(30117): RemoteException caught trying to send a callback msg for NetworkRequest [ id=1283, legacyType=-1, [ Capabilities: INTERNET&NOT_RESTRICTED&TRUSTED&NOT_VPN] ]
11-29 13:19:53.053 D/NubiaSelfStartUtil(30117): not allow packageName==ydt.wujie from service
11-29 13:19:53.053 I/ActivityManager(30117): Process ydt.wujie (pid 12259) has died
11-29 13:19:53.063 V/MotionDozeController(30117): mRunningMotionApp = false
11-29 13:19:53.293 I/NubiaPush( 3887): have connect to server, begin send connect
11-29 13:19:53.373 D/wpa_supplicant(32242): wlan0: Control interface command 'SIGNAL_POLL'
11-29 13:19:53.633 I/art     (12170): System.exit called, status: 0
11-29 13:19:53.633 I/AndroidRuntime(12170): VM exiting with result code 0, cleanup skipped.
11-29 13:19:53.723 I/MSM-irqbalance(  671): Decided to move IRQ57 from CPU6 to CPU5
11-29 13:19:53.733 D/NubiaSelfStartUtil(30117): Allow to launch app com.vlife.nubia.wallpaper/for service:process is permitted to autostart
11-29 13:19:53.733 V/MotionDozeController(30117): mRunningMotionApp = false
11-29 13:19:53.733 I/ActivityManager(30117): Process com.vlife.nubia.wallpaper:main (pid 12170) has died
11-29 13:19:53.843 D/ZLauncher3(  478): Launcher, onClick com.android.launcher3.BubbleTextView
11-29 13:19:53.843 D/Launcher(  478): onClickAppShortcut
11-29 13:19:53.843 D/ZLauncher3(  478): Launcher, onClickSpecialShortcut,specialType =0
11-29 13:19:53.843 I/Timeline(  478): Timeline: Activity_launch_request id:com.bric.kagdatabkt time:428060986
11-29 13:19:53.843 I/ActivityManager(30117): START u0 {act=android.intent.action.MAIN cat=[android.intent.category.LAUNCHER] flg=0x10200000 cmp=com.bric.kagdatabkt/.MainActivity bnds=[36,1263][288,1554] (has extras)} from uid 10065 on display 0
11-29 13:19:53.853 V/WindowManager(30117): addAppToken: AppWindowToken{2c2ab69b token=Token{2ef4faaa ActivityRecord{16129995 u0 com.bric.kagdatabkt/.MainActivity t28728}}} to stack=1 task=28728 at 0
11-29 13:19:53.853 D/PowerManagerService(30117): to showLogHandlerThread quit!
11-29 13:19:53.863 I/ViewRootImpl(30117): CPU Rendering VSync enable = true
11-29 13:19:53.863 D/ZLauncher3(  478): IconTest, Launcher onPause()
11-29 13:19:53.863 D/ZLauncher3(  478): Launcher.DragController, cancelDrag 1,mDragging=false
11-29 13:19:53.863 D/ZLauncher3(  478): Launcher.DragController, cancelDrag 2,mDragObject.dragSourcecom.android.launcher3.Workspace{4c63cb1 V.ED...L .......D -2667,-2247-3747,4167 #7f0e0036 app:id/workspace}
11-29 13:19:53.863 D/ZLauncher3(  478): Launcher.DragController, cancelDrag 3,mLastDropTargetnull
11-29 13:19:53.863 E/ImeManager(30117): System would not have a null focused window on display;0
11-29 13:19:53.863 V/WindowManager(30117): Adding window Window{1bce3502 u0 Starting com.bric.kagdatabkt} at 8 of 12 (after Window{39c32d97 u0 com.UCMobile/com.uc.browser.InnerUCMobile})
11-29 13:19:53.873 I/PMFunc  (12479): prepare 0 com.bric.kagdatabkt
11-29 13:19:53.873 I/art     (12479): Late-enabling -Xcheck:jni
11-29 13:19:53.883 I/ActivityManager(30117): Start proc 12479:com.bric.kagdatabkt/u0a452 for activity com.bric.kagdatabkt/.MainActivity
11-29 13:19:53.913 D/ZLauncher3(  478): Launcher, onStop
11-29 13:19:53.923 W/ContextImpl(30117): Calling a method in the system process without a qualified user: android.app.ContextImpl.sendBroadcast:1397 com.android.server.am.ActivityManagerService.sendActivityStackChangedIntent:20665 com.android.server.am.ActivityManagerService.addRecentTaskLocked:4304 com.android.server.am.ActivityStack.minimalResumeActivityLocked:699 com.android.server.am.ActivityStackSupervisor.realStartActivityLocked:1500 
11-29 13:19:53.943 D/FitAnimSurface(30117): nubia_start_app_transition  AppWindowToken{2c2ab69b token=Token{2ef4faaa ActivityRecord{16129995 u0 com.bric.kagdatabkt/.MainActivity t28728}}}
11-29 13:19:53.943 D/Ulp_jni (30117): JNI:In update_settings:currentContextType 0, currentGpsSetting 0, currentAgpsSetting 1,currentNetworkProvSetting 0,currentWifiSetting 1,currentBatteryCharging 0,currentEnhLocationServicesSetting 0 currentPipUserSetting 0 
11-29 13:19:53.943 D/Ulp_jni (30117): JNI:system_update. Event-4
11-29 13:19:53.953 D/FitAnimSurface(30117): nubia_start_app_transition  AppWindowToken{293a99a0 token=Token{103c22a3 ActivityRecord{29c7f1d2 u0 cn.nubia.launcher/com.android.launcher3.Launcher t27605}}}
11-29 13:19:53.953 D/Ulp_jni (30117): JNI:In update_settings:currentContextType 0, currentGpsSetting 0, currentAgpsSetting 1,currentNetworkProvSetting 0,currentWifiSetting 1,currentBatteryCharging 0,currentEnhLocationServicesSetting 0 currentPipUserSetting 0 
11-29 13:19:53.953 D/Ulp_jni (30117): JNI:system_update. Event-4
11-29 13:19:53.973 D/FitAnimSurface(30117): nubia_surface_first_show  Window{1bce3502 u0 Starting com.bric.kagdatabkt}
11-29 13:19:53.973 D/Ulp_jni (30117): JNI:In update_settings:currentContextType 0, currentGpsSetting 0, currentAgpsSetting 1,currentNetworkProvSetting 0,currentWifiSetting 1,currentBatteryCharging 0,currentEnhLocationServicesSetting 0 currentPipUserSetting 0 
11-29 13:19:53.973 D/Ulp_jni (30117): JNI:system_update. Event-4
11-29 13:19:54.143 D/StatusBar.MSimNetworkController(32128): onSignalStrengthsChanged received on phoneId :0 subid: 2signalStrength=SignalStrength: 99 0 -120 -160 -120 -1 -1 26 -90 -6 -184 2147483647 2147483647 gsm|lte level=4
11-29 13:19:54.153 D/StatusBar.MSimNetworkController(32128): onSignalStrengthsChanged received on phoneId :0 subid: 2signalStrength=SignalStrength: 99 0 -120 -160 -120 -1 -1 26 -90 -6 -184 2147483647 2147483647 gsm|lte level=4
11-29 13:19:54.223 D/SwipeUpService(32649): setting close
11-29 13:19:54.223 D/SwipeUpService(32649): multi-screen open
11-29 13:19:54.223 D/SwipeUpService(32649): in black list
11-29 13:19:54.223 D/SwipeUpService(32649): in boot tutorial
11-29 13:19:54.253 D/FitAnimSurface(30117): nubia_finish_app_transition  AppWindowToken{2c2ab69b token=Token{2ef4faaa ActivityRecord{16129995 u0 com.bric.kagdatabkt/.MainActivity t28728}}}
11-29 13:19:54.253 D/Ulp_jni (30117): JNI:In update_settings:currentContextType 0, currentGpsSetting 0, currentAgpsSetting 1,currentNetworkProvSetting 0,currentWifiSetting 1,currentBatteryCharging 0,currentEnhLocationServicesSetting 0 currentPipUserSetting 0 
11-29 13:19:54.253 D/Ulp_jni (30117): JNI:system_update. Event-4
11-29 13:19:54.253 D/FitAnimSurface(30117): nubia_finish_app_transition  AppWindowToken{293a99a0 token=Token{103c22a3 ActivityRecord{29c7f1d2 u0 cn.nubia.launcher/com.android.launcher3.Launcher t27605}}}
11-29 13:19:54.253 D/Ulp_jni (30117): JNI:In update_settings:currentContextType 0, currentGpsSetting 0, currentAgpsSetting 1,currentNetworkProvSetting 0,currentWifiSetting 1,currentBatteryCharging 0,currentEnhLocationServicesSetting 0 currentPipUserSetting 0 
11-29 13:19:54.253 D/Ulp_jni (30117): JNI:system_update. Event-4
11-29 13:19:54.273 E/AVGFPS  (  403): cn.nubia.launcher/com.android.launcher3.Launcher b- nAvgNum= 28 avgtime=17315638.00 fps=57.75
11-29 13:19:54.273 E/AVGFPS  (  403): cn.nubia.launcher/com.android.launcher3.Launcher b- nAvgNum= 18 avgtime=16695559.00 fps=59.90
11-29 13:19:54.433 I/InstantRun(12479): starting instant run server: is main process
11-29 13:19:54.433 W/ActivityManager(30117): getRunningAppProcesses: caller 10452 does not hold REAL_GET_TASKS; limiting output
11-29 13:19:54.483 W/DeviceId(12479): galaxy lib host missing meta-data,make sure you know the right way to integrate galaxy
11-29 13:19:54.483 W/DeviceId(12479): galaxy lib host missing meta-data,make sure you know the right way to integrate galaxy
11-29 13:19:54.483 W/DeviceId(12479): galaxy lib host missing meta-data,make sure you know the right way to integrate galaxy
11-29 13:19:54.503 I/BaiduApiAuth(12479): BaiduApiAuth SDK Version:1.0.20
11-29 13:19:54.513 D/phoneInfo(12479): mAppSysOSAPI not null
11-29 13:19:54.513 D/phoneInfo(12479): Bundle[{screen_x=1080, screen_y=1920, mb=NX529J, os=Android22, sv=4.4.1, cpu=, glr=, glv=, net=0, pcn=com.bric.kagdatabkt, cuid=46C6BD6764042242F5F38EFBE55F0D37|571495520464968, dpi_x=480, dpi_y=480, resid=02, channel=baidu, signature=[B@2bb808c2}]
11-29 13:19:54.513 W/ActivityManager(30117): getRunningAppProcesses: caller 10452 does not hold REAL_GET_TASKS; limiting output
11-29 13:19:54.513 W/ActivityManager(30117): getRunningAppProcesses: caller 10452 does not hold REAL_GET_TASKS; limiting output
11-29 13:19:54.513 W/ActivityManager(30117): getRunningAppProcesses: caller 10452 does not hold REAL_GET_TASKS; limiting output
11-29 13:19:54.513 W/ActivityManager(30117): getRunningAppProcesses: caller 10452 does not hold REAL_GET_TASKS; limiting output
11-29 13:19:54.523 I/nubialog(12479): DispatchMessage in MainLooper, delay:593ms msg:{ when=-613ms what=110 obj=AppBindData{appInfo=ApplicationInfo{381306d3 com.bric.kagdatabkt}} target=android.app.ActivityThread$H }
11-29 13:19:54.703 W/linker  (12479): libnative-lib.so: unused DT entry: type 0x6ffffffe arg 0x4b4
11-29 13:19:54.703 W/linker  (12479): libnative-lib.so: unused DT entry: type 0x6fffffff arg 0x1
11-29 13:19:54.703 D/keymatch(12479): 我要看到的调试信息^_^测试字符串传递测试字符传长度的咖啡机的积分多久放假多久可靠的房间大家分开的饭局递交上快圣诞节疯狂的房间ｄｆ
11-29 13:19:54.703 D/keymatch(12479): 我要看到的调试信息^_^i=10
11-29 13:19:54.703 D/keymatch(12479): 我要看到的调试信息^_^j=1
11-29 13:19:54.703 V/keymatch(12479): 11
11-29 13:19:54.723 I/ViewRootImpl(12479): CPU Rendering VSync enable = true
11-29 13:19:54.723 D/OpenGLRenderer(12479): Use EGL_SWAP_BEHAVIOR_PRESERVED: true
11-29 13:19:54.723 V/WindowManager(30117): Adding window Window{2399625a u0 com.bric.kagdatabkt/com.bric.kagdatabkt.MainActivity} at 8 of 13 (before Window{1bce3502 u0 Starting com.bric.kagdatabkt})
11-29 13:19:54.733 I/supersnapshot(30117): current activity: clazzName: com.bric.kagdatabkt.MainActivity pkgName: com.bric.kagdatabkt
11-29 13:19:54.733 W/ActivityManager(30117): Unable to start service Intent { cmp=com.bric.kagdatabkt/com.baidu.location.f (has extras) } U=0: not found
11-29 13:19:54.773 I/Adreno  (12479): QUALCOMM build                   : 4e65137, I041b18199e
11-29 13:19:54.773 I/Adreno  (12479): Build Date                       : 01/21/16
11-29 13:19:54.773 I/Adreno  (12479): OpenGL ES Shader Compiler Version: XE031.05.11.05
11-29 13:19:54.773 I/Adreno  (12479): Local Branch                     : 
11-29 13:19:54.773 I/Adreno  (12479): Remote Branch                    : 
11-29 13:19:54.773 I/Adreno  (12479): Remote Branch                    : 
11-29 13:19:54.773 I/Adreno  (12479): Reconstruct Branch               : 
11-29 13:19:54.783 I/OpenGLRenderer(12479): Initialized EGL, version 1.4
11-29 13:19:54.783 D/OpenGLRenderer(12479): Enabling debug mode 0
11-29 13:19:54.873 I/libGameXtend(12479): LUCID_1 (1511932794884) PowerXtend identified application start. Package name: com.bric.kagdatabkt. Application is handled by GameXtend
11-29 13:19:54.893 I/libGameXtend(12479): LUCID_1 (1511932794900) GameXtend is currently running in Automatic mode
11-29 13:19:54.893 I/libGameXtend(12479): LUCID_1 (1511932794900) GameXtend is currently running in no_save Save power state. 
11-29 13:19:54.893 I/libGameXtend(12479): LUCID_1 (1511932794900) com.bric.kagdatabkt is currently running with GameXtend, with PS parameter = 1. , ICE is not supported. PS parameter source is PowerXtend configuration
11-29 13:19:54.893 I/libGameXtend(12479): LUCID_1 (1511932794900) PowerXtend touch feature is not active
11-29 13:19:54.893 I/libPowerStretch(12479): LUCID_1 (1511932794900) PowerXtend Common Architecture Integration Call - libinput.so
11-29 13:19:54.903 I/NubiaPush( 3887): connect onOpen 
11-29 13:19:54.903 W/ContextImpl( 3887): Calling a method in the system process without a qualified user: android.app.ContextImpl.startService:1762 android.content.ContextWrapper.startService:516 cn.nubia.neopush.a.e.a:762 cn.nubia.neopush.a.e.f:44 cn.nubia.neopush.a.e$2.a:405 
11-29 13:19:54.903 D/ActivityManager(30117): target_pkg = cn.nubia.neopush, target_process = cn.nubia.neopush
11-29 13:19:54.903 D/ActivityManager(30117): start service caller PID =3887, UID = 1000, callerPkgList = {cn.nubia.neopush=com.android.internal.app.ProcessStats$ProcessStateHolder@396364cf}, service_name = ComponentInfo{cn.nubia.neopush/cn.nubia.neopush.service.NeoPushService}
11-29 13:19:54.983 I/ActivityManager(30117): Displayed com.bric.kagdatabkt/.MainActivity: +1s117ms
11-29 13:19:54.983 I/Timeline(30117): Timeline: Activity_windows_visible id: ActivityRecord{16129995 u0 com.bric.kagdatabkt/.MainActivity t28728} time:428062126
11-29 13:19:55.013 D/FitAnimSurface(30117): nubia_surface_first_show  Window{2399625a u0 com.bric.kagdatabkt/com.bric.kagdatabkt.MainActivity}
11-29 13:19:55.013 D/Ulp_jni (30117): JNI:In update_settings:currentContextType 0, currentGpsSetting 0, currentAgpsSetting 1,currentNetworkProvSetting 0,currentWifiSetting 1,currentBatteryCharging 0,currentEnhLocationServicesSetting 0 currentPipUserSetting 0 
11-29 13:19:55.013 D/Ulp_jni (30117): JNI:system_update. Event-4
11-29 13:19:55.073 W/art     (12479): Before Android 4.1, method android.graphics.PorterDuffColorFilter android.support.graphics.drawable.VectorDrawableCompat.updateTintFilter(android.graphics.PorterDuffColorFilter, android.content.res.ColorStateList, android.graphics.PorterDuff$Mode) would have incorrectly overridden the package-private method in android.graphics.drawable.Drawable
11-29 13:19:55.373 I/nubialog(12479): DispatchMessage in MainLooper, delay:368ms msg:{ when=-437ms callback=android.support.v4.app.FragmentManagerImpl$1 target=android.support.v4.app.FragmentActivity$1 }
11-29 13:19:55.373 V/RootApplication(12479): time : 2017-11-29 13:19:54
11-29 13:19:55.373 V/RootApplication(12479): locType : 161
11-29 13:19:55.373 V/RootApplication(12479): locType description : NetWork location successful!
11-29 13:19:55.373 V/RootApplication(12479): latitude : 31.440426
11-29 13:19:55.373 V/RootApplication(12479): lontitude : 120.695031
11-29 13:19:55.373 V/RootApplication(12479): radius : 40.0
11-29 13:19:55.373 V/RootApplication(12479): CountryCode : 0
11-29 13:19:55.373 V/RootApplication(12479): Country : 中国
11-29 13:19:55.373 V/RootApplication(12479): citycode : 224
11-29 13:19:55.373 V/RootApplication(12479): city : 苏州市
11-29 13:19:55.373 V/RootApplication(12479): District : 相城区
11-29 13:19:55.373 V/RootApplication(12479): Street : 聚金路
11-29 13:19:55.373 V/RootApplication(12479): addr : 中国江苏省苏州市相城区聚金路
11-29 13:19:55.373 V/RootApplication(12479): UserIndoorState: 1
11-29 13:19:55.373 V/RootApplication(12479): Direction(not all devices have value): -1.0
11-29 13:19:55.373 V/RootApplication(12479): locationdescribe: 在江苏国家数字出版基地附近
11-29 13:19:55.373 V/RootApplication(12479): Poi: 江苏国家数字出版基地;阳澄湖数字文化创意产业园A区;新太平人计生服务驿站;中国工商银行(苏州太平支行);聚金路职工公寓;
11-29 13:19:55.373 V/RootApplication(12479): operationers : 0
11-29 13:19:55.373 V/RootApplication(12479): describe : 网络定位成功
11-29 13:19:55.413 D/OkHttp  (12479): --> POST http://118.190.66.64:10001/api4Datas/get_supplier_carousels http/1.1
11-29 13:19:55.413 D/OkHttp  (12479): Content-Type: application/x-www-form-urlencoded
11-29 13:19:55.423 I/Timeline(12479): Timeline: Activity_idle id: android.os.BinderProxy@2ffb4ac3 time:428062567
11-29 13:19:55.423 D/OkHttp  (12479): Content-Length: 13
11-29 13:19:55.433 D/OkHttp  (12479): access_token=
11-29 13:19:55.433 D/OkHttp  (12479): --> END POST (13-byte body)
11-29 13:19:55.543 D/TaskPersister(30117): removeObsoleteFile: deleting file=28710_task.xml
11-29 13:19:55.543 D/TaskPersister(30117): removeObsoleteFile: deleting file=28710_task_thumbnail.png
11-29 13:19:55.603 D/OkHttp  (12479): <-- 200 OK http://118.190.66.64:10001/api4Datas/get_supplier_carousels (174ms)
11-29 13:19:55.603 D/OkHttp  (12479): Date: Wed, 29 Nov 2017 05:19:54 GMT
11-29 13:19:55.603 D/OkHttp  (12479): Server: Apache/2.4.7 (Ubuntu)
11-29 13:19:55.603 D/OkHttp  (12479): X-Powered-By: PHP/5.5.9-1ubuntu4.22
11-29 13:19:55.603 D/OkHttp  (12479): Vary: Accept-Encoding
11-29 13:19:55.603 D/OkHttp  (12479): Keep-Alive: timeout=5, max=100
11-29 13:19:55.603 D/OkHttp  (12479): Connection: Keep-Alive
11-29 13:19:55.603 D/OkHttp  (12479): Content-Type: text/html
11-29 13:19:55.603 D/OkHttp  (12479): {"success":0,"message":"\u6210\u529f","data":[{"SupplierCarousel":[{"file_url":"http:\/\/118.190.66.64:10003\/files\/pics\/SupplierCarousel\/15081182200001.png"},{"file_url":"http:\/\/118.190.66.64:10003\/files\/pics\/SupplierCarousel\/15081182380002.png"},{"file_url":"http:\/\/118.190.66.64:10003\/files\/pics\/SupplierCarousel\/15081182470003.png"}]}]}
11-29 13:19:55.603 D/OkHttp  (12479): <-- END HTTP (355-byte body)
11-29 13:19:55.673 W/Settings(12479): Setting airplane_mode_on has moved from android.provider.Settings.System to android.provider.Settings.Global, returning read-only value.
11-29 13:19:56.323 W/SQLiteConnectionPool(29723): A SQLiteConnection object for database '/data/misc/SelfHost/RIDL.db' was leaked!  Please fix your application to end transactions in progress properly and to close the database when it is no longer needed.
11-29 13:19:56.323 W/SQLiteConnectionPool(29723): A SQLiteConnection object for database '/data/misc/SelfHost/RIDL.db' was leaked!  Please fix your application to end transactions in progress properly and to close the database when it is no longer needed.
11-29 13:19:56.383 D/wpa_supplicant(32242): wlan0: Control interface command 'SIGNAL_POLL'
11-29 13:19:56.703 D/StatusBar.MSimNetworkController(32128): onSignalStrengthsChanged received on phoneId :0 subid: 2signalStrength=SignalStrength: 99 0 -120 -160 -120 -1 -1 26 -90 -6 -184 2147483647 2147483647 gsm|lte level=4
11-29 13:19:56.773 D/Ulp_jni (30117): Location CB invoked
11-29 13:19:56.773 D/PowerManagerService(30117): to showLogHandlerThread quit!
11-29 13:19:56.773 D/PowerManagerService(30117): to showLogHandlerThread quit!
11-29 13:19:56.773 D/PowerManagerService(30117): to showLogHandlerThread quit!
11-29 13:19:56.783 D/PowerManagerService(30117): to showLogHandlerThread quit!
11-29 13:19:56.783 D/PowerManagerService(30117): to showLogHandlerThread quit!
11-29 13:19:56.783 D/PowerManagerService(30117): to showLogHandlerThread quit!
11-29 13:19:57.203 D/StatusBar.MSimNetworkController(32128): refreshViews connected={ wifi } level=4 mMSimcombinedSignalIconId=0x7f0201c4/com.android.systemui:drawable/stat_sys_wifi_signal_png_4_fully mMSimcombinedActivityIconId=0x0 mAirplaneMode=false mMSimDataActivity=0 mMSimPhoneSignalIconId=0x7f0201b1/com.android.systemui:drawable/stat_sys_signal_4 mMSimDataDirectionIconId=0x0 mMSimDataSignalIconId=0x7f0201b1 mMSimDataTypeIconId=0x0/(null) mNoMSimIconId=0x0/(null) mMSimMobileActivityIconId=0x0/(null) mWifiIconId=0x7f0201c4 mBluetoothTetherIconId=0x108069f
11-29 13:19:57.643 I/Timeline(12479): Timeline: Activity_launch_request id:com.bric.kagdatabkt time:428064788
11-29 13:19:57.643 I/ActivityManager(30117): START u0 {cmp=com.bric.kagdatabkt/.LoginMainActivity} from uid 10452 on display 0
11-29 13:19:57.653 V/WindowManager(30117): addAppToken: AppWindowToken{ccbf203 token=Token{2e41e2b2 ActivityRecord{6317cbd u0 com.bric.kagdatabkt/.LoginMainActivity t28728}}} to stack=1 task=28728 at 1
11-29 13:19:57.663 D/PowerManagerService(30117): to showLogHandlerThread quit!
11-29 13:19:57.663 E/ImeManager(30117): System would not have a null focused window on display;0
11-29 13:19:57.773 I/art     (12479): Background sticky concurrent mark sweep GC freed 4066(363KB) AllocSpace objects, 1(16KB) LOS objects, 7% free, 6MB/6MB, paused 11.730ms total 28.588ms
11-29 13:19:57.783 W/art     (12479): Suspending all threads took: 6.362ms
11-29 13:19:57.973 D/SwipeUpService(32649): setting close
11-29 13:19:57.973 D/SwipeUpService(32649): multi-screen open
11-29 13:19:57.973 D/SwipeUpService(32649): in black list
11-29 13:19:57.973 D/SwipeUpService(32649): in boot tutorial
11-29 13:19:57.983 D/StatusBar.MSimNetworkController(32128): onSignalStrengthsChanged received on phoneId :0 subid: 2signalStrength=SignalStrength: 99 0 -120 -160 -120 -1 -1 26 -90 -6 -184 2147483647 2147483647 gsm|lte level=4
11-29 13:19:57.993 I/ViewRootImpl(12479): CPU Rendering VSync enable = true
11-29 13:19:58.003 I/supersnapshot(30117): current activity: clazzName: com.bric.kagdatabkt.LoginMainActivity pkgName: com.bric.kagdatabkt
11-29 13:19:58.003 I/nubialog(12479): DispatchMessage in MainLooper, delay:325ms msg:{ when=-332ms what=100 obj=ActivityRecord{c7006e5 token=android.os.BinderProxy@1c7b95dc {com.bric.kagdatabkt/com.bric.kagdatabkt.LoginMainActivity}} target=android.app.ActivityThread$H }
11-29 13:19:58.003 V/WindowManager(30117): Adding window Window{2efe27b9 u0 com.bric.kagdatabkt/com.bric.kagdatabkt.LoginMainActivity} at 9 of 13 (after Window{2399625a u0 com.bric.kagdatabkt/com.bric.kagdatabkt.MainActivity})
11-29 13:19:58.043 I/libGameXtend(12479): LUCID_1 (1511932798056) GameXtend is currently running in Automatic mode
11-29 13:19:58.043 I/libGameXtend(12479): LUCID_1 (1511932798056) GameXtend is currently running in no_save Save power state. 
11-29 13:19:58.043 I/libGameXtend(12479): LUCID_1 (1511932798057) com.bric.kagdatabkt is currently running with GameXtend, with PS parameter = 1. , ICE is not supported. PS parameter source is PowerXtend configuration
11-29 13:19:58.043 I/libGameXtend(12479): LUCID_1 (1511932798057) PowerXtend touch feature is not active
11-29 13:19:58.293 D/FitAnimSurface(30117): nubia_start_app_transition  AppWindowToken{ccbf203 token=Token{2e41e2b2 ActivityRecord{6317cbd u0 com.bric.kagdatabkt/.LoginMainActivity t28728}}}
11-29 13:19:58.303 D/Ulp_jni (30117): JNI:In update_settings:currentContextType 0, currentGpsSetting 0, currentAgpsSetting 1,currentNetworkProvSetting 0,currentWifiSetting 1,currentBatteryCharging 0,currentEnhLocationServicesSetting 0 currentPipUserSetting 0 
11-29 13:19:58.303 D/Ulp_jni (30117): JNI:system_update. Event-4
11-29 13:19:58.303 D/FitAnimSurface(30117): nubia_start_app_transition  AppWindowToken{2c2ab69b token=Token{2ef4faaa ActivityRecord{16129995 u0 com.bric.kagdatabkt/.MainActivity t28728}}}
11-29 13:19:58.303 D/Ulp_jni (30117): JNI:In update_settings:currentContextType 0, currentGpsSetting 0, currentAgpsSetting 1,currentNetworkProvSetting 0,currentWifiSetting 1,currentBatteryCharging 0,currentEnhLocationServicesSetting 0 currentPipUserSetting 0 
11-29 13:19:58.303 D/Ulp_jni (30117): JNI:system_update. Event-4
11-29 13:19:58.313 D/FitAnimSurface(30117): nubia_surface_first_show  Window{2efe27b9 u0 com.bric.kagdatabkt/com.bric.kagdatabkt.LoginMainActivity}
11-29 13:19:58.313 D/Ulp_jni (30117): JNI:In update_settings:currentContextType 0, currentGpsSetting 0, currentAgpsSetting 1,currentNetworkProvSetting 0,currentWifiSetting 1,currentBatteryCharging 0,currentEnhLocationServicesSetting 0 currentPipUserSetting 0 
11-29 13:19:58.313 D/Ulp_jni (30117): JNI:system_update. Event-4
11-29 13:19:58.313 I/ActivityManager(30117): Displayed com.bric.kagdatabkt/.LoginMainActivity: +643ms
11-29 13:19:58.363 I/Timeline(12479): Timeline: Activity_idle id: android.os.BinderProxy@1c7b95dc time:428065509
11-29 13:19:58.493 D/FitAnimSurface(30117): nubia_finish_app_transition  AppWindowToken{2c2ab69b token=Token{2ef4faaa ActivityRecord{16129995 u0 com.bric.kagdatabkt/.MainActivity t28728}}}
11-29 13:19:58.493 D/Ulp_jni (30117): JNI:In update_settings:currentContextType 0, currentGpsSetting 0, currentAgpsSetting 1,currentNetworkProvSetting 0,currentWifiSetting 1,currentBatteryCharging 0,currentEnhLocationServicesSetting 0 currentPipUserSetting 0 
11-29 13:19:58.493 D/Ulp_jni (30117): JNI:system_update. Event-4
11-29 13:19:58.503 E/AVGFPS  (  403): com.bric.kagdatabkt/com.bric.kagdatabkt.MainActivity b- nAvgNum=  3 avgtime=16601007.00 fps=60.24
11-29 13:19:58.503 E/AVGFPS  (  403): com.bric.kagdatabkt/com.bric.kagdatabkt.MainActivity b- nAvgNum=  4 avgtime=16708438.00 fps=59.85
11-29 13:19:58.613 D/FitAnimSurface(30117): nubia_finish_app_transition  AppWindowToken{ccbf203 token=Token{2e41e2b2 ActivityRecord{6317cbd u0 com.bric.kagdatabkt/.LoginMainActivity t28728}}}
11-29 13:19:58.623 I/Timeline(30117): Timeline: Activity_windows_visible id: ActivityRecord{6317cbd u0 com.bric.kagdatabkt/.LoginMainActivity t28728} time:428065760
11-29 13:19:58.623 D/Ulp_jni (30117): JNI:In update_settings:currentContextType 0, currentGpsSetting 0, currentAgpsSetting 1,currentNetworkProvSetting 0,currentWifiSetting 1,currentBatteryCharging 0,currentEnhLocationServicesSetting 0 currentPipUserSetting 0 
11-29 13:19:58.623 D/Ulp_jni (30117): JNI:system_update. Event-4
11-29 13:19:58.643 D/FitAnimSurface(30117): nubia_surface_first_show  Window{2efe27b9 u0 com.bric.kagdatabkt/com.bric.kagdatabkt.LoginMainActivity}
11-29 13:19:58.723 I/MSM-irqbalance(  671): Decided to move IRQ239 from CPU4 to CPU5
11-29 13:19:59.263 D/StatusBar.MSimNetworkController(32128): onSignalStrengthsChanged received on phoneId :0 subid: 2signalStrength=SignalStrength: 99 0 -120 -160 -120 -1 -1 26 -90 -5 -184 2147483647 2147483647 gsm|lte level=4
11-29 13:19:59.403 D/wpa_supplicant(32242): wlan0: Control interface command 'SIGNAL_POLL'
11-29 13:19:59.643 D/ActivityManager(30117): target_pkg = com.iflytek.inputmethod, target_process = com.iflytek.inputmethod
11-29 13:19:59.643 D/ActivityManager(30117): bindService caller Pid = 30117, Uid = 1000 callerApp.pkgList ={android=com.android.internal.app.ProcessStats$ProcessStateHolder@19c489b4, com.android.providers.settings=com.android.internal.app.ProcessStats$ProcessStateHolder@fdba9dd, com.android.server.telecom=com.android.internal.app.ProcessStats$ProcessStateHolder@3bb69904, com.dsi.ant.server=com.android.internal.app.ProcessStats$ProcessStateHolder@2b391fba, cn.nubia.forbid.selfstart.provider=com.android.internal.app.ProcessStats$ProcessStateHolder@2c36d952, com.qualcomm.location=com.android.internal.app.ProcessStats$ProcessStateHolder@5bd0ce0}, service_name = ComponentInfo{com.iflytek.inputmethod/com.iflytek.inputmethod.FlyIME}
11-29 13:19:59.993 D/PowerManagerService(30117): to showLogHandlerThread quit!
11-29 13:19:59.993 W/AlarmManager(30117): none no open power log
11-29 13:20:00.073 I/TrafficService(15554): current minute : 20
11-29 13:20:00.073 V/TrafficService(15554): traffic service run! Begin update traffic
11-29 13:20:00.083 D/ActivityManager(30117): target_pkg = cn.etouch.ecalendar, target_process = cn.etouch.ecalendar
11-29 13:20:00.083 D/ActivityManager(30117): start service caller PID =5973, UID = 10101, callerPkgList = {cn.etouch.ecalendar=com.android.internal.app.ProcessStats$ProcessStateHolder@2c4d48c}, service_name = ComponentInfo{cn.etouch.ecalendar/cn.etouch.ecalendar.service.NotificationService}
11-29 13:20:00.343 D/TrafficDatabaseHelper(15554): name=com.bric.kagdatabkt traffic=449006
11-29 13:20:00.343 D/TrafficDatabaseHelper(15554): name=cmb.pb traffic=0
11-29 13:20:00.343 D/TrafficDatabaseHelper(15554): name=com.bric.ncpjg traffic=0
11-29 13:20:00.343 D/TrafficDatabaseHelper(15554): name=com.tencent.reading traffic=0
11-29 13:20:00.343 D/TrafficDatabaseHelper(15554): name=com.tencent.mm traffic=4454146
11-29 13:20:00.343 D/TrafficDatabaseHelper(15554): name=com.qidian.QDReader traffic=0
11-29 13:20:00.343 D/TrafficDatabaseHelper(15554): name=com.sdu.didi.psnger traffic=3106937
11-29 13:20:00.343 D/TrafficDatabaseHelper(15554): name=com.zhaopin.social traffic=0
11-29 13:20:00.343 D/TrafficDatabaseHelper(15554): name=tv.ismar.daisy traffic=0
11-29 13:20:00.343 D/TrafficDatabaseHelper(15554): name=cn.etouch.ecalendar traffic=0
11-29 13:20:00.343 D/TrafficDatabaseHelper(15554): name=ydt.wujie traffic=7982539
11-29 13:20:00.343 D/TrafficDatabaseHelper(15554): name=com.ymt360.app.mass traffic=0
11-29 13:20:00.343 D/TrafficDatabaseHelper(15554): name=com.UCMobile traffic=15625333
11-29 13:20:00.343 D/TrafficDatabaseHelper(15554): name=com.tencent.mobileqq traffic=163619
11-29 13:20:00.343 D/TrafficDatabaseHelper(15554): name=com.gf.client traffic=0
11-29 13:20:00.343 D/TrafficDatabaseHelper(15554): name=com.baidu.BaiduMap traffic=169667
11-29 13:20:00.343 D/TrafficDatabaseHelper(15554): name=com.tencent.qqgame.qqhlupwvga traffic=0
11-29 13:20:00.343 D/TrafficDatabaseHelper(15554): name=com.taobao.idlefish traffic=0
11-29 13:20:00.343 D/TrafficDatabaseHelper(15554): name=com.iflytek.inputmethod traffic=53030973
11-29 13:20:00.343 D/TrafficDatabaseHelper(15554): name=com.job.android traffic=0
11-29 13:20:00.343 D/TrafficDatabaseHelper(15554): name=com.taobao.taobao traffic=1860944
11-29 13:20:00.343 D/TrafficDatabaseHelper(15554): name=com.eg.android.AlipayGphone traffic=1285712
11-29 13:20:00.883 I/Timeline(12479): Timeline: Activity_launch_request id:com.bric.kagdatabkt time:428068026
11-29 13:20:00.883 I/ActivityManager(30117): START u0 {cmp=com.bric.kagdatabkt/.RegisterActivity} from uid 10452 on display 0
11-29 13:20:00.893 V/WindowManager(30117): addAppToken: AppWindowToken{a9b7129 token=Token{14ceeb0 ActivityRecord{3c1d61f3 u0 com.bric.kagdatabkt/.RegisterActivity t28728}}} to stack=1 task=28728 at 1
11-29 13:20:00.893 D/PowerManagerService(30117): to showLogHandlerThread quit!
11-29 13:20:00.903 E/ImeManager(30117): System would not have a null focused window on display;0
11-29 13:20:00.983 I/ViewRootImpl(12479): CPU Rendering VSync enable = true
11-29 13:20:00.993 I/supersnapshot(30117): current activity: clazzName: com.bric.kagdatabkt.RegisterActivity pkgName: com.bric.kagdatabkt
11-29 13:20:00.993 V/WindowManager(30117): Adding window Window{1da22a4f u0 com.bric.kagdatabkt/com.bric.kagdatabkt.RegisterActivity} at 9 of 13 (after Window{2efe27b9 u0 com.bric.kagdatabkt/com.bric.kagdatabkt.LoginMainActivity})
11-29 13:20:01.053 I/libGameXtend(12479): LUCID_1 (1511932801065) GameXtend is currently running in Automatic mode
11-29 13:20:01.053 I/libGameXtend(12479): LUCID_1 (1511932801065) GameXtend is currently running in no_save Save power state. 
11-29 13:20:01.053 I/libGameXtend(12479): LUCID_1 (1511932801065) com.bric.kagdatabkt is currently running with GameXtend, with PS parameter = 1. , ICE is not supported. PS parameter source is PowerXtend configuration
11-29 13:20:01.053 I/libGameXtend(12479): LUCID_1 (1511932801065) PowerXtend touch feature is not active
11-29 13:20:01.103 I/ActivityManager(30117): Displayed com.bric.kagdatabkt/.RegisterActivity: +194ms
11-29 13:20:01.113 D/FitAnimSurface(30117): nubia_start_app_transition  AppWindowToken{a9b7129 token=Token{14ceeb0 ActivityRecord{3c1d61f3 u0 com.bric.kagdatabkt/.RegisterActivity t28728}}}
11-29 13:20:01.123 D/Ulp_jni (30117): JNI:In update_settings:currentContextType 0, currentGpsSetting 0, currentAgpsSetting 1,currentNetworkProvSetting 0,currentWifiSetting 1,currentBatteryCharging 0,currentEnhLocationServicesSetting 0 currentPipUserSetting 0 
11-29 13:20:01.123 D/Ulp_jni (30117): JNI:system_update. Event-4
11-29 13:20:01.123 D/FitAnimSurface(30117): nubia_start_app_transition  AppWindowToken{ccbf203 token=Token{2e41e2b2 ActivityRecord{6317cbd u0 com.bric.kagdatabkt/.LoginMainActivity t28728}}}
11-29 13:20:01.123 D/Ulp_jni (30117): JNI:In update_settings:currentContextType 0, currentGpsSetting 0, currentAgpsSetting 1,currentNetworkProvSetting 0,currentWifiSetting 1,currentBatteryCharging 0,currentEnhLocationServicesSetting 0 currentPipUserSetting 0 
11-29 13:20:01.123 D/Ulp_jni (30117): JNI:system_update. Event-4
11-29 13:20:01.143 D/FitAnimSurface(30117): nubia_surface_first_show  Window{1da22a4f u0 com.bric.kagdatabkt/com.bric.kagdatabkt.RegisterActivity}
11-29 13:20:01.143 D/Ulp_jni (30117): JNI:In update_settings:currentContextType 0, currentGpsSetting 0, currentAgpsSetting 1,currentNetworkProvSetting 0,currentWifiSetting 1,currentBatteryCharging 0,currentEnhLocationServicesSetting 0 currentPipUserSetting 0 
11-29 13:20:01.143 D/Ulp_jni (30117): JNI:system_update. Event-4
11-29 13:20:01.183 I/Timeline(12479): Timeline: Activity_idle id: android.os.BinderProxy@101380d2 time:428068329
11-29 13:20:01.203 D/StatusBar.MSimNetworkController(32128): refreshViews connected={ wifi } level=4 mMSimcombinedSignalIconId=0x7f0201c4/com.android.systemui:drawable/stat_sys_wifi_signal_png_4_fully mMSimcombinedActivityIconId=0x7f0201be mAirplaneMode=false mMSimDataActivity=0 mMSimPhoneSignalIconId=0x7f0201b1/com.android.systemui:drawable/stat_sys_signal_4 mMSimDataDirectionIconId=0x0 mMSimDataSignalIconId=0x7f0201b1 mMSimDataTypeIconId=0x0/(null) mNoMSimIconId=0x0/(null) mMSimMobileActivityIconId=0x0/(null) mWifiIconId=0x7f0201c4 mBluetoothTetherIconId=0x108069f
11-29 13:20:01.213 D/SwipeUpService(32649): setting close
11-29 13:20:01.213 D/SwipeUpService(32649): multi-screen open
11-29 13:20:01.213 D/SwipeUpService(32649): in black list
11-29 13:20:01.213 D/SwipeUpService(32649): in boot tutorial
11-29 13:20:01.303 D/ActivityManager(30117): target_pkg = com.UCMobile, target_process = com.UCMobile:channel
11-29 13:20:01.303 D/ActivityManager(30117): start service caller PID =10607, UID = 10096, callerPkgList = {com.UCMobile=com.android.internal.app.ProcessStats$ProcessStateHolder@c40350c}, service_name = ComponentInfo{com.UCMobile/com.taobao.accs.ChannelService}
11-29 13:20:01.303 D/ActivityManager(30117): target_pkg = com.UCMobile, target_process = com.UCMobile:channel
11-29 13:20:01.303 D/ActivityManager(30117): start service caller PID =10607, UID = 10096, callerPkgList = {com.UCMobile=com.android.internal.app.ProcessStats$ProcessStateHolder@c40350c}, service_name = ComponentInfo{com.UCMobile/com.uc.base.push.accs.AccsPushIntentService}
11-29 13:20:01.353 D/FitAnimSurface(30117): nubia_finish_app_transition  AppWindowToken{ccbf203 token=Token{2e41e2b2 ActivityRecord{6317cbd u0 com.bric.kagdatabkt/.LoginMainActivity t28728}}}
11-29 13:20:01.503 D/FitAnimSurface(30117): nubia_finish_app_transition  AppWindowToken{a9b7129 token=Token{14ceeb0 ActivityRecord{3c1d61f3 u0 com.bric.kagdatabkt/.RegisterActivity t28728}}}
11-29 13:20:01.503 D/Ulp_jni (30117): JNI:In update_settings:currentContextType 0, currentGpsSetting 0, currentAgpsSetting 1,currentNetworkProvSetting 0,currentWifiSetting 1,currentBatteryCharging 0,currentEnhLocationServicesSetting 0 currentPipUserSetting 0 
11-29 13:20:01.503 D/Ulp_jni (30117): JNI:system_update. Event-4
11-29 13:20:01.503 I/Timeline(30117): Timeline: Activity_windows_visible id: ActivityRecord{3c1d61f3 u0 com.bric.kagdatabkt/.RegisterActivity t28728} time:428068643
11-29 13:20:01.833 D/StatusBar.MSimNetworkController(32128): onSignalStrengthsChanged received on phoneId :0 subid: 2signalStrength=SignalStrength: 99 0 -120 -160 -120 -1 -1 26 -90 -5 -184 2147483647 2147483647 gsm|lte level=4
11-29 13:20:01.843 D/StatusBar.MSimNetworkController(32128): onSignalStrengthsChanged received on phoneId :0 subid: 2signalStrength=SignalStrength: 99 0 -120 -160 -120 -1 -1 26 -90 -5 -184 2147483647 2147483647 gsm|lte level=4
11-29 13:20:02.213 D/StatusBar.MSimNetworkController(32128): refreshViews connected={ wifi } level=4 mMSimcombinedSignalIconId=0x7f0201c4/com.android.systemui:drawable/stat_sys_wifi_signal_png_4_fully mMSimcombinedActivityIconId=0x0 mAirplaneMode=false mMSimDataActivity=0 mMSimPhoneSignalIconId=0x7f0201b1/com.android.systemui:drawable/stat_sys_signal_4 mMSimDataDirectionIconId=0x0 mMSimDataSignalIconId=0x7f0201b1 mMSimDataTypeIconId=0x0/(null) mNoMSimIconId=0x0/(null) mMSimMobileActivityIconId=0x0/(null) mWifiIconId=0x7f0201c4 mBluetoothTetherIconId=0x10806